################################################################################
#                                                                              #
#      IAR Universal Linker V4.60I/386                                         #
#                                                                              #
#           Link time     =  10/Jun/2013  23:04:10                             #
#           Target CPU    =  ARM                                               #
#           List file     =  "Z:\home\perk11\www\perk11.info\svn\SE\Indication #
#                             Of Call\Release\List\Indication of Call.map"     #
#           Output file 1 =  "Z:\home\perk11\www\perk11.info\svn\SE\Indication #
#                             Of Call\Release\Exe\Indication of Call.elf"      #
#                            Format: elf, variant: -ynpra                      #
#           Command line  =  "Z:\home\perk11\www\perk11.info\svn\SE\Indication #
#                             Of Call\Release\Obj\Indication of Call.r79"      #
#                            "Z:\home\perk11\www\perk11.info\svn\SE\Indication #
#                             Of Call\Release\Obj\_cpp2.r79"                   #
#                            "Z:\home\perk11\www\perk11.info\svn\SE\Indication #
#                             Of Call\Release\Obj\conf_loader.r79"             #
#                            "Z:\home\perk11\www\perk11.info\svn\SE\Indication #
#                             Of Call\Release\Obj\config_data.r79"             #
#                            "Z:\home\perk11\www\perk11.info\svn\SE\Indication #
#                             Of Call\Release\Obj\func.r79"                    #
#                            -o                                                #
#                            "Z:\home\perk11\www\perk11.info\svn\SE\Indication #
#                             Of Call\Release\Exe\Indication of Call.elf"      #
#                            -Felf -l                                          #
#                            "Z:\home\perk11\www\perk11.info\svn\SE\Indication #
#                             Of Call\Release\List\Indication of Call.map"     #
#                            -xms -f                                           #
#                            "Z:\home\perk11\www\perk11.info\svn\SE\Indication #
#                             Of Call\..\include\1.xcl"                        #
#                            (-carm -ynpra -V(CODE)CODE_AREA,12                #
#                            -V(DATA)DATA_AREA,12                              #
#                            -Z(CODE_AREA)ELFBEGIN,DATA_ID,START,CODE,DATA_C,I #
#                            NITTAB,DATA_Z,DATA_N,CONFIG_C,DYN_CONST,DYN_CONST #
#                            _DESC,DYN_PAGE,DYN_PAGE_DESC=0-FFFFFFFF           #
#                            -Z(DATA_AREA)DATA_I=0-FFFFFFFF)                   #
#                            Z:\home\perk11\IAR2\arm\LIB\dl5tpainl8n.r79 -s    #
#                            main                                              #
#                                                                              #
#                        Copyright 1987-2007 IAR Systems. All rights reserved. #
################################################################################





                ****************************************
                *                                      *
                *           CROSS REFERENCE            *
                *                                      *
                ****************************************

       Program entry at : CODE_AREA 000013B4  Relocatable, from module : Indication of Call




                ****************************************
                *                                      *
                *            RUNTIME MODEL             *
                *                                      *
                ****************************************

  ARMv4M                 = USED
  ARMv4T                 = USED
  ARMv5T                 = USED
  StackAlign4            = USED
  __cpu_mode             = __pcs__interwork
  __data_model           = absolute
  __dlib_file_descriptor = 1
  __endian               = little
  __rt_version           = 6



                ****************************************
                *                                      *
                *              MODULE MAP              *
                *                                      *
                ****************************************


  DEFINED ABSOLUTE ENTRIES
    *************************************************************************

  DEFINED ABSOLUTE ENTRIES
    *************************************************************************

  FILE NAME : Z:\home\perk11\www\perk11.info\svn\SE\Indication Of Call\Release\Obj\Indication of Call.r79
  PROGRAM MODULE, NAME : Indication of Call

  SEGMENTS IN THE MODULE
  ======================
DATA_I
  Relative segment, address: DATA_AREA 00000000 - 0000003B (0x3c bytes), align: 2
  Segment part 6.             Intra module refs:   Segment part 51
                                                   Segment part 62
                                                   Segment part 68
                                                   onVibraMinuteTimer(u16, LPARAM)
           ENTRY                   ADDRESS         REF BY
           =====                   =======         ======
           LED                     00000028 
           LED580                  0000002C 
           LEDControl_W580         00000018 
           LEDnum                  00000030 
           REDLED                  00000024 
           connect                 00000038 
           incom                   00000034 
           lamp                    0000001C 
           muteTimer               00000016 
           offtimer                0000000C 
           offtimerLED             00000010 
           offtimerREDLED          0000000E 
           offtimerScreen          00000012 
           rejectTimer             00000014 
           screen                  00000020 
           timerFlash              00000000 
           timerLED                00000004 
           timerREDLED             00000002 
           timerScreen             00000006 
           vibraNminutetimer       0000000A 
           vibraminutetimer        00000008 
    -------------------------------------------------------------------------
DATA_I
  Relative segment, address: DATA_AREA 0000003C - 00000057 (0x1c bytes), align: 2
  Segment part 8.             Intra module refs:   Segment part 90
    -------------------------------------------------------------------------
CODE
  Relative segment, address: CODE_AREA 00000060 - 0000008B (0x2c bytes), align: 2
  Segment part 14.            Intra module refs:   Segment part 19
           ENTRY                   ADDRESS         REF BY
           =====                   =======         ======
           isMTCallBook(BOOK *)    00000060 
               stack 1 = 00000000 ( 00000004 )
    -------------------------------------------------------------------------
CODE
  Relative segment, address: CODE_AREA 0000008C - 000000A7 (0x1c bytes), align: 2
  Segment part 16.            Intra module refs:   OnCallManagerEvent(void *, BOOK *)
           ENTRY                   ADDRESS         REF BY
           =====                   =======         ======
           onRejectTimer(u16, LPARAM)
                                   0000008C 
               stack 1 = 00000000 ( 00000004 )
    -------------------------------------------------------------------------
CODE
  Relative segment, address: CODE_AREA 000000A8 - 000000C3 (0x1c bytes), align: 2
  Segment part 18.            Intra module refs:   OnCallManagerEvent(void *, BOOK *)
           ENTRY                   ADDRESS         REF BY
           =====                   =======         ======
           onMuteTimer(u16, LPARAM)
                                   000000A8 
               stack 1 = 00000000 ( 00000004 )
    -------------------------------------------------------------------------
CODE
  Relative segment, address: CODE_AREA 000000C4 - 000000C7 (0x4 bytes), align: 2
  Segment part 19.            Intra module refs:   onMuteTimer(u16, LPARAM)
                                                   onRejectTimer(u16, LPARAM)
    -------------------------------------------------------------------------
CODE
  Relative segment, address: CODE_AREA 000000C8 - 00000167 (0xa0 bytes), align: 2
  Segment part 21.            Intra module refs:   Segment part 87
           ENTRY                   ADDRESS         REF BY
           =====                   =======         ======
           DisableUP(void *, BOOK *, PAGE_DESC *, LPARAM, u16)
                                   000000C8 
               stack 1 = 00000000 ( 0000000C )
    -------------------------------------------------------------------------
CODE
  Relative segment, address: CODE_AREA 00000168 - 00000207 (0xa0 bytes), align: 2
  Segment part 23.            Intra module refs:   Segment part 89
           ENTRY                   ADDRESS         REF BY
           =====                   =======         ======
           DisableDOWN(void *, BOOK *, PAGE_DESC *, LPARAM, u16)
                                   00000168 
               stack 1 = 00000000 ( 0000000C )
    -------------------------------------------------------------------------
CODE
  Relative segment, address: CODE_AREA 00000208 - 0000020B (0x4 bytes), align: 2
  Segment part 24.            Intra module refs:   DisableDOWN(void *, BOOK *, PAGE_DESC *, LPARAM, u16)
                                                   DisableUP(void *, BOOK *, PAGE_DESC *, LPARAM, u16)
    -------------------------------------------------------------------------
CODE
  Relative segment, address: CODE_AREA 0000020C - 0000020F (0x4 bytes), align: 2
  Segment part 25.            Intra module refs:   DisableDOWN(void *, BOOK *, PAGE_DESC *, LPARAM, u16)
                                                   DisableUP(void *, BOOK *, PAGE_DESC *, LPARAM, u16)
    -------------------------------------------------------------------------
CODE
  Relative segment, address: CODE_AREA 00000210 - 00000213 (0x4 bytes), align: 2
  Segment part 26.            Intra module refs:   DisableDOWN(void *, BOOK *, PAGE_DESC *, LPARAM, u16)
                                                   DisableUP(void *, BOOK *, PAGE_DESC *, LPARAM, u16)
    -------------------------------------------------------------------------
CODE
  Relative segment, address: CODE_AREA 00000214 - 00000217 (0x4 bytes), align: 2
  Segment part 27.            Intra module refs:   DisableDOWN(void *, BOOK *, PAGE_DESC *, LPARAM, u16)
                                                   DisableUP(void *, BOOK *, PAGE_DESC *, LPARAM, u16)
    -------------------------------------------------------------------------
CODE
  Relative segment, address: CODE_AREA 00000218 - 00000243 (0x2c bytes), align: 2
  Segment part 29.            Intra module refs:   DisableDOWN(void *, BOOK *, PAGE_DESC *, LPARAM, u16)
                                                   DisableUP(void *, BOOK *, PAGE_DESC *, LPARAM, u16)
                                                   OnCallManagerEvent(void *, BOOK *)
                                                   Segment part 72
                                                   bookOnDestroy(BOOK *)
           ENTRY                   ADDRESS         REF BY
           =====                   =======         ======
           offTimerFlash(u16, LPARAM)
                                   00000218 
               stack 1 = 00000000 ( 00000008 )
    -------------------------------------------------------------------------
CODE
  Relative segment, address: CODE_AREA 00000244 - 00000277 (0x34 bytes), align: 2
  Segment part 31.            Intra module refs:   DisableDOWN(void *, BOOK *, PAGE_DESC *, LPARAM, u16)
                                                   DisableUP(void *, BOOK *, PAGE_DESC *, LPARAM, u16)
                                                   OnCallManagerEvent(void *, BOOK *)
                                                   Segment part 71
                                                   bookOnDestroy(BOOK *)
           ENTRY                   ADDRESS         REF BY
           =====                   =======         ======
           offTimerREDLED(u16, LPARAM)
                                   00000244 
               stack 1 = 00000000 ( 0000000C )
    -------------------------------------------------------------------------
CODE
  Relative segment, address: CODE_AREA 00000278 - 00000347 (0xd0 bytes), align: 2
  Segment part 33.            Intra module refs:   DisableDOWN(void *, BOOK *, PAGE_DESC *, LPARAM, u16)
                                                   DisableUP(void *, BOOK *, PAGE_DESC *, LPARAM, u16)
                                                   OnCallManagerEvent(void *, BOOK *)
                                                   Segment part 70
                                                   bookOnDestroy(BOOK *)
           ENTRY                   ADDRESS         REF BY
           =====                   =======         ======
           offTimerLED(u16, LPARAM)
                                   00000278 
               stack 1 = 00000000 ( 00000028 )
    -------------------------------------------------------------------------
CODE
  Relative segment, address: CODE_AREA 00000348 - 0000037F (0x38 bytes), align: 2
  Segment part 35.            Intra module refs:   DisableDOWN(void *, BOOK *, PAGE_DESC *, LPARAM, u16)
                                                   DisableUP(void *, BOOK *, PAGE_DESC *, LPARAM, u16)
                                                   OnCallManagerEvent(void *, BOOK *)
                                                   Segment part 69
                                                   bookOnDestroy(BOOK *)
           ENTRY                   ADDRESS         REF BY
           =====                   =======         ======
           offTimerScreen(u16, LPARAM)
                                   00000348 
               stack 1 = 00000000 ( 00000008 )
    -------------------------------------------------------------------------
CODE
  Relative segment, address: CODE_AREA 00000380 - 000003CF (0x50 bytes), align: 2
  Segment part 37.            Intra module refs:   Segment part 38
                                                   Segment part 76
           ENTRY                   ADDRESS         REF BY
           =====                   =======         ======
           onVibraMinuteTimer(u16, LPARAM)
                                   00000380 
               stack 1 = 00000000 ( 00000004 )
    -------------------------------------------------------------------------
CODE
  Relative segment, address: CODE_AREA 000003D0 - 000003D3 (0x4 bytes), align: 2
  Segment part 38.            Intra module refs:   onVibraMinuteTimer(u16, LPARAM)
    -------------------------------------------------------------------------
CODE
  Relative segment, address: CODE_AREA 000003D4 - 00000407 (0x34 bytes), align: 2
  Segment part 40.            Intra module refs:   OnCallManagerEvent(void *, BOOK *)
           ENTRY                   ADDRESS         REF BY
           =====                   =======         ======
           onVibraNMinuteTimer(u16, LPARAM)
                                   000003D4 
               stack 1 = 00000000 ( 00000004 )
    -------------------------------------------------------------------------
CODE
  Relative segment, address: CODE_AREA 00000408 - 00000467 (0x60 bytes), align: 2
  Segment part 42.            Intra module refs:   Segment part 67
           ENTRY                   ADDRESS         REF BY
           =====                   =======         ======
           onTimerFlash(u16, LPARAM)
                                   00000408 
               stack 1 = 00000000 ( 00000008 )
    -------------------------------------------------------------------------
CODE
  Relative segment, address: CODE_AREA 00000468 - 000004C7 (0x60 bytes), align: 2
  Segment part 44.            Intra module refs:   Segment part 77
           ENTRY                   ADDRESS         REF BY
           =====                   =======         ======
           onTimerREDLED(u16, LPARAM)
                                   00000468 
               stack 1 = 00000000 ( 00000010 )
    -------------------------------------------------------------------------
CODE
  Relative segment, address: CODE_AREA 000004C8 - 00000637 (0x170 bytes), align: 2
  Segment part 46.            Intra module refs:   Segment part 78
           ENTRY                   ADDRESS         REF BY
           =====                   =======         ======
           onTimerLED(u16, LPARAM)
                                   000004C8 
               stack 1 = 00000000 ( 00000030 )
    -------------------------------------------------------------------------
CODE
  Relative segment, address: CODE_AREA 00000638 - 0000063B (0x4 bytes), align: 2
  Segment part 47.            Intra module refs:   offTimerLED(u16, LPARAM)
                                                   onTimerLED(u16, LPARAM)
    -------------------------------------------------------------------------
CODE
  Relative segment, address: CODE_AREA 0000063C - 0000067B (0x40 bytes), align: 2
  Segment part 49.            Intra module refs:   Segment part 66
           ENTRY                   ADDRESS         REF BY
           =====                   =======         ======
           onTimerScreen(u16, LPARAM)
                                   0000063C 
               stack 1 = 00000000 ( 00000008 )
    -------------------------------------------------------------------------
CODE
  Relative segment, address: CODE_AREA 0000067C - 0000067F (0x4 bytes), align: 2
  Segment part 50.            Intra module refs:   offTimerScreen(u16, LPARAM)
                                                   onTimerScreen(u16, LPARAM)
    -------------------------------------------------------------------------
CODE
  Relative segment, address: CODE_AREA 00000680 - 00000683 (0x4 bytes), align: 2
  Segment part 51.            Intra module refs:   DisableDOWN(void *, BOOK *, PAGE_DESC *, LPARAM, u16)
                                                   DisableUP(void *, BOOK *, PAGE_DESC *, LPARAM, u16)
                                                   offTimerLED(u16, LPARAM)
                                                   offTimerREDLED(u16, LPARAM)
                                                   offTimerScreen(u16, LPARAM)
                                                   onTimerLED(u16, LPARAM)
                                                   onTimerREDLED(u16, LPARAM)
                                                   onTimerScreen(u16, LPARAM)
    -------------------------------------------------------------------------
CODE
  Relative segment, address: CODE_AREA 00000684 - 0000069F (0x1c bytes), align: 2
  Segment part 53.            Intra module refs:   Segment part 85
           ENTRY                   ADDRESS         REF BY
           =====                   =======         ======
           elf_exit()              00000684 
               stack 1 = 00000000 ( 00000004 )
    -------------------------------------------------------------------------
CODE
  Relative segment, address: CODE_AREA 000006A0 - 000007FF (0x160 bytes), align: 2
  Segment part 55.            Intra module refs:   main
           ENTRY                   ADDRESS         REF BY
           =====                   =======         ======
           bookOnDestroy(BOOK *)   000006A0 
               stack 1 = 00000000 ( 0000000C )
    -------------------------------------------------------------------------
CODE
  Relative segment, address: CODE_AREA 00000800 - 00000813 (0x14 bytes), align: 2
  Segment part 57.            Intra module refs:   Segment part 12
           ENTRY                   ADDRESS         REF BY
           =====                   =======         ======
           onExit(void *, BOOK *)
                                   00000800 
               stack 1 = 00000000 ( 00000004 )
    -------------------------------------------------------------------------
CODE
  Relative segment, address: CODE_AREA 00000814 - 00000867 (0x54 bytes), align: 2
  Segment part 59.            Intra module refs:   Segment part 12
           ENTRY                   ADDRESS         REF BY
           =====                   =======         ======
           onAbout(void *, BOOK *)
                                   00000814 
               stack 1 = 00000000 ( 00000014 )
    -------------------------------------------------------------------------
CODE
  Relative segment, address: CODE_AREA 00000868 - 000009F3 (0x18c bytes), align: 2
  Segment part 61.            Intra module refs:   Segment part 12
           ENTRY                   ADDRESS         REF BY
           =====                   =======         ======
           Connect(void *, BOOK *)
                                   00000868 
               stack 1 = 00000000 ( 0000000C )
    -------------------------------------------------------------------------
CODE
  Relative segment, address: CODE_AREA 000009F4 - 000009F7 (0x4 bytes), align: 2
  Segment part 62.            Intra module refs:   Connect(void *, BOOK *)
                                                   bookOnDestroy(BOOK *)
                                                   offTimerFlash(u16, LPARAM)
                                                   onTimerFlash(u16, LPARAM)
    -------------------------------------------------------------------------
CODE
  Relative segment, address: CODE_AREA 000009F8 - 000012FF (0x908 bytes), align: 2
  Segment part 64.            Intra module refs:   Segment part 12
           ENTRY                   ADDRESS         REF BY
           =====                   =======         ======
           OnCallManagerEvent(void *, BOOK *)
                                   000009F8 
               stack 1 = 00000000 ( 00000044 )
    -------------------------------------------------------------------------
CODE
  Relative segment, address: CODE_AREA 00001300 - 00001303 (0x4 bytes), align: 2
  Segment part 65.            Intra module refs:   Connect(void *, BOOK *)
                                                   OnCallManagerEvent(void *, BOOK *)
                                                   onTimerLED(u16, LPARAM)
    -------------------------------------------------------------------------
CODE
  Relative segment, address: CODE_AREA 00001304 - 00001307 (0x4 bytes), align: 2
  Segment part 66.            Intra module refs:   Connect(void *, BOOK *)
                                                   OnCallManagerEvent(void *, BOOK *)
                                                   onTimerScreen(u16, LPARAM)
    -------------------------------------------------------------------------
CODE
  Relative segment, address: CODE_AREA 00001308 - 0000130B (0x4 bytes), align: 2
  Segment part 67.            Intra module refs:   Connect(void *, BOOK *)
                                                   OnCallManagerEvent(void *, BOOK *)
                                                   onTimerFlash(u16, LPARAM)
    -------------------------------------------------------------------------
CODE
  Relative segment, address: CODE_AREA 0000130C - 0000130F (0x4 bytes), align: 2
  Segment part 68.            Intra module refs:   OnCallManagerEvent(void *, BOOK *)
    -------------------------------------------------------------------------
CODE
  Relative segment, address: CODE_AREA 00001310 - 00001313 (0x4 bytes), align: 2
  Segment part 69.            Intra module refs:   Connect(void *, BOOK *)
                                                   OnCallManagerEvent(void *, BOOK *)
    -------------------------------------------------------------------------
CODE
  Relative segment, address: CODE_AREA 00001314 - 00001317 (0x4 bytes), align: 2
  Segment part 70.            Intra module refs:   Connect(void *, BOOK *)
                                                   OnCallManagerEvent(void *, BOOK *)
    -------------------------------------------------------------------------
CODE
  Relative segment, address: CODE_AREA 00001318 - 0000131B (0x4 bytes), align: 2
  Segment part 71.            Intra module refs:   Connect(void *, BOOK *)
                                                   OnCallManagerEvent(void *, BOOK *)
    -------------------------------------------------------------------------
CODE
  Relative segment, address: CODE_AREA 0000131C - 0000131F (0x4 bytes), align: 2
  Segment part 72.            Intra module refs:   Connect(void *, BOOK *)
                                                   OnCallManagerEvent(void *, BOOK *)
    -------------------------------------------------------------------------
CODE
  Relative segment, address: CODE_AREA 00001320 - 00001323 (0x4 bytes), align: 2
  Segment part 73.            Intra module refs:   Connect(void *, BOOK *)
                                                   OnCallManagerEvent(void *, BOOK *)
                                                   onTimerREDLED(u16, LPARAM)
    -------------------------------------------------------------------------
CODE
  Relative segment, address: CODE_AREA 00001324 - 00001327 (0x4 bytes), align: 2
  Segment part 74.            Intra module refs:   Connect(void *, BOOK *)
                                                   OnCallManagerEvent(void *, BOOK *)
                                                   onTimerScreen(u16, LPARAM)
    -------------------------------------------------------------------------
CODE
  Relative segment, address: CODE_AREA 00001328 - 0000132B (0x4 bytes), align: 2
  Segment part 75.            Intra module refs:   OnCallManagerEvent(void *, BOOK *)
                                                   onTimerFlash(u16, LPARAM)
    -------------------------------------------------------------------------
CODE
  Relative segment, address: CODE_AREA 0000132C - 0000132F (0x4 bytes), align: 2
  Segment part 76.            Intra module refs:   OnCallManagerEvent(void *, BOOK *)
    -------------------------------------------------------------------------
CODE
  Relative segment, address: CODE_AREA 00001330 - 00001333 (0x4 bytes), align: 2
  Segment part 77.            Intra module refs:   Connect(void *, BOOK *)
                                                   OnCallManagerEvent(void *, BOOK *)
                                                   onTimerREDLED(u16, LPARAM)
    -------------------------------------------------------------------------
CODE
  Relative segment, address: CODE_AREA 00001334 - 00001337 (0x4 bytes), align: 2
  Segment part 78.            Intra module refs:   Connect(void *, BOOK *)
                                                   OnCallManagerEvent(void *, BOOK *)
                                                   onTimerLED(u16, LPARAM)
    -------------------------------------------------------------------------
CODE
  Relative segment, address: CODE_AREA 00001338 - 0000138B (0x54 bytes), align: 2
  Segment part 80.            Intra module refs:   Segment part 12
           LOCAL                   ADDRESS         
           =====                   =======         
           onReconfigElf(void *, BOOK *)
                                   00001338 
               stack 1 = 00000000 ( 0000000C )
    -------------------------------------------------------------------------
DYN_PAGE
  Relative segment, address: CODE_AREA 00003404 - 00003433 (0x30 bytes), align: 2
  Segment part 12.            Intra module refs:   Segment part 5
    -------------------------------------------------------------------------
DATA_C
  Relative segment, address: CODE_AREA 00001710 - 00001727 (0x18 bytes), align: 2
  Segment part 2.             Intra module refs:   Segment part 5
    -------------------------------------------------------------------------
DATA_C
  Relative segment, address: CODE_AREA 00001728 - 00001733 (0xc bytes), align: 2
  Segment part 3.             Intra module refs:   isMTCallBook(BOOK *)
    -------------------------------------------------------------------------
DATA_C
  Relative segment, address: CODE_AREA 00001734 - 000017B7 (0x84 bytes), align: 2
  Segment part 4.             Intra module refs:   onAbout(void *, BOOK *)
    -------------------------------------------------------------------------
DATA_C
  Relative segment, address: CODE_AREA 000017B8 - 00001803 (0x4c bytes), align: 2
  Segment part 5.             Intra module refs:   main
    -------------------------------------------------------------------------
CODE
  Relative segment, address: CODE_AREA 0000138C - 000013B3 (0x28 bytes), align: 2
  Segment part 82.            Intra module refs:   main
           ENTRY                   ADDRESS         REF BY
           =====                   =======         ======
           isChallengeBook(BOOK *)
                                   0000138C 
               stack 1 = 00000000 ( 00000004 )
    -------------------------------------------------------------------------
CODE
  Relative segment, address: CODE_AREA 000013B4 - 000014EF (0x13c bytes), align: 2
  Segment part 84.
           ENTRY                   ADDRESS         REF BY
           =====                   =======         ======
           main                    000013B4        Absolute parts (?ABS_ENTRY_MOD)
               stack 1 = 00000000 ( 0000001C )
    -------------------------------------------------------------------------
CODE
  Relative segment, address: CODE_AREA 000014F0 - 000014F3 (0x4 bytes), align: 2
  Segment part 85.            Intra module refs:   bookOnDestroy(BOOK *)
                                                   main
    -------------------------------------------------------------------------
CODE
  Relative segment, address: CODE_AREA 000014F4 - 000014F7 (0x4 bytes), align: 2
  Segment part 86.            Intra module refs:   bookOnDestroy(BOOK *)
                                                   main
    -------------------------------------------------------------------------
CODE
  Relative segment, address: CODE_AREA 000014F8 - 000014FB (0x4 bytes), align: 2
  Segment part 87.            Intra module refs:   bookOnDestroy(BOOK *)
                                                   main
    -------------------------------------------------------------------------
CODE
  Relative segment, address: CODE_AREA 000014FC - 000014FF (0x4 bytes), align: 2
  Segment part 88.            Intra module refs:   bookOnDestroy(BOOK *)
                                                   main
    -------------------------------------------------------------------------
CODE
  Relative segment, address: CODE_AREA 00001500 - 00001503 (0x4 bytes), align: 2
  Segment part 89.            Intra module refs:   bookOnDestroy(BOOK *)
                                                   main
    -------------------------------------------------------------------------
CODE
  Relative segment, address: CODE_AREA 00001504 - 00001507 (0x4 bytes), align: 2
  Segment part 90.            Intra module refs:   isChallengeBook(BOOK *)
                                                   main
    -------------------------------------------------------------------------
DATA_ID
  Relative segment, address: CODE_AREA 00000000 - 0000003B (0x3c bytes), align: 2
  Segment part 7.             Intra module refs:   Segment part 6
    -------------------------------------------------------------------------
DATA_ID
  Relative segment, address: CODE_AREA 0000003C - 00000057 (0x1c bytes), align: 2
  Segment part 9.             Intra module refs:   Segment part 8
    -------------------------------------------------------------------------
INITTAB
  Relative segment, address: CODE_AREA 00001828 - 00001833 (0xc bytes), align: 2
  Segment part 94. ROOT.
           ENTRY                   ADDRESS         REF BY
           =====                   =======         ======
           ?init?tab?DATA_Z        00001828 
    -------------------------------------------------------------------------
INITTAB
  Relative segment, address: CODE_AREA 00001834 - 0000183F (0xc bytes), align: 2
  Segment part 96. ROOT.
           ENTRY                   ADDRESS         REF BY
           =====                   =======         ======
           ?init?tab?DATA_I        00001834 

    *************************************************************************

  FILE NAME : Z:\home\perk11\www\perk11.info\svn\SE\Indication Of Call\Release\Obj\_cpp2.r79
  PROGRAM MODULE, NAME : _cpp2

  SEGMENTS IN THE MODULE
  ======================
CODE
  Relative segment, address: CODE_AREA 00001508 - 00001513 (0xc bytes), align: 2
  Segment part 5.
           ENTRY                   ADDRESS         REF BY
           =====                   =======         ======
           operator new[](size_t)
                                   00001508        LoadConfigData(wchar_t const *, wchar_t const *) (conf_loader)
                                                   SaveConfigData(wchar_t const *, wchar_t const *) (conf_loader)
               stack 1 = 00000000 ( 00000004 )
    -------------------------------------------------------------------------
CODE
  Relative segment, address: CODE_AREA 00001514 - 0000151F (0xc bytes), align: 2
  Segment part 7.
           ENTRY                   ADDRESS         REF BY
           =====                   =======         ======
           operator delete(void *)
                                   00001514        LoadConfigData(wchar_t const *, wchar_t const *) (conf_loader)
                                                   SaveConfigData(wchar_t const *, wchar_t const *) (conf_loader)
                                                   main (Indication of Call)
               stack 1 = 00000000 ( 00000004 )

    *************************************************************************

  FILE NAME : Z:\home\perk11\www\perk11.info\svn\SE\Indication Of Call\Release\Obj\conf_loader.r79
  PROGRAM MODULE, NAME : conf_loader

  SEGMENTS IN THE MODULE
  ======================
DATA_I
  Relative segment, address: DATA_AREA 00000058 - 0000005F (0x8 bytes), align: 2
  Segment part 4.             Intra module refs:   Segment part 12
           ENTRY                   ADDRESS         REF BY
           =====                   =======         ======
           successed_config_name   0000005C        onReconfigElf(void *, BOOK *) (Indication of Call)
           successed_config_path   00000058        onReconfigElf(void *, BOOK *) (Indication of Call)
    -------------------------------------------------------------------------
CODE
  Relative segment, address: CODE_AREA 00001520 - 000015AF (0x90 bytes), align: 2
  Segment part 7.             Intra module refs:   InitConfig()
                                                   LoadConfigData(wchar_t const *, wchar_t const *)
           ENTRY                   ADDRESS         REF BY
           =====                   =======         ======
           SaveConfigData(wchar_t const *, wchar_t const *)
                                   00001520 
               stack 1 = 00000000 ( 00000024 )
    -------------------------------------------------------------------------
CODE
  Relative segment, address: CODE_AREA 000015B0 - 0000169B (0xec bytes), align: 2
  Segment part 9.             Intra module refs:   InitConfig()
           ENTRY                   ADDRESS         REF BY
           =====                   =======         ======
           LoadConfigData(wchar_t const *, wchar_t const *)
                                   000015B0 
               stack 1 = 00000000 ( 00000040 )
    -------------------------------------------------------------------------
CODE
  Relative segment, address: CODE_AREA 0000169C - 0000169F (0x4 bytes), align: 2
  Segment part 10.            Intra module refs:   LoadConfigData(wchar_t const *, wchar_t const *)
                                                   SaveConfigData(wchar_t const *, wchar_t const *)
    -------------------------------------------------------------------------
CODE
  Relative segment, address: CODE_AREA 000016A0 - 000016A3 (0x4 bytes), align: 2
  Segment part 11.            Intra module refs:   LoadConfigData(wchar_t const *, wchar_t const *)
                                                   SaveConfigData(wchar_t const *, wchar_t const *)
    -------------------------------------------------------------------------
CODE
  Relative segment, address: CODE_AREA 000016A4 - 000016A7 (0x4 bytes), align: 2
  Segment part 12.            Intra module refs:   LoadConfigData(wchar_t const *, wchar_t const *)
                                                   SaveConfigData(wchar_t const *, wchar_t const *)
    -------------------------------------------------------------------------
CODE
  Relative segment, address: CODE_AREA 000016A8 - 000016F7 (0x50 bytes), align: 2
  Segment part 14.
           ENTRY                   ADDRESS         REF BY
           =====                   =======         ======
           InitConfig()            000016A8        main (Indication of Call)
                                                   onReconfigElf(void *, BOOK *) (Indication of Call)
               stack 1 = 00000000 ( 00000008 )
    -------------------------------------------------------------------------
DATA_ID
  Relative segment, address: CODE_AREA 00000058 - 0000005F (0x8 bytes), align: 2
  Segment part 5.             Intra module refs:   Segment part 4
    -------------------------------------------------------------------------
DATA_C
  Relative segment, address: CODE_AREA 00001824 - 00001825 (0x2 bytes), align: 1
  Segment part 2.             Intra module refs:   Segment part 5
    -------------------------------------------------------------------------
DATA_C
  Relative segment, address: CODE_AREA 00001804 - 00001823 (0x20 bytes), align: 2
  Segment part 3.             Intra module refs:   InitConfig()

    *************************************************************************

  FILE NAME : Z:\home\perk11\www\perk11.info\svn\SE\Indication Of Call\Release\Obj\config_data.r79
  PROGRAM MODULE, NAME : config_data

  SEGMENTS IN THE MODULE
  ======================
CONFIG_C
  Relative segment, address: CODE_AREA 00001840 - 0000186B (0x2c bytes), align: 2
  Segment part 2. ROOT.
    -------------------------------------------------------------------------
CONFIG_C
  Relative segment, address: CODE_AREA 0000186C - 00001897 (0x2c bytes), align: 2
  Segment part 3. ROOT.
    -------------------------------------------------------------------------
CONFIG_C
  Relative segment, address: CODE_AREA 00001898 - 000018C3 (0x2c bytes), align: 2
  Segment part 4. ROOT.
    -------------------------------------------------------------------------
CONFIG_C
  Relative segment, address: CODE_AREA 000018C4 - 000018C7 (0x4 bytes), align: 2
  Segment part 5. ROOT.
           ENTRY                   ADDRESS         REF BY
           =====                   =======         ======
           cfg_flashon             000018C4        OnCallManagerEvent(void *, BOOK *) (Indication of Call)
    -------------------------------------------------------------------------
CONFIG_C
  Relative segment, address: CODE_AREA 000018C8 - 000018F3 (0x2c bytes), align: 2
  Segment part 6. ROOT.
    -------------------------------------------------------------------------
CONFIG_C
  Relative segment, address: CODE_AREA 000018F4 - 000018F7 (0x4 bytes), align: 2
  Segment part 7. ROOT.
           ENTRY                   ADDRESS         REF BY
           =====                   =======         ======
           cfg_flashon_time        000018F4        OnCallManagerEvent(void *, BOOK *) (Indication of Call)
    -------------------------------------------------------------------------
CONFIG_C
  Relative segment, address: CODE_AREA 000018F8 - 00001923 (0x2c bytes), align: 2
  Segment part 8. ROOT.
    -------------------------------------------------------------------------
CONFIG_C
  Relative segment, address: CODE_AREA 00001924 - 0000194F (0x2c bytes), align: 2
  Segment part 9. ROOT.
    -------------------------------------------------------------------------
CONFIG_C
  Relative segment, address: CODE_AREA 00001950 - 0000197B (0x2c bytes), align: 2
  Segment part 10. ROOT.
    -------------------------------------------------------------------------
CONFIG_C
  Relative segment, address: CODE_AREA 0000197C - 0000197F (0x4 bytes), align: 2
  Segment part 11. ROOT.
           ENTRY                   ADDRESS         REF BY
           =====                   =======         ======
           cfg_vibraon             0000197C        OnCallManagerEvent(void *, BOOK *) (Indication of Call)
    -------------------------------------------------------------------------
CONFIG_C
  Relative segment, address: CODE_AREA 00001980 - 000019AB (0x2c bytes), align: 2
  Segment part 12. ROOT.
    -------------------------------------------------------------------------
CONFIG_C
  Relative segment, address: CODE_AREA 000019AC - 000019AF (0x4 bytes), align: 2
  Segment part 13. ROOT.
           ENTRY                   ADDRESS         REF BY
           =====                   =======         ======
           cfg_vibraon_time        000019AC        OnCallManagerEvent(void *, BOOK *) (Indication of Call)
    -------------------------------------------------------------------------
CONFIG_C
  Relative segment, address: CODE_AREA 000019B0 - 000019DB (0x2c bytes), align: 2
  Segment part 14. ROOT.
    -------------------------------------------------------------------------
CONFIG_C
  Relative segment, address: CODE_AREA 000019DC - 00001A07 (0x2c bytes), align: 2
  Segment part 15. ROOT.
    -------------------------------------------------------------------------
CONFIG_C
  Relative segment, address: CODE_AREA 00001A08 - 00001A33 (0x2c bytes), align: 2
  Segment part 16. ROOT.
    -------------------------------------------------------------------------
CONFIG_C
  Relative segment, address: CODE_AREA 00001A34 - 00001A37 (0x4 bytes), align: 2
  Segment part 17. ROOT.
           ENTRY                   ADDRESS         REF BY
           =====                   =======         ======
           cfg_redledon            00001A34        OnCallManagerEvent(void *, BOOK *) (Indication of Call)
    -------------------------------------------------------------------------
CONFIG_C
  Relative segment, address: CODE_AREA 00001A38 - 00001A63 (0x2c bytes), align: 2
  Segment part 18. ROOT.
    -------------------------------------------------------------------------
CONFIG_C
  Relative segment, address: CODE_AREA 00001A64 - 00001A67 (0x4 bytes), align: 2
  Segment part 19. ROOT.
           ENTRY                   ADDRESS         REF BY
           =====                   =======         ======
           cfg_redledon_time       00001A64        OnCallManagerEvent(void *, BOOK *) (Indication of Call)
    -------------------------------------------------------------------------
CONFIG_C
  Relative segment, address: CODE_AREA 00001A68 - 00001A93 (0x2c bytes), align: 2
  Segment part 20. ROOT.
    -------------------------------------------------------------------------
CONFIG_C
  Relative segment, address: CODE_AREA 00001A94 - 00001ABF (0x2c bytes), align: 2
  Segment part 21. ROOT.
    -------------------------------------------------------------------------
CONFIG_C
  Relative segment, address: CODE_AREA 00001AC0 - 00001AEB (0x2c bytes), align: 2
  Segment part 22. ROOT.
    -------------------------------------------------------------------------
CONFIG_C
  Relative segment, address: CODE_AREA 00001AEC - 00001AEF (0x4 bytes), align: 2
  Segment part 23. ROOT.
           ENTRY                   ADDRESS         REF BY
           =====                   =======         ======
           cfg_ledon               00001AEC        OnCallManagerEvent(void *, BOOK *) (Indication of Call)
    -------------------------------------------------------------------------
CONFIG_C
  Relative segment, address: CODE_AREA 00001AF0 - 00001B1B (0x2c bytes), align: 2
  Segment part 24. ROOT.
    -------------------------------------------------------------------------
CONFIG_C
  Relative segment, address: CODE_AREA 00001B1C - 00001B1F (0x4 bytes), align: 2
  Segment part 25. ROOT.
           ENTRY                   ADDRESS         REF BY
           =====                   =======         ======
           cfg_ledon_time          00001B1C        OnCallManagerEvent(void *, BOOK *) (Indication of Call)
    -------------------------------------------------------------------------
CONFIG_C
  Relative segment, address: CODE_AREA 00001B20 - 00001B4B (0x2c bytes), align: 2
  Segment part 26. ROOT.
    -------------------------------------------------------------------------
CONFIG_C
  Relative segment, address: CODE_AREA 00001B4C - 00001B77 (0x2c bytes), align: 2
  Segment part 27. ROOT.
    -------------------------------------------------------------------------
CONFIG_C
  Relative segment, address: CODE_AREA 00001B78 - 00001BA3 (0x2c bytes), align: 2
  Segment part 28. ROOT.
    -------------------------------------------------------------------------
CONFIG_C
  Relative segment, address: CODE_AREA 00001BA4 - 00001BA7 (0x4 bytes), align: 2
  Segment part 29. ROOT.
           ENTRY                   ADDRESS         REF BY
           =====                   =======         ======
           cfg_screenon            00001BA4        OnCallManagerEvent(void *, BOOK *) (Indication of Call)
    -------------------------------------------------------------------------
CONFIG_C
  Relative segment, address: CODE_AREA 00001BA8 - 00001BD3 (0x2c bytes), align: 2
  Segment part 30. ROOT.
    -------------------------------------------------------------------------
CONFIG_C
  Relative segment, address: CODE_AREA 00001BD4 - 00001BD7 (0x4 bytes), align: 2
  Segment part 31. ROOT.
           ENTRY                   ADDRESS         REF BY
           =====                   =======         ======
           cfg_screenon_time       00001BD4        OnCallManagerEvent(void *, BOOK *) (Indication of Call)
    -------------------------------------------------------------------------
CONFIG_C
  Relative segment, address: CODE_AREA 00001BD8 - 00001C03 (0x2c bytes), align: 2
  Segment part 32. ROOT.
    -------------------------------------------------------------------------
CONFIG_C
  Relative segment, address: CODE_AREA 00001C04 - 00001C2F (0x2c bytes), align: 2
  Segment part 33. ROOT.
    -------------------------------------------------------------------------
CONFIG_C
  Relative segment, address: CODE_AREA 00001C30 - 00001C5B (0x2c bytes), align: 2
  Segment part 34. ROOT.
    -------------------------------------------------------------------------
CONFIG_C
  Relative segment, address: CODE_AREA 00001C5C - 00001C87 (0x2c bytes), align: 2
  Segment part 35. ROOT.
    -------------------------------------------------------------------------
CONFIG_C
  Relative segment, address: CODE_AREA 00001C88 - 00001CB3 (0x2c bytes), align: 2
  Segment part 36. ROOT.
    -------------------------------------------------------------------------
CONFIG_C
  Relative segment, address: CODE_AREA 00001CB4 - 00001CB7 (0x4 bytes), align: 2
  Segment part 37. ROOT.
           ENTRY                   ADDRESS         REF BY
           =====                   =======         ======
           cfg_flash               00001CB4        OnCallManagerEvent(void *, BOOK *) (Indication of Call)
    -------------------------------------------------------------------------
CONFIG_C
  Relative segment, address: CODE_AREA 00001CB8 - 00001CE3 (0x2c bytes), align: 2
  Segment part 38. ROOT.
    -------------------------------------------------------------------------
CONFIG_C
  Relative segment, address: CODE_AREA 00001CE4 - 00001CE7 (0x4 bytes), align: 2
  Segment part 39. ROOT.
           ENTRY                   ADDRESS         REF BY
           =====                   =======         ======
           cfg_flash_time          00001CE4        OnCallManagerEvent(void *, BOOK *) (Indication of Call)
    -------------------------------------------------------------------------
CONFIG_C
  Relative segment, address: CODE_AREA 00001CE8 - 00001D13 (0x2c bytes), align: 2
  Segment part 40. ROOT.
    -------------------------------------------------------------------------
CONFIG_C
  Relative segment, address: CODE_AREA 00001D14 - 00001D17 (0x4 bytes), align: 2
  Segment part 41. ROOT.
           ENTRY                   ADDRESS         REF BY
           =====                   =======         ======
           cfg_flash_silent        00001D14        Segment part 24 (Indication of Call)
    -------------------------------------------------------------------------
CONFIG_C
  Relative segment, address: CODE_AREA 00001D18 - 00001D43 (0x2c bytes), align: 2
  Segment part 42. ROOT.
    -------------------------------------------------------------------------
CONFIG_C
  Relative segment, address: CODE_AREA 00001D44 - 00001D6F (0x2c bytes), align: 2
  Segment part 43. ROOT.
    -------------------------------------------------------------------------
CONFIG_C
  Relative segment, address: CODE_AREA 00001D70 - 00001D9B (0x2c bytes), align: 2
  Segment part 44. ROOT.
    -------------------------------------------------------------------------
CONFIG_C
  Relative segment, address: CODE_AREA 00001D9C - 00001D9F (0x4 bytes), align: 2
  Segment part 45. ROOT.
           ENTRY                   ADDRESS         REF BY
           =====                   =======         ======
           cfg_vibra               00001D9C        OnCallManagerEvent(void *, BOOK *) (Indication of Call)
    -------------------------------------------------------------------------
CONFIG_C
  Relative segment, address: CODE_AREA 00001DA0 - 00001DCB (0x2c bytes), align: 2
  Segment part 46. ROOT.
    -------------------------------------------------------------------------
CONFIG_C
  Relative segment, address: CODE_AREA 00001DCC - 00001DF7 (0x2c bytes), align: 2
  Segment part 47. ROOT.
    -------------------------------------------------------------------------
CONFIG_C
  Relative segment, address: CODE_AREA 00001DF8 - 00001E23 (0x2c bytes), align: 2
  Segment part 48. ROOT.
    -------------------------------------------------------------------------
CONFIG_C
  Relative segment, address: CODE_AREA 00001E24 - 00001E27 (0x4 bytes), align: 2
  Segment part 49. ROOT.
           ENTRY                   ADDRESS         REF BY
           =====                   =======         ======
           cfg_redled              00001E24        OnCallManagerEvent(void *, BOOK *) (Indication of Call)
    -------------------------------------------------------------------------
CONFIG_C
  Relative segment, address: CODE_AREA 00001E28 - 00001E53 (0x2c bytes), align: 2
  Segment part 50. ROOT.
    -------------------------------------------------------------------------
CONFIG_C
  Relative segment, address: CODE_AREA 00001E54 - 00001E57 (0x4 bytes), align: 2
  Segment part 51. ROOT.
           ENTRY                   ADDRESS         REF BY
           =====                   =======         ======
           cfg_redled_time         00001E54        OnCallManagerEvent(void *, BOOK *) (Indication of Call)
    -------------------------------------------------------------------------
CONFIG_C
  Relative segment, address: CODE_AREA 00001E58 - 00001E83 (0x2c bytes), align: 2
  Segment part 52. ROOT.
    -------------------------------------------------------------------------
CONFIG_C
  Relative segment, address: CODE_AREA 00001E84 - 00001E87 (0x4 bytes), align: 2
  Segment part 53. ROOT.
           ENTRY                   ADDRESS         REF BY
           =====                   =======         ======
           cfg_redled_silent       00001E84        Segment part 26 (Indication of Call)
    -------------------------------------------------------------------------
CONFIG_C
  Relative segment, address: CODE_AREA 00001E88 - 00001EB3 (0x2c bytes), align: 2
  Segment part 54. ROOT.
    -------------------------------------------------------------------------
CONFIG_C
  Relative segment, address: CODE_AREA 00001EB4 - 00001EDF (0x2c bytes), align: 2
  Segment part 55. ROOT.
    -------------------------------------------------------------------------
CONFIG_C
  Relative segment, address: CODE_AREA 00001EE0 - 00001F0B (0x2c bytes), align: 2
  Segment part 56. ROOT.
    -------------------------------------------------------------------------
CONFIG_C
  Relative segment, address: CODE_AREA 00001F0C - 00001F0F (0x4 bytes), align: 2
  Segment part 57. ROOT.
           ENTRY                   ADDRESS         REF BY
           =====                   =======         ======
           cfg_led                 00001F0C        OnCallManagerEvent(void *, BOOK *) (Indication of Call)
    -------------------------------------------------------------------------
CONFIG_C
  Relative segment, address: CODE_AREA 00001F10 - 00001F3B (0x2c bytes), align: 2
  Segment part 58. ROOT.
    -------------------------------------------------------------------------
CONFIG_C
  Relative segment, address: CODE_AREA 00001F3C - 00001F3F (0x4 bytes), align: 2
  Segment part 59. ROOT.
           ENTRY                   ADDRESS         REF BY
           =====                   =======         ======
           cfg_led_time            00001F3C        OnCallManagerEvent(void *, BOOK *) (Indication of Call)
    -------------------------------------------------------------------------
CONFIG_C
  Relative segment, address: CODE_AREA 00001F40 - 00001F6B (0x2c bytes), align: 2
  Segment part 60. ROOT.
    -------------------------------------------------------------------------
CONFIG_C
  Relative segment, address: CODE_AREA 00001F6C - 00001F6F (0x4 bytes), align: 2
  Segment part 61. ROOT.
           ENTRY                   ADDRESS         REF BY
           =====                   =======         ======
           cfg_led_silent          00001F6C        Segment part 25 (Indication of Call)
    -------------------------------------------------------------------------
CONFIG_C
  Relative segment, address: CODE_AREA 00001F70 - 00001F9B (0x2c bytes), align: 2
  Segment part 62. ROOT.
    -------------------------------------------------------------------------
CONFIG_C
  Relative segment, address: CODE_AREA 00001F9C - 00001FC7 (0x2c bytes), align: 2
  Segment part 63. ROOT.
    -------------------------------------------------------------------------
CONFIG_C
  Relative segment, address: CODE_AREA 00001FC8 - 00001FF3 (0x2c bytes), align: 2
  Segment part 64. ROOT.
    -------------------------------------------------------------------------
CONFIG_C
  Relative segment, address: CODE_AREA 00001FF4 - 00001FF7 (0x4 bytes), align: 2
  Segment part 65. ROOT.
           ENTRY                   ADDRESS         REF BY
           =====                   =======         ======
           cfg_screen              00001FF4        OnCallManagerEvent(void *, BOOK *) (Indication of Call)
    -------------------------------------------------------------------------
CONFIG_C
  Relative segment, address: CODE_AREA 00001FF8 - 00002023 (0x2c bytes), align: 2
  Segment part 66. ROOT.
    -------------------------------------------------------------------------
CONFIG_C
  Relative segment, address: CODE_AREA 00002024 - 00002027 (0x4 bytes), align: 2
  Segment part 67. ROOT.
           ENTRY                   ADDRESS         REF BY
           =====                   =======         ======
           cfg_screen_time         00002024        OnCallManagerEvent(void *, BOOK *) (Indication of Call)
    -------------------------------------------------------------------------
CONFIG_C
  Relative segment, address: CODE_AREA 00002028 - 00002053 (0x2c bytes), align: 2
  Segment part 68. ROOT.
    -------------------------------------------------------------------------
CONFIG_C
  Relative segment, address: CODE_AREA 00002054 - 00002057 (0x4 bytes), align: 2
  Segment part 69. ROOT.
           ENTRY                   ADDRESS         REF BY
           =====                   =======         ======
           cfg_screen_silent       00002054        Segment part 27 (Indication of Call)
    -------------------------------------------------------------------------
CONFIG_C
  Relative segment, address: CODE_AREA 00002058 - 00002083 (0x2c bytes), align: 2
  Segment part 70. ROOT.
    -------------------------------------------------------------------------
CONFIG_C
  Relative segment, address: CODE_AREA 00002084 - 000020AF (0x2c bytes), align: 2
  Segment part 71. ROOT.
    -------------------------------------------------------------------------
CONFIG_C
  Relative segment, address: CODE_AREA 000020B0 - 000020DB (0x2c bytes), align: 2
  Segment part 72. ROOT.
    -------------------------------------------------------------------------
CONFIG_C
  Relative segment, address: CODE_AREA 000020DC - 000020DF (0x4 bytes), align: 2
  Segment part 73. ROOT.
           ENTRY                   ADDRESS         REF BY
           =====                   =======         ======
           cfg_reject_time         000020DC        OnCallManagerEvent(void *, BOOK *) (Indication of Call)
    -------------------------------------------------------------------------
CONFIG_C
  Relative segment, address: CODE_AREA 000020E0 - 0000210B (0x2c bytes), align: 2
  Segment part 74. ROOT.
    -------------------------------------------------------------------------
CONFIG_C
  Relative segment, address: CODE_AREA 0000210C - 0000210F (0x4 bytes), align: 2
  Segment part 75. ROOT.
           ENTRY                   ADDRESS         REF BY
           =====                   =======         ======
           cfg_mute_time           0000210C        OnCallManagerEvent(void *, BOOK *) (Indication of Call)
    -------------------------------------------------------------------------
CONFIG_C
  Relative segment, address: CODE_AREA 00002110 - 0000213B (0x2c bytes), align: 2
  Segment part 76. ROOT.
    -------------------------------------------------------------------------
CONFIG_C
  Relative segment, address: CODE_AREA 0000213C - 00002167 (0x2c bytes), align: 2
  Segment part 77. ROOT.
    -------------------------------------------------------------------------
CONFIG_C
  Relative segment, address: CODE_AREA 00002168 - 00002193 (0x2c bytes), align: 2
  Segment part 78. ROOT.
    -------------------------------------------------------------------------
CONFIG_C
  Relative segment, address: CODE_AREA 00002194 - 000021BF (0x2c bytes), align: 2
  Segment part 79. ROOT.
    -------------------------------------------------------------------------
CONFIG_C
  Relative segment, address: CODE_AREA 000021C0 - 000021EB (0x2c bytes), align: 2
  Segment part 80. ROOT.
    -------------------------------------------------------------------------
CONFIG_C
  Relative segment, address: CODE_AREA 000021EC - 000021EF (0x4 bytes), align: 2
  Segment part 81. ROOT.
           ENTRY                   ADDRESS         REF BY
           =====                   =======         ======
           cfg_flashring           000021EC        Connect(void *, BOOK *) (Indication of Call)
    -------------------------------------------------------------------------
CONFIG_C
  Relative segment, address: CODE_AREA 000021F0 - 0000221B (0x2c bytes), align: 2
  Segment part 82. ROOT.
    -------------------------------------------------------------------------
CONFIG_C
  Relative segment, address: CODE_AREA 0000221C - 0000221F (0x4 bytes), align: 2
  Segment part 83. ROOT.
           ENTRY                   ADDRESS         REF BY
           =====                   =======         ======
           cfg_flashring_time      0000221C        Connect(void *, BOOK *) (Indication of Call)
    -------------------------------------------------------------------------
CONFIG_C
  Relative segment, address: CODE_AREA 00002220 - 0000224B (0x2c bytes), align: 2
  Segment part 84. ROOT.
    -------------------------------------------------------------------------
CONFIG_C
  Relative segment, address: CODE_AREA 0000224C - 00002277 (0x2c bytes), align: 2
  Segment part 85. ROOT.
    -------------------------------------------------------------------------
CONFIG_C
  Relative segment, address: CODE_AREA 00002278 - 000022A3 (0x2c bytes), align: 2
  Segment part 86. ROOT.
    -------------------------------------------------------------------------
CONFIG_C
  Relative segment, address: CODE_AREA 000022A4 - 000022A7 (0x4 bytes), align: 2
  Segment part 87. ROOT.
           ENTRY                   ADDRESS         REF BY
           =====                   =======         ======
           cfg_vibraring           000022A4        Connect(void *, BOOK *) (Indication of Call)
    -------------------------------------------------------------------------
CONFIG_C
  Relative segment, address: CODE_AREA 000022A8 - 000022D3 (0x2c bytes), align: 2
  Segment part 88. ROOT.
    -------------------------------------------------------------------------
CONFIG_C
  Relative segment, address: CODE_AREA 000022D4 - 000022D7 (0x4 bytes), align: 2
  Segment part 89. ROOT.
           ENTRY                   ADDRESS         REF BY
           =====                   =======         ======
           cfg_vibraring_time      000022D4        Connect(void *, BOOK *) (Indication of Call)
    -------------------------------------------------------------------------
CONFIG_C
  Relative segment, address: CODE_AREA 000022D8 - 00002303 (0x2c bytes), align: 2
  Segment part 90. ROOT.
    -------------------------------------------------------------------------
CONFIG_C
  Relative segment, address: CODE_AREA 00002304 - 0000232F (0x2c bytes), align: 2
  Segment part 91. ROOT.
    -------------------------------------------------------------------------
CONFIG_C
  Relative segment, address: CODE_AREA 00002330 - 0000235B (0x2c bytes), align: 2
  Segment part 92. ROOT.
    -------------------------------------------------------------------------
CONFIG_C
  Relative segment, address: CODE_AREA 0000235C - 0000235F (0x4 bytes), align: 2
  Segment part 93. ROOT.
           ENTRY                   ADDRESS         REF BY
           =====                   =======         ======
           cfg_redledring          0000235C        Connect(void *, BOOK *) (Indication of Call)
    -------------------------------------------------------------------------
CONFIG_C
  Relative segment, address: CODE_AREA 00002360 - 0000238B (0x2c bytes), align: 2
  Segment part 94. ROOT.
    -------------------------------------------------------------------------
CONFIG_C
  Relative segment, address: CODE_AREA 0000238C - 0000238F (0x4 bytes), align: 2
  Segment part 95. ROOT.
           ENTRY                   ADDRESS         REF BY
           =====                   =======         ======
           cfg_redledring_time     0000238C        Connect(void *, BOOK *) (Indication of Call)
    -------------------------------------------------------------------------
CONFIG_C
  Relative segment, address: CODE_AREA 00002390 - 000023BB (0x2c bytes), align: 2
  Segment part 96. ROOT.
    -------------------------------------------------------------------------
CONFIG_C
  Relative segment, address: CODE_AREA 000023BC - 000023E7 (0x2c bytes), align: 2
  Segment part 97. ROOT.
    -------------------------------------------------------------------------
CONFIG_C
  Relative segment, address: CODE_AREA 000023E8 - 00002413 (0x2c bytes), align: 2
  Segment part 98. ROOT.
    -------------------------------------------------------------------------
CONFIG_C
  Relative segment, address: CODE_AREA 00002414 - 00002417 (0x4 bytes), align: 2
  Segment part 99. ROOT.
           ENTRY                   ADDRESS         REF BY
           =====                   =======         ======
           cfg_ledring             00002414        Connect(void *, BOOK *) (Indication of Call)
    -------------------------------------------------------------------------
CONFIG_C
  Relative segment, address: CODE_AREA 00002418 - 00002443 (0x2c bytes), align: 2
  Segment part 100. ROOT.
    -------------------------------------------------------------------------
CONFIG_C
  Relative segment, address: CODE_AREA 00002444 - 00002447 (0x4 bytes), align: 2
  Segment part 101. ROOT.
           ENTRY                   ADDRESS         REF BY
           =====                   =======         ======
           cfg_ledring_time        00002444        Connect(void *, BOOK *) (Indication of Call)
    -------------------------------------------------------------------------
CONFIG_C
  Relative segment, address: CODE_AREA 00002448 - 00002473 (0x2c bytes), align: 2
  Segment part 102. ROOT.
    -------------------------------------------------------------------------
CONFIG_C
  Relative segment, address: CODE_AREA 00002474 - 0000249F (0x2c bytes), align: 2
  Segment part 103. ROOT.
    -------------------------------------------------------------------------
CONFIG_C
  Relative segment, address: CODE_AREA 000024A0 - 000024CB (0x2c bytes), align: 2
  Segment part 104. ROOT.
    -------------------------------------------------------------------------
CONFIG_C
  Relative segment, address: CODE_AREA 000024CC - 000024CF (0x4 bytes), align: 2
  Segment part 105. ROOT.
           ENTRY                   ADDRESS         REF BY
           =====                   =======         ======
           cfg_screenring          000024CC        Connect(void *, BOOK *) (Indication of Call)
    -------------------------------------------------------------------------
CONFIG_C
  Relative segment, address: CODE_AREA 000024D0 - 000024FB (0x2c bytes), align: 2
  Segment part 106. ROOT.
    -------------------------------------------------------------------------
CONFIG_C
  Relative segment, address: CODE_AREA 000024FC - 000024FF (0x4 bytes), align: 2
  Segment part 107. ROOT.
           ENTRY                   ADDRESS         REF BY
           =====                   =======         ======
           cfg_screenring_time     000024FC        Connect(void *, BOOK *) (Indication of Call)
    -------------------------------------------------------------------------
CONFIG_C
  Relative segment, address: CODE_AREA 00002500 - 0000252B (0x2c bytes), align: 2
  Segment part 108. ROOT.
    -------------------------------------------------------------------------
CONFIG_C
  Relative segment, address: CODE_AREA 0000252C - 00002557 (0x2c bytes), align: 2
  Segment part 109. ROOT.
    -------------------------------------------------------------------------
CONFIG_C
  Relative segment, address: CODE_AREA 00002558 - 00002583 (0x2c bytes), align: 2
  Segment part 110. ROOT.
    -------------------------------------------------------------------------
CONFIG_C
  Relative segment, address: CODE_AREA 00002584 - 000025AF (0x2c bytes), align: 2
  Segment part 111. ROOT.
    -------------------------------------------------------------------------
CONFIG_C
  Relative segment, address: CODE_AREA 000025B0 - 000025DB (0x2c bytes), align: 2
  Segment part 112. ROOT.
    -------------------------------------------------------------------------
CONFIG_C
  Relative segment, address: CODE_AREA 000025DC - 000025DF (0x4 bytes), align: 2
  Segment part 113. ROOT.
           ENTRY                   ADDRESS         REF BY
           =====                   =======         ======
           cfg_flashcon            000025DC        OnCallManagerEvent(void *, BOOK *) (Indication of Call)
    -------------------------------------------------------------------------
CONFIG_C
  Relative segment, address: CODE_AREA 000025E0 - 0000260B (0x2c bytes), align: 2
  Segment part 114. ROOT.
    -------------------------------------------------------------------------
CONFIG_C
  Relative segment, address: CODE_AREA 0000260C - 0000260F (0x4 bytes), align: 2
  Segment part 115. ROOT.
           ENTRY                   ADDRESS         REF BY
           =====                   =======         ======
           cfg_flashcon_time       0000260C        OnCallManagerEvent(void *, BOOK *) (Indication of Call)
    -------------------------------------------------------------------------
CONFIG_C
  Relative segment, address: CODE_AREA 00002610 - 0000263B (0x2c bytes), align: 2
  Segment part 116. ROOT.
    -------------------------------------------------------------------------
CONFIG_C
  Relative segment, address: CODE_AREA 0000263C - 00002667 (0x2c bytes), align: 2
  Segment part 117. ROOT.
    -------------------------------------------------------------------------
CONFIG_C
  Relative segment, address: CODE_AREA 00002668 - 00002693 (0x2c bytes), align: 2
  Segment part 118. ROOT.
    -------------------------------------------------------------------------
CONFIG_C
  Relative segment, address: CODE_AREA 00002694 - 00002697 (0x4 bytes), align: 2
  Segment part 119. ROOT.
           ENTRY                   ADDRESS         REF BY
           =====                   =======         ======
           cfg_vibracon            00002694        OnCallManagerEvent(void *, BOOK *) (Indication of Call)
    -------------------------------------------------------------------------
CONFIG_C
  Relative segment, address: CODE_AREA 00002698 - 000026C3 (0x2c bytes), align: 2
  Segment part 120. ROOT.
    -------------------------------------------------------------------------
CONFIG_C
  Relative segment, address: CODE_AREA 000026C4 - 000026C7 (0x4 bytes), align: 2
  Segment part 121. ROOT.
           ENTRY                   ADDRESS         REF BY
           =====                   =======         ======
           cfg_vibracon_time       000026C4        OnCallManagerEvent(void *, BOOK *) (Indication of Call)
    -------------------------------------------------------------------------
CONFIG_C
  Relative segment, address: CODE_AREA 000026C8 - 000026F3 (0x2c bytes), align: 2
  Segment part 122. ROOT.
    -------------------------------------------------------------------------
CONFIG_C
  Relative segment, address: CODE_AREA 000026F4 - 0000271F (0x2c bytes), align: 2
  Segment part 123. ROOT.
    -------------------------------------------------------------------------
CONFIG_C
  Relative segment, address: CODE_AREA 00002720 - 0000274B (0x2c bytes), align: 2
  Segment part 124. ROOT.
    -------------------------------------------------------------------------
CONFIG_C
  Relative segment, address: CODE_AREA 0000274C - 0000274F (0x4 bytes), align: 2
  Segment part 125. ROOT.
           ENTRY                   ADDRESS         REF BY
           =====                   =======         ======
           cfg_redledcon           0000274C        OnCallManagerEvent(void *, BOOK *) (Indication of Call)
    -------------------------------------------------------------------------
CONFIG_C
  Relative segment, address: CODE_AREA 00002750 - 0000277B (0x2c bytes), align: 2
  Segment part 126. ROOT.
    -------------------------------------------------------------------------
CONFIG_C
  Relative segment, address: CODE_AREA 0000277C - 0000277F (0x4 bytes), align: 2
  Segment part 127. ROOT.
           ENTRY                   ADDRESS         REF BY
           =====                   =======         ======
           cfg_redledcon_time      0000277C        OnCallManagerEvent(void *, BOOK *) (Indication of Call)
    -------------------------------------------------------------------------
CONFIG_C
  Relative segment, address: CODE_AREA 00002780 - 000027AB (0x2c bytes), align: 2
  Segment part 128. ROOT.
    -------------------------------------------------------------------------
CONFIG_C
  Relative segment, address: CODE_AREA 000027AC - 000027D7 (0x2c bytes), align: 2
  Segment part 129. ROOT.
    -------------------------------------------------------------------------
CONFIG_C
  Relative segment, address: CODE_AREA 000027D8 - 00002803 (0x2c bytes), align: 2
  Segment part 130. ROOT.
    -------------------------------------------------------------------------
CONFIG_C
  Relative segment, address: CODE_AREA 00002804 - 00002807 (0x4 bytes), align: 2
  Segment part 131. ROOT.
           ENTRY                   ADDRESS         REF BY
           =====                   =======         ======
           cfg_ledcon              00002804        OnCallManagerEvent(void *, BOOK *) (Indication of Call)
    -------------------------------------------------------------------------
CONFIG_C
  Relative segment, address: CODE_AREA 00002808 - 00002833 (0x2c bytes), align: 2
  Segment part 132. ROOT.
    -------------------------------------------------------------------------
CONFIG_C
  Relative segment, address: CODE_AREA 00002834 - 00002837 (0x4 bytes), align: 2
  Segment part 133. ROOT.
           ENTRY                   ADDRESS         REF BY
           =====                   =======         ======
           cfg_ledcon_time         00002834        OnCallManagerEvent(void *, BOOK *) (Indication of Call)
    -------------------------------------------------------------------------
CONFIG_C
  Relative segment, address: CODE_AREA 00002838 - 00002863 (0x2c bytes), align: 2
  Segment part 134. ROOT.
    -------------------------------------------------------------------------
CONFIG_C
  Relative segment, address: CODE_AREA 00002864 - 0000288F (0x2c bytes), align: 2
  Segment part 135. ROOT.
    -------------------------------------------------------------------------
CONFIG_C
  Relative segment, address: CODE_AREA 00002890 - 000028BB (0x2c bytes), align: 2
  Segment part 136. ROOT.
    -------------------------------------------------------------------------
CONFIG_C
  Relative segment, address: CODE_AREA 000028BC - 000028BF (0x4 bytes), align: 2
  Segment part 137. ROOT.
           ENTRY                   ADDRESS         REF BY
           =====                   =======         ======
           cfg_screencon           000028BC        OnCallManagerEvent(void *, BOOK *) (Indication of Call)
    -------------------------------------------------------------------------
CONFIG_C
  Relative segment, address: CODE_AREA 000028C0 - 000028EB (0x2c bytes), align: 2
  Segment part 138. ROOT.
    -------------------------------------------------------------------------
CONFIG_C
  Relative segment, address: CODE_AREA 000028EC - 000028EF (0x4 bytes), align: 2
  Segment part 139. ROOT.
           ENTRY                   ADDRESS         REF BY
           =====                   =======         ======
           cfg_screencon_time      000028EC        OnCallManagerEvent(void *, BOOK *) (Indication of Call)
    -------------------------------------------------------------------------
CONFIG_C
  Relative segment, address: CODE_AREA 000028F0 - 0000291B (0x2c bytes), align: 2
  Segment part 140. ROOT.
    -------------------------------------------------------------------------
CONFIG_C
  Relative segment, address: CODE_AREA 0000291C - 00002947 (0x2c bytes), align: 2
  Segment part 141. ROOT.
    -------------------------------------------------------------------------
CONFIG_C
  Relative segment, address: CODE_AREA 00002948 - 00002973 (0x2c bytes), align: 2
  Segment part 142. ROOT.
    -------------------------------------------------------------------------
CONFIG_C
  Relative segment, address: CODE_AREA 00002974 - 0000299F (0x2c bytes), align: 2
  Segment part 143. ROOT.
    -------------------------------------------------------------------------
CONFIG_C
  Relative segment, address: CODE_AREA 000029A0 - 000029CB (0x2c bytes), align: 2
  Segment part 144. ROOT.
    -------------------------------------------------------------------------
CONFIG_C
  Relative segment, address: CODE_AREA 000029CC - 000029CF (0x4 bytes), align: 2
  Segment part 145. ROOT.
           ENTRY                   ADDRESS         REF BY
           =====                   =======         ======
           cfg_flashend            000029CC        OnCallManagerEvent(void *, BOOK *) (Indication of Call)
    -------------------------------------------------------------------------
CONFIG_C
  Relative segment, address: CODE_AREA 000029D0 - 000029FB (0x2c bytes), align: 2
  Segment part 146. ROOT.
    -------------------------------------------------------------------------
CONFIG_C
  Relative segment, address: CODE_AREA 000029FC - 000029FF (0x4 bytes), align: 2
  Segment part 147. ROOT.
           ENTRY                   ADDRESS         REF BY
           =====                   =======         ======
           cfg_flashend_time       000029FC        OnCallManagerEvent(void *, BOOK *) (Indication of Call)
    -------------------------------------------------------------------------
CONFIG_C
  Relative segment, address: CODE_AREA 00002A00 - 00002A2B (0x2c bytes), align: 2
  Segment part 148. ROOT.
    -------------------------------------------------------------------------
CONFIG_C
  Relative segment, address: CODE_AREA 00002A2C - 00002A57 (0x2c bytes), align: 2
  Segment part 149. ROOT.
    -------------------------------------------------------------------------
CONFIG_C
  Relative segment, address: CODE_AREA 00002A58 - 00002A83 (0x2c bytes), align: 2
  Segment part 150. ROOT.
    -------------------------------------------------------------------------
CONFIG_C
  Relative segment, address: CODE_AREA 00002A84 - 00002A87 (0x4 bytes), align: 2
  Segment part 151. ROOT.
           ENTRY                   ADDRESS         REF BY
           =====                   =======         ======
           cfg_vibraend            00002A84        OnCallManagerEvent(void *, BOOK *) (Indication of Call)
    -------------------------------------------------------------------------
CONFIG_C
  Relative segment, address: CODE_AREA 00002A88 - 00002AB3 (0x2c bytes), align: 2
  Segment part 152. ROOT.
    -------------------------------------------------------------------------
CONFIG_C
  Relative segment, address: CODE_AREA 00002AB4 - 00002AB7 (0x4 bytes), align: 2
  Segment part 153. ROOT.
           ENTRY                   ADDRESS         REF BY
           =====                   =======         ======
           cfg_vibraend_time       00002AB4        OnCallManagerEvent(void *, BOOK *) (Indication of Call)
    -------------------------------------------------------------------------
CONFIG_C
  Relative segment, address: CODE_AREA 00002AB8 - 00002AE3 (0x2c bytes), align: 2
  Segment part 154. ROOT.
    -------------------------------------------------------------------------
CONFIG_C
  Relative segment, address: CODE_AREA 00002AE4 - 00002B0F (0x2c bytes), align: 2
  Segment part 155. ROOT.
    -------------------------------------------------------------------------
CONFIG_C
  Relative segment, address: CODE_AREA 00002B10 - 00002B3B (0x2c bytes), align: 2
  Segment part 156. ROOT.
    -------------------------------------------------------------------------
CONFIG_C
  Relative segment, address: CODE_AREA 00002B3C - 00002B3F (0x4 bytes), align: 2
  Segment part 157. ROOT.
           ENTRY                   ADDRESS         REF BY
           =====                   =======         ======
           cfg_redledend           00002B3C        OnCallManagerEvent(void *, BOOK *) (Indication of Call)
    -------------------------------------------------------------------------
CONFIG_C
  Relative segment, address: CODE_AREA 00002B40 - 00002B6B (0x2c bytes), align: 2
  Segment part 158. ROOT.
    -------------------------------------------------------------------------
CONFIG_C
[...]
CONFIG_C
  Relative segment, address: CODE_AREA 00002C28 - 00002C53 (0x2c bytes), align: 2
  Segment part 166. ROOT.
    -------------------------------------------------------------------------
CONFIG_C
  Relative segment, address: CODE_AREA 00002C54 - 00002C7F (0x2c bytes), align: 2
  Segment part 167. ROOT.
    -------------------------------------------------------------------------
CONFIG_C
  Relative segment, address: CODE_AREA 00002C80 - 00002CAB (0x2c bytes), align: 2
  Segment part 168. ROOT.
    -------------------------------------------------------------------------
CONFIG_C
  Relative segment, address: CODE_AREA 00002CAC - 00002CAF (0x4 bytes), align: 2
  Segment part 169. ROOT.
           ENTRY                   ADDRESS         REF BY
           =====                   =======         ======
           cfg_screenend           00002CAC        OnCallManagerEvent(void *, BOOK *) (Indication of Call)
    -------------------------------------------------------------------------
CONFIG_C
  Relative segment, address: CODE_AREA 00002CB0 - 00002CDB (0x2c bytes), align: 2
  Segment part 170. ROOT.
    -------------------------------------------------------------------------
CONFIG_C
  Relative segment, address: CODE_AREA 00002CDC - 00002CDF (0x4 bytes), align: 2
  Segment part 171. ROOT.
           ENTRY                   ADDRESS         REF BY
           =====                   =======         ======
           cfg_screenend_time      00002CDC        OnCallManagerEvent(void *, BOOK *) (Indication of Call)
    -------------------------------------------------------------------------
CONFIG_C
  Relative segment, address: CODE_AREA 00002CE0 - 00002D0B (0x2c bytes), align: 2
  Segment part 172. ROOT.
    -------------------------------------------------------------------------
CONFIG_C
  Relative segment, address: CODE_AREA 00002D0C - 00002D37 (0x2c bytes), align: 2
  Segment part 173. ROOT.
    -------------------------------------------------------------------------
CONFIG_C
  Relative segment, address: CODE_AREA 00002D38 - 00002D63 (0x2c bytes), align: 2
  Segment part 174. ROOT.
    -------------------------------------------------------------------------
CONFIG_C
  Relative segment, address: CODE_AREA 00002D64 - 00002D8F (0x2c bytes), align: 2
  Segment part 175. ROOT.
    -------------------------------------------------------------------------
CONFIG_C
  Relative segment, address: CODE_AREA 00002D90 - 00002D93 (0x4 bytes), align: 2
  Segment part 176. ROOT.
           ENTRY                   ADDRESS         REF BY
           =====                   =======         ======
           cfg_vibra_at_minute_end
                                   00002D90        OnCallManagerEvent(void *, BOOK *) (Indication of Call)
    -------------------------------------------------------------------------
CONFIG_C
  Relative segment, address: CODE_AREA 00002D94 - 00002DBF (0x2c bytes), align: 2
  Segment part 177. ROOT.
    -------------------------------------------------------------------------
CONFIG_C
  Relative segment, address: CODE_AREA 00002DC0 - 00002DC3 (0x4 bytes), align: 2
  Segment part 178. ROOT.
           ENTRY                   ADDRESS         REF BY
           =====                   =======         ======
           cfg_vibra_at_minute_end_time
                                   00002DC0        onVibraMinuteTimer(u16, LPARAM) (Indication of Call)
    -------------------------------------------------------------------------
CONFIG_C
  Relative segment, address: CODE_AREA 00002DC4 - 00002DEF (0x2c bytes), align: 2
  Segment part 179. ROOT.
    -------------------------------------------------------------------------
CONFIG_C
  Relative segment, address: CODE_AREA 00002DF0 - 00002DF3 (0x4 bytes), align: 2
  Segment part 180. ROOT.
           ENTRY                   ADDRESS         REF BY
           =====                   =======         ======
           cfg_vibra_at_minute_end_lead
                                   00002DF0        OnCallManagerEvent(void *, BOOK *) (Indication of Call)
    -------------------------------------------------------------------------
CONFIG_C
  Relative segment, address: CODE_AREA 00002DF4 - 00002E1F (0x2c bytes), align: 2
  Segment part 181. ROOT.
    -------------------------------------------------------------------------
CONFIG_C
  Relative segment, address: CODE_AREA 00002E20 - 00002E4B (0x2c bytes), align: 2
  Segment part 182. ROOT.
    -------------------------------------------------------------------------
CONFIG_C
  Relative segment, address: CODE_AREA 00002E4C - 00002E77 (0x2c bytes), align: 2
  Segment part 183. ROOT.
    -------------------------------------------------------------------------
CONFIG_C
  Relative segment, address: CODE_AREA 00002E78 - 00002E7B (0x4 bytes), align: 2
  Segment part 184. ROOT.
           ENTRY                   ADDRESS         REF BY
           =====                   =======         ======
           cfg_vibra_at_n_minute_end
                                   00002E78        OnCallManagerEvent(void *, BOOK *) (Indication of Call)
    -------------------------------------------------------------------------
CONFIG_C
  Relative segment, address: CODE_AREA 00002E7C - 00002EA7 (0x2c bytes), align: 2
  Segment part 185. ROOT.
    -------------------------------------------------------------------------
CONFIG_C
  Relative segment, address: CODE_AREA 00002EA8 - 00002EAB (0x4 bytes), align: 2
  Segment part 186. ROOT.
           ENTRY                   ADDRESS         REF BY
           =====                   =======         ======
           cfg_vibra_at_n_minute_end_time
                                   00002EA8        onVibraNMinuteTimer(u16, LPARAM) (Indication of Call)
    -------------------------------------------------------------------------
CONFIG_C
  Relative segment, address: CODE_AREA 00002EAC - 00002ED7 (0x2c bytes), align: 2
  Segment part 187. ROOT.
    -------------------------------------------------------------------------
CONFIG_C
  Relative segment, address: CODE_AREA 00002ED8 - 00002EDB (0x4 bytes), align: 2
  Segment part 188. ROOT.
           ENTRY                   ADDRESS         REF BY
           =====                   =======         ======
           cfg_vibra_at_n_minute_end_lead
                                   00002ED8        OnCallManagerEvent(void *, BOOK *) (Indication of Call)
    -------------------------------------------------------------------------
CONFIG_C
  Relative segment, address: CODE_AREA 00002EDC - 00002F07 (0x2c bytes), align: 2
  Segment part 189. ROOT.
    -------------------------------------------------------------------------
CONFIG_C
  Relative segment, address: CODE_AREA 00002F08 - 00002F33 (0x2c bytes), align: 2
  Segment part 190. ROOT.
    -------------------------------------------------------------------------
CONFIG_C
  Relative segment, address: CODE_AREA 00002F34 - 00002F5F (0x2c bytes), align: 2
  Segment part 191. ROOT.
    -------------------------------------------------------------------------
CONFIG_C
  Relative segment, address: CODE_AREA 00002F60 - 00002F8B (0x2c bytes), align: 2
  Segment part 192. ROOT.
    -------------------------------------------------------------------------
CONFIG_C
  Relative segment, address: CODE_AREA 00002F8C - 00002F8F (0x4 bytes), align: 2
  Segment part 193. ROOT.
           ENTRY                   ADDRESS         REF BY
           =====                   =======         ======
           cfg_flash_blink_speed   00002F8C        Segment part 75 (Indication of Call)
    -------------------------------------------------------------------------
CONFIG_C
  Relative segment, address: CODE_AREA 00002F90 - 00002FBB (0x2c bytes), align: 2
  Segment part 194. ROOT.
    -------------------------------------------------------------------------
CONFIG_C
  Relative segment, address: CODE_AREA 00002FBC - 00002FE7 (0x2c bytes), align: 2
  Segment part 195. ROOT.
    -------------------------------------------------------------------------
CONFIG_C
  Relative segment, address: CODE_AREA 00002FE8 - 00003013 (0x2c bytes), align: 2
  Segment part 196. ROOT.
    -------------------------------------------------------------------------
CONFIG_C
  Relative segment, address: CODE_AREA 00003014 - 00003017 (0x4 bytes), align: 2
  Segment part 197. ROOT.
           ENTRY                   ADDRESS         REF BY
           =====                   =======         ======
           cfg_redled_ontime       00003014        Segment part 73 (Indication of Call)
    -------------------------------------------------------------------------
CONFIG_C
  Relative segment, address: CODE_AREA 00003018 - 00003043 (0x2c bytes), align: 2
  Segment part 198. ROOT.
    -------------------------------------------------------------------------
CONFIG_C
  Relative segment, address: CODE_AREA 00003044 - 00003047 (0x4 bytes), align: 2
  Segment part 199. ROOT.
           ENTRY                   ADDRESS         REF BY
           =====                   =======         ======
           cfg_redled_offtime      00003044        onTimerREDLED(u16, LPARAM) (Indication of Call)
    -------------------------------------------------------------------------
CONFIG_C
  Relative segment, address: CODE_AREA 00003048 - 00003073 (0x2c bytes), align: 2
  Segment part 200. ROOT.
    -------------------------------------------------------------------------
CONFIG_C
  Relative segment, address: CODE_AREA 00003074 - 0000309F (0x2c bytes), align: 2
  Segment part 201. ROOT.
    -------------------------------------------------------------------------
CONFIG_C
  Relative segment, address: CODE_AREA 000030A0 - 000030CB (0x2c bytes), align: 2
  Segment part 202. ROOT.
    -------------------------------------------------------------------------
CONFIG_C
  Relative segment, address: CODE_AREA 000030CC - 000030CF (0x4 bytes), align: 2
  Segment part 203. ROOT.
           ENTRY                   ADDRESS         REF BY
           =====                   =======         ======
           cfg_phone_type          000030CC        Segment part 47 (Indication of Call)
    -------------------------------------------------------------------------
CONFIG_C
  Relative segment, address: CODE_AREA 000030D0 - 0000312F (0x60 bytes), align: 2
  Segment part 204. ROOT.
    -------------------------------------------------------------------------
CONFIG_C
  Relative segment, address: CODE_AREA 00003130 - 0000315B (0x2c bytes), align: 2
  Segment part 205. ROOT.
    -------------------------------------------------------------------------
CONFIG_C
  Relative segment, address: CODE_AREA 0000315C - 0000315F (0x4 bytes), align: 2
  Segment part 206. ROOT.
           ENTRY                   ADDRESS         REF BY
           =====                   =======         ======
           cfg_led_blink_mode      0000315C        onTimerLED(u16, LPARAM) (Indication of Call)
    -------------------------------------------------------------------------
CONFIG_C
  Relative segment, address: CODE_AREA 00003160 - 0000319F (0x40 bytes), align: 2
  Segment part 207. ROOT.
    -------------------------------------------------------------------------
CONFIG_C
  Relative segment, address: CODE_AREA 000031A0 - 000031CB (0x2c bytes), align: 2
  Segment part 208. ROOT.
    -------------------------------------------------------------------------
CONFIG_C
  Relative segment, address: CODE_AREA 000031CC - 000031CF (0x4 bytes), align: 2
  Segment part 209. ROOT.
           ENTRY                   ADDRESS         REF BY
           =====                   =======         ======
           cfg_led_blink_speed     000031CC        Segment part 65 (Indication of Call)
    -------------------------------------------------------------------------
CONFIG_C
  Relative segment, address: CODE_AREA 000031D0 - 000031FB (0x2c bytes), align: 2
  Segment part 210. ROOT.
    -------------------------------------------------------------------------
CONFIG_C
  Relative segment, address: CODE_AREA 000031FC - 00003227 (0x2c bytes), align: 2
  Segment part 211. ROOT.
    -------------------------------------------------------------------------
CONFIG_C
  Relative segment, address: CODE_AREA 00003228 - 0000322B (0x4 bytes), align: 2
  Segment part 212. ROOT.
           ENTRY                   ADDRESS         REF BY
           =====                   =======         ======
           cfg_led580_blink_mode   00003228        onTimerLED(u16, LPARAM) (Indication of Call)
    -------------------------------------------------------------------------
CONFIG_C
  Relative segment, address: CODE_AREA 0000322C - 0000328B (0x60 bytes), align: 2
  Segment part 213. ROOT.
    -------------------------------------------------------------------------
CONFIG_C
  Relative segment, address: CODE_AREA 0000328C - 000032B7 (0x2c bytes), align: 2
  Segment part 214. ROOT.
    -------------------------------------------------------------------------
CONFIG_C
  Relative segment, address: CODE_AREA 000032B8 - 000032BB (0x4 bytes), align: 2
  Segment part 215. ROOT.
           ENTRY                   ADDRESS         REF BY
           =====                   =======         ======
           cfg_led580_color        000032B8        onTimerLED(u16, LPARAM) (Indication of Call)
    -------------------------------------------------------------------------
CONFIG_C
  Relative segment, address: CODE_AREA 000032BC - 000032E7 (0x2c bytes), align: 2
  Segment part 216. ROOT.
    -------------------------------------------------------------------------
CONFIG_C
  Relative segment, address: CODE_AREA 000032E8 - 00003313 (0x2c bytes), align: 2
  Segment part 217. ROOT.
    -------------------------------------------------------------------------
CONFIG_C
  Relative segment, address: CODE_AREA 00003314 - 0000333F (0x2c bytes), align: 2
  Segment part 218. ROOT.
    -------------------------------------------------------------------------
CONFIG_C
  Relative segment, address: CODE_AREA 00003340 - 0000336B (0x2c bytes), align: 2
  Segment part 219. ROOT.
    -------------------------------------------------------------------------
CONFIG_C
  Relative segment, address: CODE_AREA 0000336C - 0000336F (0x4 bytes), align: 2
  Segment part 220. ROOT.
           ENTRY                   ADDRESS         REF BY
           =====                   =======         ======
           cfg_screen_blink_speed
                                   0000336C        Segment part 74 (Indication of Call)
    -------------------------------------------------------------------------
CONFIG_C
  Relative segment, address: CODE_AREA 00003370 - 0000339B (0x2c bytes), align: 2
  Segment part 221. ROOT.
    -------------------------------------------------------------------------
CONFIG_C
  Relative segment, address: CODE_AREA 0000339C - 0000339F (0x4 bytes), align: 2
  Segment part 222. ROOT.
           ENTRY                   ADDRESS         REF BY
           =====                   =======         ======
           cfg_screen_level        0000339C        Segment part 50 (Indication of Call)
    -------------------------------------------------------------------------
CONFIG_C
  Relative segment, address: CODE_AREA 000033A0 - 000033CB (0x2c bytes), align: 2
  Segment part 223. ROOT.
    -------------------------------------------------------------------------
CONFIG_C
  Relative segment, address: CODE_AREA 000033CC - 000033F7 (0x2c bytes), align: 2
  Segment part 224. ROOT.

    *************************************************************************

  FILE NAME : Z:\home\perk11\www\perk11.info\svn\SE\Indication Of Call\Release\Obj\func.r79
  PROGRAM MODULE, NAME : func

  SEGMENTS IN THE MODULE
  ======================
ELFBEGIN
  Relative segment, address: CODE_AREA 00000000, align: 0
  Segment part 0. ROOT.
           ENTRY                   ADDRESS         REF BY
           =====                   =======         ======
           ELF_BEGIN               00000000        elf_exit() (Indication of Call)
    -------------------------------------------------------------------------
CODE
  Relative segment, address: CODE_AREA 000016F8 - 0000170F (0x18 bytes), align: 2
  Segment part 1. ROOT.
           ENTRY                   ADDRESS         REF BY
           =====                   =======         ======
           kill_data               000016F8        elf_exit() (Indication of Call)
           seqkill                 000016FC 
           ASYNC                   0000170C 
           SYNC                    00001708 
    -------------------------------------------------------------------------
DYN_CONST
  Relative segment, address: CODE_AREA 000033F8 - 000033FB (0x4 bytes), align: 2
  Segment part 108.
           ENTRY                   ADDRESS         REF BY
           =====                   =======         ======
           VOLUMEUPKEY_SHORT_PRESS_EVENT
                                   000033F8        Segment part 86 (Indication of Call)
    -------------------------------------------------------------------------
DYN_CONST
  Relative segment, address: CODE_AREA 000033FC - 000033FF (0x4 bytes), align: 2
  Segment part 111.
           ENTRY                   ADDRESS         REF BY
           =====                   =======         ======
           VOLUMEDOWNKEY_SHORT_PRESS_EVENT
                                   000033FC        Segment part 88 (Indication of Call)
    -------------------------------------------------------------------------
DYN_CONST_DESC
  Relative segment, address: CODE_AREA 00003400 - 00003403 (0x4 bytes), align: 2
  Segment part 681. ROOT.
    -------------------------------------------------------------------------
DYN_PAGE
  Relative segment, address: CODE_AREA 00003434, align: 2
  Segment part 682.
    -------------------------------------------------------------------------
DYN_PAGE_DESC
  Relative segment, address: CODE_AREA 00003434 - 00003437 (0x4 bytes), align: 2
  Segment part 683. ROOT.




                ****************************************
                *                                      *
                *      SEGMENTS IN ADDRESS ORDER       *
                *                                      *
                ****************************************


SEGMENT              SPACE    START ADDRESS   END ADDRESS     SIZE  TYPE  ALIGN
=======              =====    =============   ===========     ====  ====  =====
ELFBEGIN             CODE_AREA           00000000                     rel    0
DATA_ID              CODE_AREA      00000000 - 0000005F          60   rel    2
START                CODE_AREA           00000060                     dse    0
CODE                 CODE_AREA      00000060 - 0000170F        16B0   rel    2
DATA_C               CODE_AREA      00001710 - 00001825         116   rel    2
INITTAB              CODE_AREA      00001828 - 0000183F          18   rel    2
DATA_Z               CODE_AREA           00001840                     dse    0
DATA_N               CODE_AREA           00001840                     dse    0
CONFIG_C             CODE_AREA      00001840 - 000033F7        1BB8   rel    2
DYN_CONST            CODE_AREA      000033F8 - 000033FF           8   rel    2
DYN_CONST_DESC       CODE_AREA      00003400 - 00003403           4   rel    2
DYN_PAGE             CODE_AREA      00003404 - 00003433          30   rel    2
DYN_PAGE_DESC        CODE_AREA      00003434 - 00003437           4   rel    2
DATA_I               DATA_AREA      00000000 - 0000005F          60   rel    2

                ****************************************
                *                                      *
                *        END OF CROSS REFERENCE        *
                *                                      *
                ****************************************

 13 366 bytes of CODE memory
     96 bytes of DATA memory

Errors: none
Warnings: none

