################################################################################
#                                                                              #
#      IAR Universal Linker V4.60I/386                                         #
#                                                                              #
#           Link time     =  10/Jun/2013  23:01:30                             #
#           Target CPU    =  ARM                                               #
#           List file     =  Z:\home\perk11\www\perk11.info\svn\SE\CreateTXTFi #
#                            le\Release\List\CreateTXTFile.map                 #
#           Output file 1 =  Z:\home\perk11\www\perk11.info\svn\SE\CreateTXTFi #
#                            le\Release\Exe\CreateTXTFile.elf                  #
#                            Format: elf, variant: -ynpra                      #
#           Command line  =  Z:\home\perk11\www\perk11.info\svn\SE\CreateTXTFi #
#                            le\Release\Obj\_cpp2.r79                          #
#                            Z:\home\perk11\www\perk11.info\svn\SE\CreateTXTFi #
#                            le\Release\Obj\func.r79                           #
#                            Z:\home\perk11\www\perk11.info\svn\SE\CreateTXTFi #
#                            le\Release\Obj\main.r79                           #
#                            -o                                                #
#                            Z:\home\perk11\www\perk11.info\svn\SE\CreateTXTFi #
#                            le\Release\Exe\CreateTXTFile.elf                  #
#                            -Felf -l                                          #
#                            Z:\home\perk11\www\perk11.info\svn\SE\CreateTXTFi #
#                            le\Release\List\CreateTXTFile.map                 #
#                            -xms -f                                           #
#                            Z:\home\perk11\www\perk11.info\svn\SE\CreateTXTFi #
#                            le\..\include\1.xcl                               #
#                            (-carm -ynpra -V(CODE)CODE_AREA,12                #
#                            -V(DATA)DATA_AREA,12                              #
#                            -Z(CODE_AREA)ELFBEGIN,DATA_ID,START,CODE,DATA_C,I #
#                            NITTAB,DATA_Z,DATA_N,CONFIG_C,DYN_CONST,DYN_CONST #
#                            _DESC,DYN_PAGE,DYN_PAGE_DESC=0-FFFFFFFF           #
#                            -Z(DATA_AREA)DATA_I=0-FFFFFFFF) -s main           #
#                                                                              #
#                        Copyright 1987-2007 IAR Systems. All rights reserved. #
################################################################################





                ****************************************
                *                                      *
                *           CROSS REFERENCE            *
                *                                      *
                ****************************************

       Program entry at : CODE_AREA 00000D78  Relocatable, from module : main




                ****************************************
                *                                      *
                *            RUNTIME MODEL             *
                *                                      *
                ****************************************

  ARMv4M                 = USED
  ARMv4T                 = USED
  ARMv5T                 = USED
  StackAlign4            = USED
  __cpu_mode             = __pcs__interwork
  __data_model           = absolute
  __dlib_file_descriptor = 1
  __endian               = little
  __rt_version           = 6



                ****************************************
                *                                      *
                *              MODULE MAP              *
                *                                      *
                ****************************************


  DEFINED ABSOLUTE ENTRIES
    *************************************************************************

  DEFINED ABSOLUTE ENTRIES
    *************************************************************************

  FILE NAME : Z:\home\perk11\www\perk11.info\svn\SE\CreateTXTFile\Release\Obj\_cpp2.r79
  PROGRAM MODULE, NAME : _cpp2

  SEGMENTS IN THE MODULE
  ======================
CODE
  Relative segment, address: CODE_AREA 00000010 - 0000001B (0xc bytes), align: 2
  Segment part 3.
           ENTRY                   ADDRESS         REF BY
           =====                   =======         ======
           operator new(size_t)    00000010        CreateCreateFileBook() (main)
               stack 1 = 00000000 ( 00000004 )
    -------------------------------------------------------------------------
CODE
  Relative segment, address: CODE_AREA 0000001C - 00000027 (0xc bytes), align: 2
  Segment part 5.
           ENTRY                   ADDRESS         REF BY
           =====                   =======         ======
           operator new[](size_t)
                                   0000001C        AcceptAction_FileName(BOOK *, wchar_t *, int) (main)
                                                   AcceptAction_String(BOOK *, wchar_t *, int) (main)
               stack 1 = 00000000 ( 00000004 )
    -------------------------------------------------------------------------
CODE
  Relative segment, address: CODE_AREA 00000028 - 00000033 (0xc bytes), align: 2
  Segment part 7.
           ENTRY                   ADDRESS         REF BY
           =====                   =======         ======
           operator delete(void *)
                                   00000028        AcceptAction_FileName(BOOK *, wchar_t *, int) (main)
                                                   AcceptAction_String(BOOK *, wchar_t *, int) (main)
                                                   onCloseCreateFileBook(BOOK *) (main)
               stack 1 = 00000000 ( 00000004 )

    *************************************************************************

  FILE NAME : Z:\home\perk11\www\perk11.info\svn\SE\CreateTXTFile\Release\Obj\func.r79
  PROGRAM MODULE, NAME : func

  SEGMENTS IN THE MODULE
  ======================
ELFBEGIN
  Relative segment, address: CODE_AREA 00000000, align: 0
  Segment part 0. ROOT.
           ENTRY                   ADDRESS         REF BY
           =====                   =======         ======
           ELF_BEGIN               00000000        elf_exit() (main)
    -------------------------------------------------------------------------
CODE
  Relative segment, address: CODE_AREA 00000034 - 0000004B (0x18 bytes), align: 2
  Segment part 1. ROOT.
           ENTRY                   ADDRESS         REF BY
           =====                   =======         ======
           kill_data               00000034        elf_exit() (main)
           seqkill                 00000038 
           ASYNC                   00000048 
           SYNC                    00000044 
    -------------------------------------------------------------------------
DYN_CONST
  Relative segment, address: CODE_AREA 00001134 - 00001137 (0x4 bytes), align: 2
  Segment part 21.
           ENTRY                   ADDRESS         REF BY
           =====                   =======         ======
           ACTION_SELECT1          00001134        Segment part 55 (main)
    -------------------------------------------------------------------------
DYN_CONST
  Relative segment, address: CODE_AREA 00001138 - 0000113B (0x4 bytes), align: 2
  Segment part 327.
           ENTRY                   ADDRESS         REF BY
           =====                   =======         ======
           ACTION_BACK             00001138        Segment part 52 (main)
    -------------------------------------------------------------------------
DYN_CONST
  Relative segment, address: CODE_AREA 0000113C - 0000113F (0x4 bytes), align: 2
  Segment part 328.
           ENTRY                   ADDRESS         REF BY
           =====                   =======         ======
           ACTION_LONG_BACK        0000113C        Segment part 53 (main)
    -------------------------------------------------------------------------
DYN_CONST
  Relative segment, address: CODE_AREA 00001140 - 00001143 (0x4 bytes), align: 2
  Segment part 527.
           ENTRY                   ADDRESS         REF BY
           =====                   =======         ======
           VAR_ARG_BOOK            00001140        Segment part 78 (main)
    -------------------------------------------------------------------------
DYN_CONST
  Relative segment, address: CODE_AREA 00001144 - 00001147 (0x4 bytes), align: 2
  Segment part 529.
           ENTRY                   ADDRESS         REF BY
           =====                   =======         ======
           VAR_ARG_CALL_BACK_OK    00001144        Segment part 74 (main)
    -------------------------------------------------------------------------
DYN_CONST
  Relative segment, address: CODE_AREA 00001148 - 0000114B (0x4 bytes), align: 2
  Segment part 530.
           ENTRY                   ADDRESS         REF BY
           =====                   =======         ======
           VAR_ARG_CALL_BACK_PREV_ACT
                                   00001148        Segment part 73 (main)
    -------------------------------------------------------------------------
DYN_CONST
  Relative segment, address: CODE_AREA 0000114C - 0000114F (0x4 bytes), align: 2
  Segment part 531.
           ENTRY                   ADDRESS         REF BY
           =====                   =======         ======
           VAR_ARG_CALL_BACK_LONG_BACK
                                   0000114C        Segment part 72 (main)
    -------------------------------------------------------------------------
DYN_CONST
  Relative segment, address: CODE_AREA 00001150 - 00001153 (0x4 bytes), align: 2
  Segment part 533.
           ENTRY                   ADDRESS         REF BY
           =====                   =======         ======
           VAR_ARG_STRINP_FIXED_TEXT
                                   00001150        Segment part 77 (main)
    -------------------------------------------------------------------------
DYN_CONST
  Relative segment, address: CODE_AREA 00001154 - 00001157 (0x4 bytes), align: 2
  Segment part 534.
           ENTRY                   ADDRESS         REF BY
           =====                   =======         ======
           VAR_ARG_STRINP_TEXT     00001154        CreateNameInput(int, u16, char) (main)
    -------------------------------------------------------------------------
DYN_CONST
  Relative segment, address: CODE_AREA 00001158 - 0000115B (0x4 bytes), align: 2
  Segment part 537.
           ENTRY                   ADDRESS         REF BY
           =====                   =======         ======
           VAR_ARG_STRINP_MAX_LEN
                                   00001158        Segment part 75 (main)
    -------------------------------------------------------------------------
DYN_CONST
  Relative segment, address: CODE_AREA 0000115C - 0000115F (0x4 bytes), align: 2
  Segment part 538.
           ENTRY                   ADDRESS         REF BY
           =====                   =======         ======
           VAR_ARG_STRINP_MIN_LEN
                                   0000115C        Segment part 76 (main)
    -------------------------------------------------------------------------
DYN_CONST_DESC
  Relative segment, address: CODE_AREA 00001160 - 00001163 (0x4 bytes), align: 2
  Segment part 681. ROOT.
    -------------------------------------------------------------------------
DYN_PAGE
  Relative segment, address: CODE_AREA 00001164, align: 2
  Segment part 682.
    -------------------------------------------------------------------------
DYN_PAGE_DESC
  Relative segment, address: CODE_AREA 0000118C - 0000118F (0x4 bytes), align: 2
  Segment part 683. ROOT.

    *************************************************************************

  FILE NAME : Z:\home\perk11\www\perk11.info\svn\SE\CreateTXTFile\Release\Obj\main.r79
  PROGRAM MODULE, NAME : main

  SEGMENTS IN THE MODULE
  ======================
CODE
  Relative segment, address: CODE_AREA 0000004C - 0000010B (0xc0 bytes), align: 2
  Segment part 19.            Intra module refs:   AcceptAction_String(BOOK *, wchar_t *, int)
           ENTRY                   ADDRESS         REF BY
           =====                   =======         ======
           unicode2win1251(char *, wchar_t *, int)
                                   0000004C 
               stack 1 = 00000000 ( 00000004 )
    -------------------------------------------------------------------------
CODE
  Relative segment, address: CODE_AREA 0000010C - 0000011F (0x14 bytes), align: 2
  Segment part 21.            Intra module refs:   Segment part 71
           ENTRY                   ADDRESS         REF BY
           =====                   =======         ======
           ExitAction(BOOK *)      0000010C 
               stack 1 = 00000000 ( 00000004 )
    -------------------------------------------------------------------------
CODE
  Relative segment, address: CODE_AREA 00000120 - 00000133 (0x14 bytes), align: 2
  Segment part 23.            Intra module refs:   Segment part 17
           ENTRY                   ADDRESS         REF BY
           =====                   =======         ======
           TerminateElf(void *, BOOK *)
                                   00000120 
               stack 1 = 00000000 ( 00000004 )
    -------------------------------------------------------------------------
CODE
  Relative segment, address: CODE_AREA 00000134 - 00000187 (0x54 bytes), align: 2
  Segment part 25.            Intra module refs:   Segment part 17
           ENTRY                   ADDRESS         REF BY
           =====                   =======         ======
           ShowAuthorInfo(void *, BOOK *)
                                   00000134 
               stack 1 = 00000000 ( 00000014 )
    -------------------------------------------------------------------------
CODE
  Relative segment, address: CODE_AREA 00000188 - 000001B3 (0x2c bytes), align: 2
  Segment part 27.            Intra module refs:   CreateList()
                                                   onAccept(void *, BOOK *)
                                                   onCloseCreateFileBook(BOOK *)
           ENTRY                   ADDRESS         REF BY
           =====                   =======         ======
           DestroyList(BOOK *, GUI *)
                                   00000188 
               stack 1 = 00000000 ( 00000008 )
    -------------------------------------------------------------------------
CODE
  Relative segment, address: CODE_AREA 000001B4 - 000001DF (0x2c bytes), align: 2
  Segment part 29.            Intra module refs:   CreateOOMList()
                                                   onCloseCreateFileBook(BOOK *)
           ENTRY                   ADDRESS         REF BY
           =====                   =======         ======
           DestroyOOM(BOOK *, GUI *)
                                   000001B4 
               stack 1 = 00000000 ( 00000008 )
    -------------------------------------------------------------------------
CODE
  Relative segment, address: CODE_AREA 000001E0 - 0000020F (0x30 bytes), align: 2
  Segment part 31.            Intra module refs:   CreateNameInput(int, u16, char)
                                                   onCloseCreateFileBook(BOOK *)
           ENTRY                   ADDRESS         REF BY
           =====                   =======         ======
           DestroyNameInput()      000001E0 
               stack 1 = 00000000 ( 00000008 )
    -------------------------------------------------------------------------
CODE
  Relative segment, address: CODE_AREA 00000210 - 0000023F (0x30 bytes), align: 2
  Segment part 33.            Intra module refs:   onCloseCreateFileBook(BOOK *)
           ENTRY                   ADDRESS         REF BY
           =====                   =======         ======
           DestroyTextInput()      00000210 
               stack 1 = 00000000 ( 00000008 )
    -------------------------------------------------------------------------
CODE
  Relative segment, address: CODE_AREA 00000240 - 000003BB (0x17c bytes), align: 2
  Segment part 35.            Intra module refs:   Segment part 17
           ENTRY                   ADDRESS         REF BY
           =====                   =======         ======
           onAccept(void *, BOOK *)
                                   00000240 
               stack 1 = 00000000 ( 00000028 )
    -------------------------------------------------------------------------
CODE
  Relative segment, address: CODE_AREA 000003BC - 0000049B (0xe0 bytes), align: 2
  Segment part 37.            Intra module refs:   onEnter(BOOK *, GUI *)
           ENTRY                   ADDRESS         REF BY
           =====                   =======         ======
           CreateBrowser(wchar_t const * *)
                                   000003BC 
               stack 1 = 00000000 ( 0000002C )
    -------------------------------------------------------------------------
CODE
  Relative segment, address: CODE_AREA 0000049C - 000004AF (0x14 bytes), align: 2
  Segment part 39.            Intra module refs:   Segment part 54
           ENTRY                   ADDRESS         REF BY
           =====                   =======         ======
           ExitActionList(BOOK *, GUI *)
                                   0000049C 
               stack 1 = 00000000 ( 00000004 )
    -------------------------------------------------------------------------
CODE
  Relative segment, address: CODE_AREA 000004B0 - 000004EF (0x40 bytes), align: 2
  Segment part 41.            Intra module refs:   CreateList()
           ENTRY                   ADDRESS         REF BY
           =====                   =======         ======
           onEnter(BOOK *, GUI *)
                                   000004B0 
               stack 1 = 00000000 ( 00000010 )
    -------------------------------------------------------------------------
CODE
  Relative segment, address: CODE_AREA 000004F0 - 00000597 (0xa8 bytes), align: 2
  Segment part 43.            Intra module refs:   CreateList()
           ENTRY                   ADDRESS         REF BY
           =====                   =======         ======
           list_callback(GUI_MESSAGE *)
                                   000004F0 
               stack 1 = 00000000 ( 00000014 )
    -------------------------------------------------------------------------
CODE
  Relative segment, address: CODE_AREA 00000598 - 000006A3 (0x10c bytes), align: 2
  Segment part 45.            Intra module refs:   oom_onEnter(BOOK *, GUI *)
           ENTRY                   ADDRESS         REF BY
           =====                   =======         ======
           CreateList()            00000598 
               stack 1 = 00000000 ( 00000014 )
    -------------------------------------------------------------------------
CODE
  Relative segment, address: CODE_AREA 000006A4 - 000006C7 (0x24 bytes), align: 2
  Segment part 47.            Intra module refs:   CreateOOMList()
           ENTRY                   ADDRESS         REF BY
           =====                   =======         ======
           oom_onEnter(BOOK *, GUI *)
                                   000006A4 
               stack 1 = 00000000 ( 00000008 )
    -------------------------------------------------------------------------
CODE
  Relative segment, address: CODE_AREA 000006C8 - 0000071F (0x58 bytes), align: 2
  Segment part 49.            Intra module refs:   CreateOOMList()
           ENTRY                   ADDRESS         REF BY
           =====                   =======         ======
           oom_callback(GUI_MESSAGE *)
                                   000006C8 
               stack 1 = 00000000 ( 00000010 )
    -------------------------------------------------------------------------
CODE
  Relative segment, address: CODE_AREA 00000720 - 0000083F (0x120 bytes), align: 2
  Segment part 51.            Intra module refs:   AcceptAction_FileName(BOOK *, wchar_t *, int)
           ENTRY                   ADDRESS         REF BY
           =====                   =======         ======
           CreateOOMList()         00000720 
               stack 1 = 00000000 ( 00000014 )
    -------------------------------------------------------------------------
CODE
  Relative segment, address: CODE_AREA 00000840 - 00000843 (0x4 bytes), align: 2
  Segment part 52.            Intra module refs:   CreateList()
                                                   CreateOOMList()
    -------------------------------------------------------------------------
CODE
  Relative segment, address: CODE_AREA 00000844 - 00000847 (0x4 bytes), align: 2
  Segment part 53.            Intra module refs:   CreateList()
                                                   CreateOOMList()
    -------------------------------------------------------------------------
CODE
  Relative segment, address: CODE_AREA 00000848 - 0000084B (0x4 bytes), align: 2
  Segment part 54.            Intra module refs:   CreateList()
                                                   CreateOOMList()
    -------------------------------------------------------------------------
CODE
  Relative segment, address: CODE_AREA 0000084C - 0000084F (0x4 bytes), align: 2
  Segment part 55.            Intra module refs:   CreateList()
                                                   CreateOOMList()
    -------------------------------------------------------------------------
DYN_PAGE
  Relative segment, address: CODE_AREA 00001164 - 0000118B (0x28 bytes), align: 2
  Segment part 17.            Intra module refs:   Segment part 16
    -------------------------------------------------------------------------
DATA_I
  Relative segment, address: DATA_AREA 00000000 - 0000000F (0x10 bytes), align: 2
  Segment part 15.            Intra module refs:   Segment part 70
           ENTRY                   ADDRESS         REF BY
           =====                   =======         ======
           CreateFileBook          00000000 
           base_page               00000004 
    -------------------------------------------------------------------------
CODE
  Relative segment, address: CODE_AREA 00000850 - 000009A3 (0x154 bytes), align: 2
  Segment part 57.            Intra module refs:   CreateNameInput(int, u16, char)
           ENTRY                   ADDRESS         REF BY
           =====                   =======         ======
           AcceptAction_FileName(BOOK *, wchar_t *, int)
                                   00000850 
               stack 1 = 00000000 ( 000000D8 )
    -------------------------------------------------------------------------
CODE
  Relative segment, address: CODE_AREA 000009A4 - 00000A7F (0xdc bytes), align: 2
  Segment part 59.            Intra module refs:   AcceptAction_String(BOOK *, wchar_t *, int)
           ENTRY                   ADDRESS         REF BY
           =====                   =======         ======
           CreateNameInput(int, u16, char)
                                   000009A4 
               stack 1 = 00000000 ( 00000050 )
    -------------------------------------------------------------------------
CODE
  Relative segment, address: CODE_AREA 00000A80 - 00000B27 (0xa8 bytes), align: 2
  Segment part 61.            Intra module refs:   CreateCreateFileBook()
           ENTRY                   ADDRESS         REF BY
           =====                   =======         ======
           AcceptAction_String(BOOK *, wchar_t *, int)
                                   00000A80 
               stack 1 = 00000000 ( 00000010 )
    -------------------------------------------------------------------------
CODE
  Relative segment, address: CODE_AREA 00000B28 - 00000B43 (0x1c bytes), align: 2
  Segment part 63.            Intra module refs:   Segment part 84
           ENTRY                   ADDRESS         REF BY
           =====                   =======         ======
           elf_exit()              00000B28 
               stack 1 = 00000000 ( 00000004 )
    -------------------------------------------------------------------------
CODE
  Relative segment, address: CODE_AREA 00000B44 - 00000B7B (0x38 bytes), align: 2
  Segment part 65.            Intra module refs:   onCloseCreateFileBook(BOOK *)
           ENTRY                   ADDRESS         REF BY
           =====                   =======         ======
           isMyDataBrowser(BOOK *)
                                   00000B44 
               stack 1 = 00000000 ( 00000008 )
    -------------------------------------------------------------------------
CODE
  Relative segment, address: CODE_AREA 00000B7C - 00000C0F (0x94 bytes), align: 2
  Segment part 67.            Intra module refs:   CreateCreateFileBook()
           ENTRY                   ADDRESS         REF BY
           =====                   =======         ======
           onCloseCreateFileBook(BOOK *)
                                   00000B7C 
               stack 1 = 00000000 ( 00000008 )
    -------------------------------------------------------------------------
CODE
  Relative segment, address: CODE_AREA 00000C10 - 00000D27 (0x118 bytes), align: 2
  Segment part 69.            Intra module refs:   main
           ENTRY                   ADDRESS         REF BY
           =====                   =======         ======
           CreateCreateFileBook()
                                   00000C10 
               stack 1 = 00000000 ( 00000048 )
    -------------------------------------------------------------------------
CODE
  Relative segment, address: CODE_AREA 00000D28 - 00000D2B (0x4 bytes), align: 2
  Segment part 70.            Intra module refs:   AcceptAction_FileName(BOOK *, wchar_t *, int)
                                                   AcceptAction_String(BOOK *, wchar_t *, int)
                                                   CreateBrowser(wchar_t const * *)
                                                   CreateCreateFileBook()
                                                   CreateList()
                                                   CreateNameInput(int, u16, char)
                                                   CreateOOMList()
                                                   DestroyList(BOOK *, GUI *)
                                                   DestroyNameInput()
                                                   DestroyOOM(BOOK *, GUI *)
                                                   DestroyTextInput()
                                                   ExitAction(BOOK *)
                                                   ExitActionList(BOOK *, GUI *)
                                                   isMyDataBrowser(BOOK *)
                                                   onAccept(void *, BOOK *)
                                                   onCloseCreateFileBook(BOOK *)
                                                   onEnter(BOOK *, GUI *)
                                                   oom_onEnter(BOOK *, GUI *)
    -------------------------------------------------------------------------
CODE
  Relative segment, address: CODE_AREA 00000D2C - 00000D2F (0x4 bytes), align: 2
  Segment part 71.            Intra module refs:   CreateCreateFileBook()
                                                   CreateNameInput(int, u16, char)
    -------------------------------------------------------------------------
CODE
  Relative segment, address: CODE_AREA 00000D30 - 00000D33 (0x4 bytes), align: 2
  Segment part 72.            Intra module refs:   CreateCreateFileBook()
                                                   CreateNameInput(int, u16, char)
    -------------------------------------------------------------------------
CODE
  Relative segment, address: CODE_AREA 00000D34 - 00000D37 (0x4 bytes), align: 2
  Segment part 73.            Intra module refs:   CreateCreateFileBook()
                                                   CreateNameInput(int, u16, char)
    -------------------------------------------------------------------------
CODE
  Relative segment, address: CODE_AREA 00000D38 - 00000D3B (0x4 bytes), align: 2
  Segment part 74.            Intra module refs:   CreateCreateFileBook()
                                                   CreateNameInput(int, u16, char)
    -------------------------------------------------------------------------
CODE
  Relative segment, address: CODE_AREA 00000D3C - 00000D3F (0x4 bytes), align: 2
  Segment part 75.            Intra module refs:   CreateCreateFileBook()
                                                   CreateNameInput(int, u16, char)
    -------------------------------------------------------------------------
CODE
  Relative segment, address: CODE_AREA 00000D40 - 00000D43 (0x4 bytes), align: 2
  Segment part 76.            Intra module refs:   CreateCreateFileBook()
                                                   CreateNameInput(int, u16, char)
    -------------------------------------------------------------------------
CODE
  Relative segment, address: CODE_AREA 00000D44 - 00000D47 (0x4 bytes), align: 2
  Segment part 77.            Intra module refs:   CreateCreateFileBook()
                                                   CreateNameInput(int, u16, char)
    -------------------------------------------------------------------------
CODE
  Relative segment, address: CODE_AREA 00000D48 - 00000D4B (0x4 bytes), align: 2
  Segment part 78.            Intra module refs:   CreateCreateFileBook()
                                                   CreateNameInput(int, u16, char)
    -------------------------------------------------------------------------
CODE
  Relative segment, address: CODE_AREA 00000D4C - 00000D73 (0x28 bytes), align: 2
  Segment part 80.            Intra module refs:   main
           ENTRY                   ADDRESS         REF BY
           =====                   =======         ======
           isCreateFileBook(BOOK *)
                                   00000D4C 
               stack 1 = 00000000 ( 00000004 )
    -------------------------------------------------------------------------
CODE
  Relative segment, address: CODE_AREA 00000D74 - 00000D77 (0x4 bytes), align: 2
  Segment part 81.            Intra module refs:   CreateCreateFileBook()
                                                   isCreateFileBook(BOOK *)
    -------------------------------------------------------------------------
CODE
  Relative segment, address: CODE_AREA 00000D78 - 00000DF3 (0x7c bytes), align: 2
  Segment part 83.
           ENTRY                   ADDRESS         REF BY
           =====                   =======         ======
           main                    00000D78        Absolute parts (?ABS_ENTRY_MOD)
               stack 1 = 00000000 ( 00000010 )
    -------------------------------------------------------------------------
CODE
  Relative segment, address: CODE_AREA 00000DF4 - 00000DF7 (0x4 bytes), align: 2
  Segment part 84.            Intra module refs:   main
                                                   onCloseCreateFileBook(BOOK *)
    -------------------------------------------------------------------------
DATA_ID
  Relative segment, address: CODE_AREA 00000000 - 0000000F (0x10 bytes), align: 2
  Segment part 16.            Intra module refs:   Segment part 15
    -------------------------------------------------------------------------
INITTAB
  Relative segment, address: CODE_AREA 00001128 - 00001133 (0xc bytes), align: 2
  Segment part 90. ROOT.
           ENTRY                   ADDRESS         REF BY
           =====                   =======         ======
           ?init?tab?DATA_I        00001128 
    -------------------------------------------------------------------------
DATA_C
  Relative segment, address: CODE_AREA 00000DF8 - 00000E0B (0x14 bytes), align: 2
  Segment part 2.             Intra module refs:   Segment part 16
    -------------------------------------------------------------------------
DATA_C
  Relative segment, address: CODE_AREA 00000E0C - 00000E5B (0x50 bytes), align: 2
  Segment part 3.             Intra module refs:   ShowAuthorInfo(void *, BOOK *)
    -------------------------------------------------------------------------
DATA_C
  Relative segment, address: CODE_AREA 00000E5C - 00000EDF (0x84 bytes), align: 2
  Segment part 4.             Intra module refs:   onAccept(void *, BOOK *)
    -------------------------------------------------------------------------
DATA_C
  Relative segment, address: CODE_AREA 00000EE0 - 00000F23 (0x44 bytes), align: 2
  Segment part 5.             Intra module refs:   CreateBrowser(wchar_t const * *)
    -------------------------------------------------------------------------
DATA_C
  Relative segment, address: CODE_AREA 00000F24 - 00000FCB (0xa8 bytes), align: 2
  Segment part 6.             Intra module refs:   list_callback(GUI_MESSAGE *)
    -------------------------------------------------------------------------
DATA_C
  Relative segment, address: CODE_AREA 00000FCC - 00001027 (0x5c bytes), align: 2
  Segment part 7.             Intra module refs:   CreateList()
    -------------------------------------------------------------------------
DATA_C
  Relative segment, address: CODE_AREA 00001028 - 00001043 (0x1c bytes), align: 2
  Segment part 8.             Intra module refs:   oom_callback(GUI_MESSAGE *)
    -------------------------------------------------------------------------
DATA_C
  Relative segment, address: CODE_AREA 00001044 - 00001077 (0x34 bytes), align: 2
  Segment part 9.             Intra module refs:   CreateOOMList()
    -------------------------------------------------------------------------
DATA_C
  Relative segment, address: CODE_AREA 00001078 - 0000109F (0x28 bytes), align: 2
  Segment part 10.            Intra module refs:   AcceptAction_FileName(BOOK *, wchar_t *, int)
    -------------------------------------------------------------------------
DATA_C
  Relative segment, address: CODE_AREA 000010A0 - 000010CB (0x2c bytes), align: 2
  Segment part 11.            Intra module refs:   CreateNameInput(int, u16, char)
    -------------------------------------------------------------------------
DATA_C
  Relative segment, address: CODE_AREA 000010CC - 000010D7 (0xc bytes), align: 2
  Segment part 12.            Intra module refs:   AcceptAction_String(BOOK *, wchar_t *, int)
    -------------------------------------------------------------------------
DATA_C
  Relative segment, address: CODE_AREA 000010D8 - 0000110B (0x34 bytes), align: 2
  Segment part 13.            Intra module refs:   Segment part 81
    -------------------------------------------------------------------------
DATA_C
  Relative segment, address: CODE_AREA 0000110C - 00001127 (0x1c bytes), align: 2
  Segment part 14.            Intra module refs:   main




                ****************************************
                *                                      *
                *      SEGMENTS IN ADDRESS ORDER       *
                *                                      *
                ****************************************


SEGMENT              SPACE    START ADDRESS   END ADDRESS     SIZE  TYPE  ALIGN
=======              =====    =============   ===========     ====  ====  =====
ELFBEGIN             CODE_AREA           00000000                     rel    0
DATA_ID              CODE_AREA      00000000 - 0000000F          10   rel    2
START                CODE_AREA           00000010                     dse    0
CODE                 CODE_AREA      00000010 - 00000DF7         DE8   rel    2
DATA_C               CODE_AREA      00000DF8 - 00001127         330   rel    2
INITTAB              CODE_AREA      00001128 - 00001133           C   rel    2
DATA_Z               CODE_AREA           00001134                     dse    0
DATA_N               CODE_AREA           00001134                     dse    0
CONFIG_C             CODE_AREA           00001134                     dse    0
DYN_CONST            CODE_AREA      00001134 - 0000115F          2C   rel    2
DYN_CONST_DESC       CODE_AREA      00001160 - 00001163           4   rel    2
DYN_PAGE             CODE_AREA      00001164 - 0000118B          28   rel    2
DYN_PAGE_DESC        CODE_AREA      0000118C - 0000118F           4   rel    2
DATA_I               DATA_AREA      00000000 - 0000000F          10   rel    2

                ****************************************
                *                                      *
                *        END OF CROSS REFERENCE        *
                *                                      *
                ****************************************

 4 496 bytes of CODE memory
    16 bytes of DATA memory

Errors: none
Warnings: none

