################################################################################
#                                                                              #
#      IAR Universal Linker V4.60I/386                                         #
#                                                                              #
#           Link time     =  10/Jun/2013  23:05:14                             #
#           Target CPU    =  ARM                                               #
#           List file     =  Z:\home\perk11\www\perk11.info\svn\SE\SCalka\Rele #
#                            ase\List\Scalka.map                               #
#           Output file 1 =  Z:\home\perk11\www\perk11.info\svn\SE\SCalka\Rele #
#                            ase\Exe\Scalka.elf                                #
#                            Format: elf, variant: -ynpra                      #
#           Command line  =  Z:\home\perk11\www\perk11.info\svn\SE\SCalka\Rele #
#                            ase\Obj\_cpp2.r79                                 #
#                            Z:\home\perk11\www\perk11.info\svn\SE\SCalka\Rele #
#                            ase\Obj\calc_menu.r79                             #
#                            Z:\home\perk11\www\perk11.info\svn\SE\SCalka\Rele #
#                            ase\Obj\calc_object.r79                           #
#                            Z:\home\perk11\www\perk11.info\svn\SE\SCalka\Rele #
#                            ase\Obj\func.r79                                  #
#                            Z:\home\perk11\www\perk11.info\svn\SE\SCalka\Rele #
#                            ase\Obj\gammaf.r79                                #
#                            Z:\home\perk11\www\perk11.info\svn\SE\SCalka\Rele #
#                            ase\Obj\main.r79                                  #
#                            -o                                                #
#                            Z:\home\perk11\www\perk11.info\svn\SE\SCalka\Rele #
#                            ase\Exe\Scalka.elf                                #
#                            -Felf -l                                          #
#                            Z:\home\perk11\www\perk11.info\svn\SE\SCalka\Rele #
#                            ase\List\Scalka.map                               #
#                            -xms -IZ:\home\perk11\IAR2\arm\LIB\ -f            #
#                            Z:\home\perk11\www\perk11.info\svn\SE\SCalka\..\i #
#                            nclude\1.xcl                                      #
#                            (-carm -ynpra -V(CODE)CODE_AREA,12                #
#                            -V(DATA)DATA_AREA,12                              #
#                            -Z(CODE_AREA)ELFBEGIN,DATA_ID,START,CODE,DATA_C,I #
#                            NITTAB,DATA_Z,DATA_N,CONFIG_C,DYN_CONST,DYN_CONST #
#                            _DESC,DYN_PAGE,DYN_PAGE_DESC=0-FFFFFFFF           #
#                            -Z(DATA_AREA)DATA_I=0-FFFFFFFF)                   #
#                            Z:\home\perk11\IAR2\arm\LIB\dl5tpainl8n.r79 -s    #
#                            main                                              #
#                                                                              #
#                        Copyright 1987-2007 IAR Systems. All rights reserved. #
################################################################################





                ****************************************
                *                                      *
                *           CROSS REFERENCE            *
                *                                      *
                ****************************************

       Program entry at : CODE_AREA 0000317C  Relocatable, from module : main




                ****************************************
                *                                      *
                *            RUNTIME MODEL             *
                *                                      *
                ****************************************

  ARMv4M                     = USED
  ARMv4T                     = USED
  ARMv5T                     = USED
  StackAlign4                = USED
  StackAlign8                = USED
  __cpu_mode                 = __pcs__interwork
  __data_model               = absolute
  __dlib_file_descriptor     = 1
  __dlib_full_locale_support = 0
  __endian                   = little
  __rt_version               = 6
  __thumb_aware              = enabled



                ****************************************
                *                                      *
                *              MODULE MAP              *
                *                                      *
                ****************************************


  DEFINED ABSOLUTE ENTRIES
    *************************************************************************

  DEFINED ABSOLUTE ENTRIES
    *************************************************************************

  FILE NAME : Z:\home\perk11\www\perk11.info\svn\SE\SCalka\Release\Obj\_cpp2.r79
  PROGRAM MODULE, NAME : _cpp2

  SEGMENTS IN THE MODULE
  ======================
CODE
  Relative segment, address: CODE_AREA 0000003C - 00000047 (0xc bytes), align: 2
  Segment part 3.
           ENTRY                   ADDRESS         REF BY
           =====                   =======         ======
           operator new(size_t)    0000003C        CreateCalkGUI(BOOK *) (calc_object)
                                                   main (main)
               stack 1 = 00000000 ( 00000004 )
    -------------------------------------------------------------------------
CODE
  Relative segment, address: CODE_AREA 00000048 - 00000053 (0xc bytes), align: 2
  Segment part 5.
           ENTRY                   ADDRESS         REF BY
           =====                   =======         ======
           operator new[](size_t)
                                   00000048        PushDoubleStack(DSTACK *, double) (calc_object)
               stack 1 = 00000000 ( 00000004 )
    -------------------------------------------------------------------------
CODE
  Relative segment, address: CODE_AREA 00000054 - 0000005F (0xc bytes), align: 2
  Segment part 7.
           ENTRY                   ADDRESS         REF BY
           =====                   =======         ======
           operator delete(void *)
                                   00000054        CreateCalkGUI(BOOK *) (calc_object)
                                                   PushDoubleStack(DSTACK *, double) (calc_object)
                                                   calc_answer() (calc_object)
                                                   main (main)
               stack 1 = 00000000 ( 00000004 )

    *************************************************************************

  FILE NAME : Z:\home\perk11\www\perk11.info\svn\SE\SCalka\Release\Obj\calc_menu.r79
  PROGRAM MODULE, NAME : calc_menu

  SEGMENTS IN THE MODULE
  ======================
DATA_C
  Relative segment, address: CODE_AREA 000075FC - 0000760B (0x10 bytes), align: 2
  Segment part 2.             Intra module refs:   Segment part 17
    -------------------------------------------------------------------------
DATA_C
  Relative segment, address: CODE_AREA 0000760C - 0000761B (0x10 bytes), align: 2
  Segment part 3.             Intra module refs:   Segment part 17
    -------------------------------------------------------------------------
DATA_C
  Relative segment, address: CODE_AREA 0000761C - 00007627 (0xc bytes), align: 2
  Segment part 4.             Intra module refs:   Segment part 17
    -------------------------------------------------------------------------
DATA_C
  Relative segment, address: CODE_AREA 00007628 - 00007637 (0x10 bytes), align: 2
  Segment part 5.             Intra module refs:   Segment part 17
    -------------------------------------------------------------------------
DATA_C
  Relative segment, address: CODE_AREA 00007638 - 00007647 (0x10 bytes), align: 2
  Segment part 6.             Intra module refs:   Segment part 17
    -------------------------------------------------------------------------
DATA_C
  Relative segment, address: CODE_AREA 00007648 - 00007667 (0x20 bytes), align: 2
  Segment part 7.             Intra module refs:   ReadCalcSettings()
                                                   Segment part 22
    -------------------------------------------------------------------------
DATA_C
  Relative segment, address: CODE_AREA 00007668 - 0000770B (0xa4 bytes), align: 2
  Segment part 8.             Intra module refs:   Segment part 67
    -------------------------------------------------------------------------
DATA_C
  Relative segment, address: CODE_AREA 0000770C - 00007723 (0x18 bytes), align: 2
  Segment part 9.             Intra module refs:   AngleSelect_CreateCBoxGui(MyBOOK *)
    -------------------------------------------------------------------------
DATA_C
  Relative segment, address: CODE_AREA 00007724 - 00007733 (0x10 bytes), align: 2
  Segment part 10.            Intra module refs:   CreateEditFmtStr(MyBOOK *)
    -------------------------------------------------------------------------
DATA_C
  Relative segment, address: CODE_AREA 00007734 - 0000774F (0x1c bytes), align: 2
  Segment part 11.            Intra module refs:   AutocalcSelect_CreateCBoxGui(MyBOOK *)
    -------------------------------------------------------------------------
DATA_C
  Relative segment, address: CODE_AREA 00007750 - 0000775B (0xc bytes), align: 2
  Segment part 12.            Intra module refs:   Segment part 15
    -------------------------------------------------------------------------
DATA_C
  Relative segment, address: CODE_AREA 0000775C - 0000776B (0x10 bytes), align: 2
  Segment part 13.            Intra module refs:   Segment part 15
    -------------------------------------------------------------------------
DATA_C
  Relative segment, address: CODE_AREA 0000776C - 00007797 (0x2c bytes), align: 2
  Segment part 14.            Intra module refs:   Segment part 15
    -------------------------------------------------------------------------
DATA_C
  Relative segment, address: CODE_AREA 00007798 - 000077A3 (0xc bytes), align: 2
  Segment part 15.            Intra module refs:   CS_On_Msg(GUI_MESSAGE *)
    -------------------------------------------------------------------------
CODE
  Relative segment, address: CODE_AREA 00000060 - 00000143 (0xe4 bytes), align: 2
  Segment part 19.
           ENTRY                   ADDRESS         REF BY
           =====                   =======         ======
           ReadCalcSettings()      00000060        MainPageOnCreate(void *, BOOK *) (main)
               stack 1 = 00000000 ( 00000008 )
    -------------------------------------------------------------------------
CODE
  Relative segment, address: CODE_AREA 00000144 - 000001CF (0x8c bytes), align: 2
  Segment part 21.
           ENTRY                   ADDRESS         REF BY
           =====                   =======         ======
           WriteCalcSettings()     00000144        MainPageOnClose(void *, BOOK *) (main)
               stack 1 = 00000000 ( 00000008 )
    -------------------------------------------------------------------------
CODE
  Relative segment, address: CODE_AREA 000001D0 - 000001D3 (0x4 bytes), align: 2
  Segment part 22.            Intra module refs:   ReadCalcSettings()
                                                   WriteCalcSettings()
    -------------------------------------------------------------------------
CODE
  Relative segment, address: CODE_AREA 000001D4 - 000001F3 (0x20 bytes), align: 2
  Segment part 24.            Intra module refs:   InsertVar_CreateMenu(MyBOOK *)
           ENTRY                   ADDRESS         REF BY
           =====                   =======         ======
           IV_OnBack(BOOK *, GUI *)
                                   000001D4 
               stack 1 = 00000000 ( 00000008 )
    -------------------------------------------------------------------------
CODE
  Relative segment, address: CODE_AREA 000001F4 - 0000023F (0x4c bytes), align: 2
  Segment part 26.            Intra module refs:   InsertVar_CreateMenu(MyBOOK *)
           ENTRY                   ADDRESS         REF BY
           =====                   =======         ======
           IV_onEnterPressed(BOOK *, GUI *)
                                   000001F4 
               stack 1 = 00000000 ( 00000008 )
    -------------------------------------------------------------------------
CODE
  Relative segment, address: CODE_AREA 00000240 - 0000027B (0x3c bytes), align: 2
  Segment part 28.            Intra module refs:   InsertVar_CreateMenu(MyBOOK *)
           ENTRY                   ADDRESS         REF BY
           =====                   =======         ======
           IV_On_Msg(GUI_MESSAGE *)
                                   00000240 
               stack 1 = 00000000 ( 00000008 )
    -------------------------------------------------------------------------
CODE
  Relative segment, address: CODE_AREA 0000027C - 00000327 (0xac bytes), align: 2
  Segment part 30.            Intra module refs:   CM_onEnterPressed(BOOK *, GUI *)
           ENTRY                   ADDRESS         REF BY
           =====                   =======         ======
           InsertVar_CreateMenu(MyBOOK *)
                                   0000027C 
               stack 1 = 00000000 ( 0000000C )
    -------------------------------------------------------------------------
CODE
  Relative segment, address: CODE_AREA 00000328 - 00000347 (0x20 bytes), align: 2
  Segment part 32.            Intra module refs:   AngleSelect_CreateCBoxGui(MyBOOK *)
           ENTRY                   ADDRESS         REF BY
           =====                   =======         ======
           AngleSelect_OnCloseCBoxGui(BOOK *, GUI *)
                                   00000328 
               stack 1 = 00000000 ( 00000008 )
    -------------------------------------------------------------------------
CODE
  Relative segment, address: CODE_AREA 00000348 - 00000393 (0x4c bytes), align: 2
  Segment part 34.            Intra module refs:   AngleSelect_CreateCBoxGui(MyBOOK *)
           ENTRY                   ADDRESS         REF BY
           =====                   =======         ======
           AngleSelect_OnSelectCBoxGui(BOOK *, GUI *)
                                   00000348 
               stack 1 = 00000000 ( 00000008 )
    -------------------------------------------------------------------------
CODE
  Relative segment, address: CODE_AREA 00000394 - 0000046B (0xd8 bytes), align: 2
  Segment part 36.            Intra module refs:   CS_onEnterPressed(BOOK *, GUI *)
           ENTRY                   ADDRESS         REF BY
           =====                   =======         ======
           AngleSelect_CreateCBoxGui(MyBOOK *)
                                   00000394 
               stack 1 = 00000000 ( 00000018 )
    -------------------------------------------------------------------------
CODE
  Relative segment, address: CODE_AREA 0000046C - 0000046F (0x4 bytes), align: 2
  Segment part 37.            Intra module refs:   AngleSelect_CreateCBoxGui(MyBOOK *)
                                                   AngleSelect_OnSelectCBoxGui(BOOK *, GUI *)
    -------------------------------------------------------------------------
CODE
  Relative segment, address: CODE_AREA 00000470 - 0000048F (0x20 bytes), align: 2
  Segment part 39.            Intra module refs:   CreateEditFmtStr(MyBOOK *)
           ENTRY                   ADDRESS         REF BY
           =====                   =======         ======
           OnBackEditFmtGui(BOOK *, u16 *, int)
                                   00000470 
               stack 1 = 00000000 ( 00000008 )
    -------------------------------------------------------------------------
CODE
  Relative segment, address: CODE_AREA 00000490 - 000004D7 (0x48 bytes), align: 2
  Segment part 41.            Intra module refs:   CreateEditFmtStr(MyBOOK *)
           ENTRY                   ADDRESS         REF BY
           =====                   =======         ======
           OnOkEditFmtGui(BOOK *, wchar_t *, int)
                                   00000490 
               stack 1 = 00000000 ( 00000008 )
    -------------------------------------------------------------------------
CODE
  Relative segment, address: CODE_AREA 000004D8 - 000005DB (0x104 bytes), align: 2
  Segment part 43.            Intra module refs:   CS_onEnterPressed(BOOK *, GUI *)
           ENTRY                   ADDRESS         REF BY
           =====                   =======         ======
           CreateEditFmtStr(MyBOOK *)
                                   000004D8 
               stack 1 = 00000000 ( 00000068 )
    -------------------------------------------------------------------------
CODE
  Relative segment, address: CODE_AREA 000005DC - 000005FB (0x20 bytes), align: 2
  Segment part 45.            Intra module refs:   AutocalcSelect_CreateCBoxGui(MyBOOK *)
           ENTRY                   ADDRESS         REF BY
           =====                   =======         ======
           AutocalcSelect_OnCloseCBoxGui(BOOK *, GUI *)
                                   000005DC 
               stack 1 = 00000000 ( 00000008 )
    -------------------------------------------------------------------------
CODE
  Relative segment, address: CODE_AREA 000005FC - 00000647 (0x4c bytes), align: 2
  Segment part 47.            Intra module refs:   AutocalcSelect_CreateCBoxGui(MyBOOK *)
           ENTRY                   ADDRESS         REF BY
           =====                   =======         ======
           AutocalcSelect_OnSelectCBoxGui(BOOK *, GUI *)
                                   000005FC 
               stack 1 = 00000000 ( 00000008 )
    -------------------------------------------------------------------------
DATA_I
  Relative segment, address: DATA_AREA 00000000 - 0000003B (0x3c bytes), align: 2
  Segment part 16.            Intra module refs:   CM_onEnterPressed(BOOK *, GUI *)
                                                   Segment part 37
                                                   Segment part 50
                                                   Segment part 57
                                                   Segment part 64
           ENTRY                   ADDRESS         REF BY
           =====                   =======         ======
           angle_names             00000028 
           calc_set                00000000        CalcGuiOnKey(DISP_OBJ_CALC *, int, int, int, int) (calc_object)
                                                   Segment part 82 (calc_object)
                                                   calc_answer() (calc_object)
           dis_ena                 00000034 
    -------------------------------------------------------------------------
CODE
  Relative segment, address: CODE_AREA 00000648 - 0000071F (0xd8 bytes), align: 2
  Segment part 49.            Intra module refs:   CS_onEnterPressed(BOOK *, GUI *)
           ENTRY                   ADDRESS         REF BY
           =====                   =======         ======
           AutocalcSelect_CreateCBoxGui(MyBOOK *)
                                   00000648 
               stack 1 = 00000000 ( 00000014 )
    -------------------------------------------------------------------------
CODE
  Relative segment, address: CODE_AREA 00000720 - 00000723 (0x4 bytes), align: 2
  Segment part 50.            Intra module refs:   AutocalcSelect_CreateCBoxGui(MyBOOK *)
                                                   AutocalcSelect_OnSelectCBoxGui(BOOK *, GUI *)
    -------------------------------------------------------------------------
CODE
  Relative segment, address: CODE_AREA 00000724 - 00000743 (0x20 bytes), align: 2
  Segment part 52.            Intra module refs:   CreateCalcSettings(MyBOOK *)
           ENTRY                   ADDRESS         REF BY
           =====                   =======         ======
           CS_OnBack(BOOK *, GUI *)
                                   00000724 
               stack 1 = 00000000 ( 00000008 )
    -------------------------------------------------------------------------
CODE
  Relative segment, address: CODE_AREA 00000744 - 000007AB (0x68 bytes), align: 2
  Segment part 54.            Intra module refs:   CreateCalcSettings(MyBOOK *)
           ENTRY                   ADDRESS         REF BY
           =====                   =======         ======
           CS_onEnterPressed(BOOK *, GUI *)
                                   00000744 
               stack 1 = 00000000 ( 00000008 )
    -------------------------------------------------------------------------
CODE
  Relative segment, address: CODE_AREA 000007AC - 0000089F (0xf4 bytes), align: 2
  Segment part 56.            Intra module refs:   CreateCalcSettings(MyBOOK *)
           ENTRY                   ADDRESS         REF BY
           =====                   =======         ======
           CS_On_Msg(GUI_MESSAGE *)
                                   000007AC 
               stack 1 = 00000000 ( 0000001C )
    -------------------------------------------------------------------------
CODE
  Relative segment, address: CODE_AREA 000008A0 - 000008A3 (0x4 bytes), align: 2
  Segment part 57.            Intra module refs:   CS_On_Msg(GUI_MESSAGE *)
                                                   CreateEditFmtStr(MyBOOK *)
                                                   OnOkEditFmtGui(BOOK *, wchar_t *, int)
    -------------------------------------------------------------------------
CODE
  Relative segment, address: CODE_AREA 000008A4 - 0000095B (0xb8 bytes), align: 2
  Segment part 59.            Intra module refs:   AngleSelect_OnSelectCBoxGui(BOOK *, GUI *)
                                                   AutocalcSelect_OnSelectCBoxGui(BOOK *, GUI *)
                                                   CM_onEnterPressed(BOOK *, GUI *)
                                                   OnOkEditFmtGui(BOOK *, wchar_t *, int)
           ENTRY                   ADDRESS         REF BY
           =====                   =======         ======
           CreateCalcSettings(MyBOOK *)
                                   000008A4 
               stack 1 = 00000000 ( 0000000C )
    -------------------------------------------------------------------------
CODE
  Relative segment, address: CODE_AREA 0000095C - 0000097B (0x20 bytes), align: 2
  Segment part 61.            Intra module refs:   CreateCalcMenu()
           ENTRY                   ADDRESS         REF BY
           =====                   =======         ======
           CM_OnBack(BOOK *, GUI *)
                                   0000095C 
               stack 1 = 00000000 ( 00000008 )
    -------------------------------------------------------------------------
CODE
  Relative segment, address: CODE_AREA 0000097C - 00000A13 (0x98 bytes), align: 2
  Segment part 63.            Intra module refs:   CreateCalcMenu()
           ENTRY                   ADDRESS         REF BY
           =====                   =======         ======
           CM_onEnterPressed(BOOK *, GUI *)
                                   0000097C 
               stack 1 = 00000000 ( 00000008 )
    -------------------------------------------------------------------------
CODE
  Relative segment, address: CODE_AREA 00000A14 - 00000A17 (0x4 bytes), align: 2
  Segment part 64.            Intra module refs:   AngleSelect_CreateCBoxGui(MyBOOK *)
                                                   AutocalcSelect_CreateCBoxGui(MyBOOK *)
                                                   CM_onEnterPressed(BOOK *, GUI *)
                                                   CS_On_Msg(GUI_MESSAGE *)
                                                   ReadCalcSettings()
                                                   WriteCalcSettings()
    -------------------------------------------------------------------------
CODE
  Relative segment, address: CODE_AREA 00000A18 - 00000B73 (0x15c bytes), align: 2
  Segment part 66.
           ENTRY                   ADDRESS         REF BY
           =====                   =======         ======
           CreateCalcMenu()        00000A18        CalcGuiOnKey(DISP_OBJ_CALC *, int, int, int, int) (calc_object)
               stack 1 = 00000000 ( 00000030 )
    -------------------------------------------------------------------------
CODE
  Relative segment, address: CODE_AREA 00000B74 - 00000B77 (0x4 bytes), align: 2
  Segment part 67.            Intra module refs:   CreateCalcMenu()
                                                   CreateCalcSettings(MyBOOK *)
                                                   InsertVar_CreateMenu(MyBOOK *)
    -------------------------------------------------------------------------
CODE
  Relative segment, address: CODE_AREA 00000B78 - 00000B7B (0x4 bytes), align: 2
  Segment part 68.            Intra module refs:   AngleSelect_CreateCBoxGui(MyBOOK *)
                                                   AutocalcSelect_CreateCBoxGui(MyBOOK *)
                                                   CreateCalcMenu()
                                                   CreateCalcSettings(MyBOOK *)
                                                   InsertVar_CreateMenu(MyBOOK *)
    -------------------------------------------------------------------------
CODE
  Relative segment, address: CODE_AREA 00000B7C - 00000B7F (0x4 bytes), align: 2
  Segment part 69.            Intra module refs:   AngleSelect_CreateCBoxGui(MyBOOK *)
                                                   AutocalcSelect_CreateCBoxGui(MyBOOK *)
                                                   CreateCalcMenu()
                                                   CreateCalcSettings(MyBOOK *)
                                                   InsertVar_CreateMenu(MyBOOK *)
    -------------------------------------------------------------------------
DATA_ID
  Relative segment, address: CODE_AREA 00000000 - 0000003B (0x3c bytes), align: 2
  Segment part 17.            Intra module refs:   Segment part 16
    -------------------------------------------------------------------------
INITTAB
  Relative segment, address: CODE_AREA 00007A60 - 00007A6B (0xc bytes), align: 2
  Segment part 74. ROOT.
           ENTRY                   ADDRESS         REF BY
           =====                   =======         ======
           ?init?tab?DATA_I        00007A60 

    *************************************************************************

  FILE NAME : Z:\home\perk11\www\perk11.info\svn\SE\SCalka\Release\Obj\calc_object.r79
  PROGRAM MODULE, NAME : calc_object

  SEGMENTS IN THE MODULE
  ======================
DATA_C
  Relative segment, address: CODE_AREA 00007A1C - 00007A1D (0x2 bytes), align: 0
  Segment part 2.             Intra module refs:   Segment part 50
    -------------------------------------------------------------------------
DATA_C
  Relative segment, address: CODE_AREA 000077A4 - 000077A7 (0x4 bytes), align: 2
  Segment part 3.             Intra module refs:   Segment part 50
    -------------------------------------------------------------------------
DATA_C
  Relative segment, address: CODE_AREA 000077A8 - 000077AB (0x4 bytes), align: 2
  Segment part 4.             Intra module refs:   Segment part 50
    -------------------------------------------------------------------------
DATA_C
  Relative segment, address: CODE_AREA 00007A1E - 00007A20 (0x3 bytes), align: 0
  Segment part 5.             Intra module refs:   Segment part 50
    -------------------------------------------------------------------------
DATA_C
  Relative segment, address: CODE_AREA 000077AC - 000077AF (0x4 bytes), align: 2
  Segment part 6.             Intra module refs:   Segment part 50
    -------------------------------------------------------------------------
DATA_C
  Relative segment, address: CODE_AREA 00007A21 - 00007A23 (0x3 bytes), align: 0
  Segment part 7.             Intra module refs:   Segment part 50
    -------------------------------------------------------------------------
DATA_C
  Relative segment, address: CODE_AREA 000077B0 - 000077B3 (0x4 bytes), align: 2
  Segment part 8.             Intra module refs:   Segment part 50
    -------------------------------------------------------------------------
DATA_C
  Relative segment, address: CODE_AREA 00007A24 - 00007A25 (0x2 bytes), align: 0
  Segment part 9.             Intra module refs:   Segment part 50
    -------------------------------------------------------------------------
DATA_C
  Relative segment, address: CODE_AREA 00007A26 - 00007A27 (0x2 bytes), align: 0
  Segment part 10.            Intra module refs:   Segment part 50
    -------------------------------------------------------------------------
DATA_C
  Relative segment, address: CODE_AREA 00007A28 - 00007A29 (0x2 bytes), align: 0
  Segment part 11.            Intra module refs:   Segment part 50
    -------------------------------------------------------------------------
DATA_C
  Relative segment, address: CODE_AREA 00007A2A - 00007A2B (0x2 bytes), align: 0
  Segment part 12.            Intra module refs:   Segment part 50
    -------------------------------------------------------------------------
DATA_C
  Relative segment, address: CODE_AREA 00007A2C - 00007A2D (0x2 bytes), align: 0
  Segment part 13.            Intra module refs:   Segment part 50
    -------------------------------------------------------------------------
DATA_C
  Relative segment, address: CODE_AREA 00007A2E - 00007A2F (0x2 bytes), align: 0
  Segment part 14.            Intra module refs:   Segment part 50
    -------------------------------------------------------------------------
DATA_C
  Relative segment, address: CODE_AREA 00007A30 - 00007A31 (0x2 bytes), align: 0
  Segment part 15.            Intra module refs:   Segment part 50
    -------------------------------------------------------------------------
DATA_C
  Relative segment, address: CODE_AREA 000077B4 - 000077BB (0x8 bytes), align: 2
  Segment part 16.            Intra module refs:   CalcGuiOnRedraw(DISP_OBJ_CALC *, int, RECT *, int)
    -------------------------------------------------------------------------
DATA_C
  Relative segment, address: CODE_AREA 00007A32 - 00007A33 (0x2 bytes), align: 0
  Segment part 17.            Intra module refs:   Segment part 50
    -------------------------------------------------------------------------
DATA_C
  Relative segment, address: CODE_AREA 00007A34 - 00007A35 (0x2 bytes), align: 0
  Segment part 18.            Intra module refs:   Segment part 50
    -------------------------------------------------------------------------
DATA_C
  Relative segment, address: CODE_AREA 00007A36 - 00007A37 (0x2 bytes), align: 0
  Segment part 19.            Intra module refs:   Segment part 50
    -------------------------------------------------------------------------
DATA_C
  Relative segment, address: CODE_AREA 00007A38 - 00007A39 (0x2 bytes), align: 0
  Segment part 20.            Intra module refs:   Segment part 50
    -------------------------------------------------------------------------
DATA_C
  Relative segment, address: CODE_AREA 00007A3A - 00007A3B (0x2 bytes), align: 0
  Segment part 21.            Intra module refs:   Segment part 50
    -------------------------------------------------------------------------
DATA_C
  Relative segment, address: CODE_AREA 00007A3C - 00007A3D (0x2 bytes), align: 0
  Segment part 22.            Intra module refs:   Segment part 50
    -------------------------------------------------------------------------
DATA_C
  Relative segment, address: CODE_AREA 00007A3E - 00007A3F (0x2 bytes), align: 0
  Segment part 23.            Intra module refs:   Segment part 50
    -------------------------------------------------------------------------
DATA_C
  Relative segment, address: CODE_AREA 00007A40 - 00007A41 (0x2 bytes), align: 0
  Segment part 24.            Intra module refs:   Segment part 50
    -------------------------------------------------------------------------
DATA_C
  Relative segment, address: CODE_AREA 000077BC - 000077BF (0x4 bytes), align: 2
  Segment part 25.            Intra module refs:   Segment part 50
    -------------------------------------------------------------------------
DATA_C
  Relative segment, address: CODE_AREA 00007A42 - 00007A43 (0x2 bytes), align: 0
  Segment part 26.            Intra module refs:   Segment part 50
    -------------------------------------------------------------------------
DATA_C
  Relative segment, address: CODE_AREA 00007A44 - 00007A45 (0x2 bytes), align: 0
  Segment part 27.            Intra module refs:   Segment part 50
    -------------------------------------------------------------------------
DATA_C
  Relative segment, address: CODE_AREA 000077C0 - 000077C3 (0x4 bytes), align: 2
  Segment part 28.            Intra module refs:   Segment part 50
    -------------------------------------------------------------------------
DATA_C
  Relative segment, address: CODE_AREA 00007A46 - 00007A47 (0x2 bytes), align: 0
  Segment part 29.            Intra module refs:   Segment part 50
    -------------------------------------------------------------------------
DATA_C
  Relative segment, address: CODE_AREA 000077C4 - 000077C7 (0x4 bytes), align: 2
  Segment part 30.            Intra module refs:   Segment part 50
    -------------------------------------------------------------------------
DATA_C
  Relative segment, address: CODE_AREA 000077C8 - 000077CB (0x4 bytes), align: 2
  Segment part 31.            Intra module refs:   Segment part 50
    -------------------------------------------------------------------------
DATA_C
  Relative segment, address: CODE_AREA 00007A48 - 00007A49 (0x2 bytes), align: 0
  Segment part 32.            Intra module refs:   Segment part 50
    -------------------------------------------------------------------------
DATA_C
  Relative segment, address: CODE_AREA 00007A4A - 00007A4B (0x2 bytes), align: 0
  Segment part 33.            Intra module refs:   Segment part 50
    -------------------------------------------------------------------------
DATA_C
  Relative segment, address: CODE_AREA 00007A4C - 00007A4E (0x3 bytes), align: 0
  Segment part 34.            Intra module refs:   Segment part 50
    -------------------------------------------------------------------------
DATA_C
  Relative segment, address: CODE_AREA 000077CC - 000077D3 (0x8 bytes), align: 2
  Segment part 35.            Intra module refs:   Segment part 50
    -------------------------------------------------------------------------
DATA_C
  Relative segment, address: CODE_AREA 000077D4 - 000077DB (0x8 bytes), align: 2
  Segment part 36.            Intra module refs:   Segment part 50
    -------------------------------------------------------------------------
DATA_C
  Relative segment, address: CODE_AREA 00007A4F - 00007A51 (0x3 bytes), align: 0
  Segment part 37.            Intra module refs:   Segment part 50
    -------------------------------------------------------------------------
DATA_C
  Relative segment, address: CODE_AREA 000077DC - 000077DF (0x4 bytes), align: 2
  Segment part 38.            Intra module refs:   Segment part 50
    -------------------------------------------------------------------------
DATA_C
  Relative segment, address: CODE_AREA 000077E0 - 000077E7 (0x8 bytes), align: 2
  Segment part 39.            Intra module refs:   Segment part 50
    -------------------------------------------------------------------------
DATA_C
  Relative segment, address: CODE_AREA 00007A52 - 00007A54 (0x3 bytes), align: 0
  Segment part 40.            Intra module refs:   Segment part 50
    -------------------------------------------------------------------------
DATA_C
  Relative segment, address: CODE_AREA 000077E8 - 000077EF (0x8 bytes), align: 2
  Segment part 41.            Intra module refs:   Segment part 50
    -------------------------------------------------------------------------
DATA_C
  Relative segment, address: CODE_AREA 000077F0 - 000077F3 (0x4 bytes), align: 2
  Segment part 42.            Intra module refs:   Segment part 50
    -------------------------------------------------------------------------
DATA_C
  Relative segment, address: CODE_AREA 00007A55 - 00007A57 (0x3 bytes), align: 0
  Segment part 43.            Intra module refs:   Segment part 50
    -------------------------------------------------------------------------
DATA_C
  Relative segment, address: CODE_AREA 00007A58 - 00007A59 (0x2 bytes), align: 0
  Segment part 44.            Intra module refs:   Segment part 50
    -------------------------------------------------------------------------
DATA_C
  Relative segment, address: CODE_AREA 00007A5A - 00007A5A (0x1 bytes), align: 0
  Segment part 45.            Intra module refs:   Segment part 50
    -------------------------------------------------------------------------
DATA_C
  Relative segment, address: CODE_AREA 00007A5B - 00007A5D (0x3 bytes), align: 0
  Segment part 46.            Intra module refs:   Segment part 50
    -------------------------------------------------------------------------
DATA_C
  Relative segment, address: CODE_AREA 000077F4 - 000077FB (0x8 bytes), align: 2
  Segment part 47.            Intra module refs:   CalcGui_constr(DISP_DESC *)
    -------------------------------------------------------------------------
DATA_Z
  Relative segment, address: CODE_AREA 00007A78 - 00007C5B (0x1e4 bytes), align: 2
  Segment part 48.            Intra module refs:   CalcGuiOnCreate(DISP_OBJ_CALC *)
                                                   CalcGuiOnRedraw(DISP_OBJ_CALC *, int, RECT *, int)
                                                   Segment part 103
                                                   Segment part 106
                                                   Segment part 113
                                                   Segment part 114
                                                   Segment part 115
                                                   Segment part 116
                                                   Segment part 63
                                                   Segment part 98
                                                   calc_answer()
           ENTRY                   ADDRESS         REF BY
           =====                   =======         ======
           FONTH                   00007B58 
           FONTID                  00007B54 
           d_answer                00007B40        CM_onEnterPressed(BOOK *, GUI *) (calc_menu)
           op_len                  00007B48 
           op_pos                  00007B4C 
           operation               00007B5C 
           req_recalc              00007B50 
           vars                    00007A78 
    -------------------------------------------------------------------------
CODE
  Relative segment, address: CODE_AREA 00000B80 - 00000C17 (0x98 bytes), align: 2
  Segment part 52.            Intra module refs:   InitFonts()
           ENTRY                   ADDRESS         REF BY
           =====                   =======         ======
           GetFontSizeStyle(wchar_t *)
                                   00000B80 
               stack 1 = 00000000 ( 00000004 )
    -------------------------------------------------------------------------
CODE
  Relative segment, address: CODE_AREA 00000C18 - 00000CC7 (0xb0 bytes), align: 2
  Segment part 54.            Intra module refs:   CalcGuiOnCreate(DISP_OBJ_CALC *)
           ENTRY                   ADDRESS         REF BY
           =====                   =======         ======
           InitFonts()             00000C18 
               stack 1 = 00000000 ( 0000001C )
    -------------------------------------------------------------------------
DATA_C
  Relative segment, address: CODE_AREA 000077FC - 000078BB (0xc0 bytes), align: 2
  Segment part 50.            Intra module refs:   CalcGuiOnCreate(DISP_OBJ_CALC *)
    -------------------------------------------------------------------------
CODE
  Relative segment, address: CODE_AREA 00000CC8 - 00000D27 (0x60 bytes), align: 2
  Segment part 56.            Intra module refs:   CalcGuiOnKey(DISP_OBJ_CALC *, int, int, int, int)
           ENTRY                   ADDRESS         REF BY
           =====                   =======         ======
           GetOperIndexByKey(int)
                                   00000CC8 
    -------------------------------------------------------------------------
CODE
  Relative segment, address: CODE_AREA 00000D28 - 00000D2B (0x4 bytes), align: 2
  Segment part 57.            Intra module refs:   GetOperIndexByKey(int)
    -------------------------------------------------------------------------
CODE
  Relative segment, address: CODE_AREA 00000D2C - 00000D2F (0x4 bytes), align: 2
  Segment part 58.            Intra module refs:   GetOperIndexByKey(int)
    -------------------------------------------------------------------------
CODE
  Relative segment, address: CODE_AREA 00000D30 - 00000D9F (0x70 bytes), align: 2
  Segment part 60.            Intra module refs:   CalcGuiOnKey(DISP_OBJ_CALC *, int, int, int, int)
           ENTRY                   ADDRESS         REF BY
           =====                   =======         ======
           insert_operation(int)   00000D30        IV_onEnterPressed(BOOK *, GUI *) (calc_menu)
    -------------------------------------------------------------------------
CODE
  Relative segment, address: CODE_AREA 00000DA0 - 00000E2B (0x8c bytes), align: 2
  Segment part 62.            Intra module refs:   CalcGuiOnKey(DISP_OBJ_CALC *, int, int, int, int)
           ENTRY                   ADDRESS         REF BY
           =====                   =======         ======
           remove_operation()      00000DA0 
    -------------------------------------------------------------------------
CODE
  Relative segment, address: CODE_AREA 00000E2C - 00000E2F (0x4 bytes), align: 2
  Segment part 63.            Intra module refs:   InitFonts()
                                                   insert_operation(int)
                                                   remove_operation()
    -------------------------------------------------------------------------
CODE
  Relative segment, address: CODE_AREA 00000E30 - 00000E53 (0x24 bytes), align: 2
  Segment part 65.            Intra module refs:   PRIOR(int)
                                                   calc_answer()
           ENTRY                   ADDRESS         REF BY
           =====                   =======         ======
           IsPowFunc(int)          00000E30 
    -------------------------------------------------------------------------
CODE
  Relative segment, address: CODE_AREA 00000E54 - 00000EBB (0x68 bytes), align: 2
  Segment part 67.            Intra module refs:   calc_answer()
           ENTRY                   ADDRESS         REF BY
           =====                   =======         ======
           PRIOR(int)              00000E54 
               stack 1 = 00000000 ( 00000008 )
    -------------------------------------------------------------------------
CODE
  Relative segment, address: CODE_AREA 00000EBC - 00000F37 (0x7c bytes), align: 2
  Segment part 69.            Intra module refs:   ParseOperation(DSTACK *, int)
                                                   calc_answer()
           ENTRY                   ADDRESS         REF BY
           =====                   =======         ======
           PushDoubleStack(DSTACK *, double)
                                   00000EBC 
               stack 1 = 00000000 ( 00000014 )
    -------------------------------------------------------------------------
CODE
  Relative segment, address: CODE_AREA 00000F38 - 00000F83 (0x4c bytes), align: 2
  Segment part 71.            Intra module refs:   ParseOperation(DSTACK *, int)
                                                   calc_answer()
           ENTRY                   ADDRESS         REF BY
           =====                   =======         ======
           PopDoubleStack(DSTACK *)
                                   00000F38 
               stack 1 = 00000000 ( 0000000C )
    -------------------------------------------------------------------------
CODE
  Relative segment, address: CODE_AREA 00000F84 - 00000F97 (0x14 bytes), align: 2
  Segment part 73.            Intra module refs:   calc_answer()
           ENTRY                   ADDRESS         REF BY
           =====                   =======         ======
           ConstructDStackStruct(DSTACK *)
                                   00000F84 
    -------------------------------------------------------------------------
CODE
  Relative segment, address: CODE_AREA 00000F98 - 00000FE3 (0x4c bytes), align: 2
  Segment part 79.            Intra module refs:   ParseOperation(DSTACK *, int)
           ENTRY                   ADDRESS         REF BY
           =====                   =======         ======
           ConvertAngleToRadians(double)
                                   00000F98 
               stack 1 = 00000000 ( 00000004 )
    -------------------------------------------------------------------------
CODE
  Relative segment, address: CODE_AREA 00000FE4 - 00001027 (0x44 bytes), align: 2
  Segment part 81.            Intra module refs:   ParseOperation(DSTACK *, int)
           ENTRY                   ADDRESS         REF BY
           =====                   =======         ======
           ConvertRadiansToAngle(double)
                                   00000FE4 
               stack 1 = 00000000 ( 00000004 )
    -------------------------------------------------------------------------
CODE
  Relative segment, address: CODE_AREA 00001028 - 0000102B (0x4 bytes), align: 2
  Segment part 82.            Intra module refs:   ConvertAngleToRadians(double)
                                                   ConvertRadiansToAngle(double)
    -------------------------------------------------------------------------
CODE
  Relative segment, address: CODE_AREA 0000102C - 0000102F (0x4 bytes), align: 2
  Segment part 83.            Intra module refs:   ConvertAngleToRadians(double)
                                                   ConvertRadiansToAngle(double)
    -------------------------------------------------------------------------
CODE
  Relative segment, address: CODE_AREA 00001030 - 000010D3 (0xa4 bytes), align: 2
  Segment part 85.            Intra module refs:   ParseOperation(DSTACK *, int)
           ENTRY                   ADDRESS         REF BY
           =====                   =======         ======
           asinh(double)           00001030 
               stack 1 = 00000000 ( 00000020 )
    -------------------------------------------------------------------------
CODE
  Relative segment, address: CODE_AREA 000010D4 - 0000119B (0xc8 bytes), align: 2
  Segment part 87.            Intra module refs:   ParseOperation(DSTACK *, int)
           ENTRY                   ADDRESS         REF BY
           =====                   =======         ======
           acosh(double)           000010D4 
               stack 1 = 00000000 ( 00000020 )
    -------------------------------------------------------------------------
CODE
  Relative segment, address: CODE_AREA 0000119C - 00001203 (0x68 bytes), align: 2
  Segment part 89.            Intra module refs:   ParseOperation(DSTACK *, int)
           ENTRY                   ADDRESS         REF BY
           =====                   =======         ======
           athh(double)            0000119C 
               stack 1 = 00000000 ( 00000018 )
    -------------------------------------------------------------------------
CODE
  Relative segment, address: CODE_AREA 00001204 - 0000154B (0x348 bytes), align: 2
  Segment part 91.            Intra module refs:   calc_answer()
           ENTRY                   ADDRESS         REF BY
           =====                   =======         ======
           ParseOperation(DSTACK *, int)
                                   00001204 
               stack 1 = 00000000 ( 0000001C )
    -------------------------------------------------------------------------
CODE
  Relative segment, address: CODE_AREA 0000154C - 00001807 (0x2bc bytes), align: 2
  Segment part 93.            Intra module refs:   CalcGuiOnRedraw(DISP_OBJ_CALC *, int, RECT *, int)
           ENTRY                   ADDRESS         REF BY
           =====                   =======         ======
           calc_answer()           0000154C 
               stack 1 = 00000000 ( 00000254 )
    -------------------------------------------------------------------------
CODE
  Relative segment, address: CODE_AREA 00001808 - 0000180B (0x4 bytes), align: 2
  Segment part 94.            Intra module refs:   ConvertAngleToRadians(double)
                                                   ConvertRadiansToAngle(double)
                                                   calc_answer()
    -------------------------------------------------------------------------
CODE
  Relative segment, address: CODE_AREA 0000180C - 0000180F (0x4 bytes), align: 2
  Segment part 95.            Intra module refs:   ConvertAngleToRadians(double)
                                                   ConvertRadiansToAngle(double)
                                                   calc_answer()
    -------------------------------------------------------------------------
CODE
  Relative segment, address: CODE_AREA 00001810 - 0000193F (0x130 bytes), align: 2
  Segment part 97.            Intra module refs:   CalcGui_constr(DISP_DESC *)
           ENTRY                   ADDRESS         REF BY
           =====                   =======         ======
           CalcGuiOnCreate(DISP_OBJ_CALC *)
                                   00001810 
               stack 1 = 00000000 ( 0000001C )
    -------------------------------------------------------------------------
CODE
  Relative segment, address: CODE_AREA 00001940 - 00001943 (0x4 bytes), align: 2
  Segment part 98.            Intra module refs:   CalcGuiOnCreate(DISP_OBJ_CALC *)
                                                   calc_answer()
    -------------------------------------------------------------------------
CODE
  Relative segment, address: CODE_AREA 00001944 - 00001973 (0x30 bytes), align: 2
  Segment part 100.           Intra module refs:   CalcGui_constr(DISP_DESC *)
           ENTRY                   ADDRESS         REF BY
           =====                   =======         ======
           CalcGuiOnClose(DISP_OBJ_CALC *)
                                   00001944 
               stack 1 = 00000000 ( 0000000C )
    -------------------------------------------------------------------------
CODE
  Relative segment, address: CODE_AREA 00001974 - 00001A6B (0xf8 bytes), align: 2
  Segment part 102.           Intra module refs:   CalcGuiOnKey(DISP_OBJ_CALC *, int, int, int, int)
                                                   CalcGuiOnRedraw(DISP_OBJ_CALC *, int, RECT *, int)
           ENTRY                   ADDRESS         REF BY
           =====                   =======         ======
           GetMaxCurRow(DISP_OBJ_CALC *, int *, int *)
                                   00001974 
               stack 1 = 00000000 ( 0000001C )
    -------------------------------------------------------------------------
CODE
  Relative segment, address: CODE_AREA 00001A6C - 00001A6F (0x4 bytes), align: 2
  Segment part 103.           Intra module refs:   GetMaxCurRow(DISP_OBJ_CALC *, int *, int *)
                                                   insert_operation(int)
                                                   remove_operation()
    -------------------------------------------------------------------------
CODE
  Relative segment, address: CODE_AREA 00001A70 - 00001B37 (0xc8 bytes), align: 2
  Segment part 105.           Intra module refs:   CalcGuiOnKey(DISP_OBJ_CALC *, int, int, int, int)
           ENTRY                   ADDRESS         REF BY
           =====                   =======         ======
           SetCursPos(DISP_OBJ_CALC *, int, int)
                                   00001A70 
               stack 1 = 00000000 ( 00000018 )
    -------------------------------------------------------------------------
CODE
  Relative segment, address: CODE_AREA 00001B38 - 00001B3B (0x4 bytes), align: 2
  Segment part 106.           Intra module refs:   GetMaxCurRow(DISP_OBJ_CALC *, int *, int *)
                                                   SetCursPos(DISP_OBJ_CALC *, int, int)
                                                   remove_operation()
    -------------------------------------------------------------------------
CODE
  Relative segment, address: CODE_AREA 00001B3C - 000023F7 (0x8bc bytes), align: 2
  Segment part 108.           Intra module refs:   CalcGui_constr(DISP_DESC *)
           ENTRY                   ADDRESS         REF BY
           =====                   =======         ======
           CalcGuiOnRedraw(DISP_OBJ_CALC *, int, RECT *, int)
                                   00001B3C 
               stack 1 = 00000000 ( 000000A8 )
    -------------------------------------------------------------------------
CODE
  Relative segment, address: CODE_AREA 000023F8 - 000026BB (0x2c4 bytes), align: 2
  Segment part 110.           Intra module refs:   CalcGui_constr(DISP_DESC *)
           ENTRY                   ADDRESS         REF BY
           =====                   =======         ======
           CalcGuiOnKey(DISP_OBJ_CALC *, int, int, int, int)
                                   000023F8 
               stack 1 = 00000000 ( 00000014 )
    -------------------------------------------------------------------------
CODE
  Relative segment, address: CODE_AREA 000026BC - 000026BF (0x4 bytes), align: 2
  Segment part 111.           Intra module refs:   CalcGuiOnKey(DISP_OBJ_CALC *, int, int, int, int)
    -------------------------------------------------------------------------
CODE
  Relative segment, address: CODE_AREA 000026C0 - 000026C3 (0x4 bytes), align: 2
  Segment part 112.           Intra module refs:   CalcGuiOnKey(DISP_OBJ_CALC *, int, int, int, int)
    -------------------------------------------------------------------------
CODE
  Relative segment, address: CODE_AREA 000026C4 - 000026C7 (0x4 bytes), align: 2
  Segment part 113.           Intra module refs:   CalcGuiOnKey(DISP_OBJ_CALC *, int, int, int, int)
                                                   CalcGuiOnRedraw(DISP_OBJ_CALC *, int, RECT *, int)
    -------------------------------------------------------------------------
CODE
  Relative segment, address: CODE_AREA 000026C8 - 000026CB (0x4 bytes), align: 2
  Segment part 114.           Intra module refs:   CalcGuiOnKey(DISP_OBJ_CALC *, int, int, int, int)
                                                   CalcGuiOnRedraw(DISP_OBJ_CALC *, int, RECT *, int)
                                                   SetCursPos(DISP_OBJ_CALC *, int, int)
    -------------------------------------------------------------------------
CODE
  Relative segment, address: CODE_AREA 000026CC - 000026CF (0x4 bytes), align: 2
  Segment part 115.           Intra module refs:   CalcGuiOnKey(DISP_OBJ_CALC *, int, int, int, int)
                                                   CalcGuiOnRedraw(DISP_OBJ_CALC *, int, RECT *, int)
    -------------------------------------------------------------------------
CODE
  Relative segment, address: CODE_AREA 000026D0 - 000026D3 (0x4 bytes), align: 2
  Segment part 116.           Intra module refs:   CalcGuiOnKey(DISP_OBJ_CALC *, int, int, int, int)
                                                   CalcGuiOnRedraw(DISP_OBJ_CALC *, int, RECT *, int)
                                                   GetMaxCurRow(DISP_OBJ_CALC *, int *, int *)
                                                   SetCursPos(DISP_OBJ_CALC *, int, int)
    -------------------------------------------------------------------------
CODE
  Relative segment, address: CODE_AREA 000026D4 - 00002737 (0x64 bytes), align: 2
  Segment part 118.           Intra module refs:   CreateCalkGUI(BOOK *)
           ENTRY                   ADDRESS         REF BY
           =====                   =======         ======
           CalcGui_constr(DISP_DESC *)
                                   000026D4 
               stack 1 = 00000000 ( 00000008 )
    -------------------------------------------------------------------------
CODE
  Relative segment, address: CODE_AREA 00002738 - 0000273B (0x4 bytes), align: 2
  Segment part 120.           Intra module refs:   CreateCalkGUI(BOOK *)
           ENTRY                   ADDRESS         REF BY
           =====                   =======         ======
           CalcGui_destr(GUI *)    00002738 
    -------------------------------------------------------------------------
CODE
  Relative segment, address: CODE_AREA 0000273C - 000027D3 (0x98 bytes), align: 2
  Segment part 122.
           ENTRY                   ADDRESS         REF BY
           =====                   =======         ======
           CreateCalkGUI(BOOK *)   0000273C        MainPageOnCreate(void *, BOOK *) (main)
               stack 1 = 00000000 ( 00000018 )
    -------------------------------------------------------------------------
CODE
  Relative segment, address: CODE_AREA 000027D4 - 00002823 (0x50 bytes), align: 2
  Segment part 152.           Intra module refs:   PRIOR(int)
                                                   calc_answer()
           ENTRY                   ADDRESS         REF BY
           =====                   =======         ======
           IsMathFunc(int)         000027D4 
    -------------------------------------------------------------------------
INITTAB
  Relative segment, address: CODE_AREA 00007A6C - 00007A77 (0xc bytes), align: 2
  Segment part 153. ROOT.
           ENTRY                   ADDRESS         REF BY
           =====                   =======         ======
           ?init?tab?DATA_Z        00007A6C 

    *************************************************************************

  FILE NAME : Z:\home\perk11\www\perk11.info\svn\SE\SCalka\Release\Obj\func.r79
  PROGRAM MODULE, NAME : func

  SEGMENTS IN THE MODULE
  ======================
ELFBEGIN
  Relative segment, address: CODE_AREA 00000000, align: 0
  Segment part 0. ROOT.
           ENTRY                   ADDRESS         REF BY
           =====                   =======         ======
           ELF_BEGIN               00000000 
    -------------------------------------------------------------------------
CODE
  Relative segment, address: CODE_AREA 00002824 - 0000283B (0x18 bytes), align: 2
  Segment part 1. ROOT.
           ENTRY                   ADDRESS         REF BY
           =====                   =======         ======
           kill_data               00002824        elf_exit() (main)
           seqkill                 00002828 
           ASYNC                   00002838 
           SYNC                    00002834 
    -------------------------------------------------------------------------
DYN_CONST
  Relative segment, address: CODE_AREA 00007C68 - 00007C6B (0x4 bytes), align: 2
  Segment part 21.
           ENTRY                   ADDRESS         REF BY
           =====                   =======         ======
           ACTION_SELECT1          00007C68        Segment part 68 (calc_menu)
    -------------------------------------------------------------------------
DYN_CONST
  Relative segment, address: CODE_AREA 00007C6C - 00007C6F (0x4 bytes), align: 2
  Segment part 24.
           ENTRY                   ADDRESS         REF BY
           =====                   =======         ======
           KEY_UP                  00007C6C        CalcGuiOnKey(DISP_OBJ_CALC *, int, int, int, int) (calc_object)
    -------------------------------------------------------------------------
DYN_CONST
  Relative segment, address: CODE_AREA 00007C70 - 00007C73 (0x4 bytes), align: 2
  Segment part 25.
           ENTRY                   ADDRESS         REF BY
           =====                   =======         ======
           KEY_DOWN                00007C70        CalcGuiOnKey(DISP_OBJ_CALC *, int, int, int, int) (calc_object)
    -------------------------------------------------------------------------
DYN_CONST
  Relative segment, address: CODE_AREA 00007C74 - 00007C77 (0x4 bytes), align: 2
  Segment part 26.
           ENTRY                   ADDRESS         REF BY
           =====                   =======         ======
           KEY_LEFT                00007C74        CalcGuiOnKey(DISP_OBJ_CALC *, int, int, int, int) (calc_object)
    -------------------------------------------------------------------------
DYN_CONST
  Relative segment, address: CODE_AREA 00007C78 - 00007C7B (0x4 bytes), align: 2
  Segment part 27.
           ENTRY                   ADDRESS         REF BY
           =====                   =======         ======
           KEY_RIGHT               00007C78        CalcGuiOnKey(DISP_OBJ_CALC *, int, int, int, int) (calc_object)
    -------------------------------------------------------------------------
DYN_CONST
  Relative segment, address: CODE_AREA 00007C7C - 00007C7F (0x4 bytes), align: 2
  Segment part 29.
           ENTRY                   ADDRESS         REF BY
           =====                   =======         ======
           KEY_ESC                 00007C7C        CalcGuiOnKey(DISP_OBJ_CALC *, int, int, int, int) (calc_object)
    -------------------------------------------------------------------------
DYN_CONST
  Relative segment, address: CODE_AREA 00007C80 - 00007C83 (0x4 bytes), align: 2
  Segment part 30.
           ENTRY                   ADDRESS         REF BY
           =====                   =======         ======
           KEY_DEL                 00007C80        CalcGuiOnKey(DISP_OBJ_CALC *, int, int, int, int) (calc_object)
    -------------------------------------------------------------------------
DYN_CONST
  Relative segment, address: CODE_AREA 00007C84 - 00007C87 (0x4 bytes), align: 2
  Segment part 31.
           ENTRY                   ADDRESS         REF BY
           =====                   =======         ======
           KEY_LEFT_SOFT           00007C84        CalcGuiOnKey(DISP_OBJ_CALC *, int, int, int, int) (calc_object)
    -------------------------------------------------------------------------
DYN_CONST
  Relative segment, address: CODE_AREA 00007C88 - 00007C8B (0x4 bytes), align: 2
  Segment part 32.
           ENTRY                   ADDRESS         REF BY
           =====                   =======         ======
           KEY_RIGHT_SOFT          00007C88        CalcGuiOnKey(DISP_OBJ_CALC *, int, int, int, int) (calc_object)
    -------------------------------------------------------------------------
DYN_CONST
  Relative segment, address: CODE_AREA 00007C8C - 00007C8F (0x4 bytes), align: 2
  Segment part 41.
           ENTRY                   ADDRESS         REF BY
           =====                   =======         ======
           KEY_STAR                00007C8C        Segment part 112 (calc_object)
                                                   Segment part 58 (calc_object)
    -------------------------------------------------------------------------
DYN_CONST
  Relative segment, address: CODE_AREA 00007C90 - 00007C93 (0x4 bytes), align: 2
  Segment part 42.
           ENTRY                   ADDRESS         REF BY
           =====                   =======         ======
           KEY_DIEZ                00007C90        CalcGuiOnKey(DISP_OBJ_CALC *, int, int, int, int) (calc_object)
    -------------------------------------------------------------------------
DYN_CONST
  Relative segment, address: CODE_AREA 00007C94 - 00007C97 (0x4 bytes), align: 2
  Segment part 45.
           ENTRY                   ADDRESS         REF BY
           =====                   =======         ======
           KBD_SHORT_RELEASE       00007C94        CalcGuiOnKey(DISP_OBJ_CALC *, int, int, int, int) (calc_object)
    -------------------------------------------------------------------------
DYN_CONST
  Relative segment, address: CODE_AREA 00007C98 - 00007C9B (0x4 bytes), align: 2
  Segment part 48.
           ENTRY                   ADDRESS         REF BY
           =====                   =======         ======
           KBD_REPEAT              00007C98        CalcGuiOnKey(DISP_OBJ_CALC *, int, int, int, int) (calc_object)
    -------------------------------------------------------------------------
DYN_CONST
  Relative segment, address: CODE_AREA 00007C9C - 00007C9F (0x4 bytes), align: 2
  Segment part 327.
           ENTRY                   ADDRESS         REF BY
           =====                   =======         ======
           ACTION_BACK             00007C9C        Segment part 69 (calc_menu)
    -------------------------------------------------------------------------
DYN_CONST
  Relative segment, address: CODE_AREA 00007CA0 - 00007CA3 (0x4 bytes), align: 2
  Segment part 341.
           ENTRY                   ADDRESS         REF BY
           =====                   =======         ======
           KEY_DIGITAL_0           00007CA0        Segment part 111 (calc_object)
                                                   Segment part 57 (calc_object)
    -------------------------------------------------------------------------
DYN_CONST
  Relative segment, address: CODE_AREA 00007CA4 - 00007CA7 (0x4 bytes), align: 2
  Segment part 527.
           ENTRY                   ADDRESS         REF BY
           =====                   =======         ======
           VAR_ARG_BOOK            00007CA4        CreateEditFmtStr(MyBOOK *) (calc_menu)
    -------------------------------------------------------------------------
DYN_CONST
  Relative segment, address: CODE_AREA 00007CA8 - 00007CAB (0x4 bytes), align: 2
  Segment part 528.
           ENTRY                   ADDRESS         REF BY
           =====                   =======         ======
           VAR_ARG_HTEXT           00007CA8        CreateEditFmtStr(MyBOOK *) (calc_menu)
    -------------------------------------------------------------------------
DYN_CONST
  Relative segment, address: CODE_AREA 00007CAC - 00007CAF (0x4 bytes), align: 2
  Segment part 529.
           ENTRY                   ADDRESS         REF BY
           =====                   =======         ======
           VAR_ARG_CALL_BACK_OK    00007CAC        CreateEditFmtStr(MyBOOK *) (calc_menu)
    -------------------------------------------------------------------------
DYN_CONST
  Relative segment, address: CODE_AREA 00007CB0 - 00007CB3 (0x4 bytes), align: 2
  Segment part 530.
           ENTRY                   ADDRESS         REF BY
           =====                   =======         ======
           VAR_ARG_CALL_BACK_PREV_ACT
                                   00007CB0        CreateEditFmtStr(MyBOOK *) (calc_menu)
    -------------------------------------------------------------------------
DYN_CONST
  Relative segment, address: CODE_AREA 00007CB4 - 00007CB7 (0x4 bytes), align: 2
  Segment part 532.
           ENTRY                   ADDRESS         REF BY
           =====                   =======         ======
           VAR_ARG_STRINP_MODE     00007CB4        CreateEditFmtStr(MyBOOK *) (calc_menu)
    -------------------------------------------------------------------------
DYN_CONST
  Relative segment, address: CODE_AREA 00007CB8 - 00007CBB (0x4 bytes), align: 2
  Segment part 534.
           ENTRY                   ADDRESS         REF BY
           =====                   =======         ======
           VAR_ARG_STRINP_TEXT     00007CB8        CreateEditFmtStr(MyBOOK *) (calc_menu)
    -------------------------------------------------------------------------
DYN_CONST
  Relative segment, address: CODE_AREA 00007CBC - 00007CBF (0x4 bytes), align: 2
  Segment part 537.
           ENTRY                   ADDRESS         REF BY
           =====                   =======         ======
           VAR_ARG_STRINP_MAX_LEN
                                   00007CBC        CreateEditFmtStr(MyBOOK *) (calc_menu)
    -------------------------------------------------------------------------
DYN_CONST
  Relative segment, address: CODE_AREA 00007CC0 - 00007CC3 (0x4 bytes), align: 2
  Segment part 538.
           ENTRY                   ADDRESS         REF BY
           =====                   =======         ======
           VAR_ARG_STRINP_MIN_LEN
                                   00007CC0        CreateEditFmtStr(MyBOOK *) (calc_menu)
    -------------------------------------------------------------------------
DYN_CONST_DESC
  Relative segment, address: CODE_AREA 00007CC4 - 00007CC7 (0x4 bytes), align: 2
  Segment part 681. ROOT.
    -------------------------------------------------------------------------
DYN_PAGE
  Relative segment, address: CODE_AREA 00007CC8, align: 2
  Segment part 682.
    -------------------------------------------------------------------------
DYN_PAGE_DESC
  Relative segment, address: CODE_AREA 00007CF0 - 00007CF3 (0x4 bytes), align: 2
  Segment part 683. ROOT.

    *************************************************************************

  FILE NAME : Z:\home\perk11\www\perk11.info\svn\SE\SCalka\Release\Obj\gammaf.r79
  PROGRAM MODULE, NAME : gammaf

  SEGMENTS IN THE MODULE
  ======================
CODE
  Relative segment, address: CODE_AREA 0000283C - 00002D8F (0x554 bytes), align: 2
  Segment part 9.
           ENTRY                   ADDRESS         REF BY
           =====                   =======         ======
           gamma(double)           0000283C        ParseOperation(DSTACK *, int) (calc_object)
               stack 1 = 00000000 ( 00000024 )
    -------------------------------------------------------------------------
CODE
  Relative segment, address: CODE_AREA 00002D90 - 00002D93 (0x4 bytes), align: 2
  Segment part 12.            Intra module refs:   gamma(double)
    -------------------------------------------------------------------------
CODE
  Relative segment, address: CODE_AREA 00002D94 - 00002D97 (0x4 bytes), align: 2
  Segment part 13.            Intra module refs:   gamma(double)
    -------------------------------------------------------------------------
CODE
  Relative segment, address: CODE_AREA 00002D98 - 00002F73 (0x1dc bytes), align: 2
  Segment part 15.            Intra module refs:   gamma(double)
           ENTRY                   ADDRESS         REF BY
           =====                   =======         ======
           gammastirf(double)      00002D98 
               stack 1 = 00000000 ( 0000001C )
    -------------------------------------------------------------------------
CODE
  Relative segment, address: CODE_AREA 00002F74 - 00002F77 (0x4 bytes), align: 2
  Segment part 16.            Intra module refs:   gammastirf(double)

    *************************************************************************

  FILE NAME : Z:\home\perk11\www\perk11.info\svn\SE\SCalka\Release\Obj\main.r79
  PROGRAM MODULE, NAME : main

  SEGMENTS IN THE MODULE
  ======================
DYN_PAGE
  Relative segment, address: CODE_AREA 00007CC8 - 00007CD7 (0x10 bytes), align: 2
  Segment part 5.             Intra module refs:   Segment part 4
    -------------------------------------------------------------------------
DYN_PAGE
  Relative segment, address: CODE_AREA 00007CD8 - 00007CEF (0x18 bytes), align: 2
  Segment part 6.             Intra module refs:   Segment part 4
    -------------------------------------------------------------------------
DATA_C
  Relative segment, address: CODE_AREA 000078BC - 000078CF (0x14 bytes), align: 2
  Segment part 2.             Intra module refs:   Segment part 4
    -------------------------------------------------------------------------
DATA_C
  Relative segment, address: CODE_AREA 000078D0 - 000078E3 (0x14 bytes), align: 2
  Segment part 3.             Intra module refs:   Segment part 4
    -------------------------------------------------------------------------
DATA_C
  Relative segment, address: CODE_AREA 000078E4 - 00007903 (0x20 bytes), align: 2
  Segment part 4.             Intra module refs:   main
    -------------------------------------------------------------------------
CODE
  Relative segment, address: CODE_AREA 00002F78 - 00002F93 (0x1c bytes), align: 2
  Segment part 8.             Intra module refs:   Segment part 28
           ENTRY                   ADDRESS         REF BY
           =====                   =======         ======
           elf_exit()              00002F78 
               stack 1 = 00000000 ( 00000004 )
    -------------------------------------------------------------------------
CODE
  Relative segment, address: CODE_AREA 00002F94 - 0000302B (0x98 bytes), align: 2
  Segment part 10.
           ENTRY                   ADDRESS         REF BY
           =====                   =======         ======
           win12512unicode(wchar_t *, char const *, int)
                                   00002F94        CreateEditFmtStr(MyBOOK *) (calc_menu)
    -------------------------------------------------------------------------
CODE
  Relative segment, address: CODE_AREA 0000302C - 000030EB (0xc0 bytes), align: 2
  Segment part 12.
           ENTRY                   ADDRESS         REF BY
           =====                   =======         ======
           unicode2win1251(char *, wchar_t *, int)
                                   0000302C        OnOkEditFmtGui(BOOK *, wchar_t *, int) (calc_menu)
               stack 1 = 00000000 ( 00000004 )
    -------------------------------------------------------------------------
CODE
  Relative segment, address: CODE_AREA 000030EC - 000030FB (0x10 bytes), align: 2
  Segment part 14.            Intra module refs:   Segment part 27
           LOCAL                   ADDRESS         
           =====                   =======         
           onMyBookClose(BOOK *)   000030EC 
               stack 1 = 00000000 ( 00000004 )
    -------------------------------------------------------------------------
CODE
  Relative segment, address: CODE_AREA 000030FC - 00003117 (0x1c bytes), align: 2
  Segment part 16.
           ENTRY                   ADDRESS         REF BY
           =====                   =======         ======
           isScalkaBook(BOOK *)    000030FC        CalcGuiOnKey(DISP_OBJ_CALC *, int, int, int, int) (calc_object)
                                                   CreateCalcMenu() (calc_menu)
    -------------------------------------------------------------------------
CODE
  Relative segment, address: CODE_AREA 00003118 - 0000313F (0x28 bytes), align: 2
  Segment part 20.            Intra module refs:   Segment part 6
           LOCAL                   ADDRESS         
           =====                   =======         
           MainPageOnCreate(void *, BOOK *)
                                   00003118 
               stack 1 = 00000000 ( 0000000C )
    -------------------------------------------------------------------------
CODE
  Relative segment, address: CODE_AREA 00003140 - 00003167 (0x28 bytes), align: 2
  Segment part 22.            Intra module refs:   Segment part 6
           LOCAL                   ADDRESS         
           =====                   =======         
           MainPageOnClose(void *, BOOK *)
                                   00003140 
               stack 1 = 00000000 ( 00000008 )
    -------------------------------------------------------------------------
CODE
  Relative segment, address: CODE_AREA 00003168 - 0000317B (0x14 bytes), align: 2
  Segment part 24.            Intra module refs:   Segment part 5
           LOCAL                   ADDRESS         
           =====                   =======         
           MainPageOnTerminate(void *, BOOK *)
                                   00003168 
               stack 1 = 00000000 ( 00000004 )
    -------------------------------------------------------------------------
CODE
  Relative segment, address: CODE_AREA 0000317C - 000031FF (0x84 bytes), align: 2
  Segment part 26.
           ENTRY                   ADDRESS         REF BY
           =====                   =======         ======
           main                    0000317C        Absolute parts (?ABS_ENTRY_MOD)
               stack 1 = 00000000 ( 00000010 )
    -------------------------------------------------------------------------
CODE
  Relative segment, address: CODE_AREA 00003200 - 00003203 (0x4 bytes), align: 2
  Segment part 27.            Intra module refs:   isScalkaBook(BOOK *)
                                                   main
    -------------------------------------------------------------------------
CODE
  Relative segment, address: CODE_AREA 00003204 - 00003207 (0x4 bytes), align: 2
  Segment part 28.            Intra module refs:   main
                                                   onMyBookClose(BOOK *)

    *************************************************************************

  FILE NAME : Z:\home\perk11\IAR2\arm\LIB\dl5tpainl8n.r79
  LIBRARY MODULE, NAME : ?fpStatus

  SEGMENTS IN THE MODULE
  ======================
DATA_Z
  Relative segment, address: CODE_AREA 00007C5C - 00007C5F (0x4 bytes), align: 2
  Segment part 2.
           ENTRY                   ADDRESS         REF BY
           =====                   =======         ======
           __FloatingPointFlags    00007C5C        Segment part 0 (?SetInvalidFlag)

    -------------------------------------------------------------------------
  LIBRARY MODULE, NAME : ?abs

  SEGMENTS IN THE MODULE
  ======================
CODE
  Relative segment, address: CODE_AREA 00003208 - 00003213 (0xc bytes), align: 2
  Segment part 3.
           ENTRY                   ADDRESS         REF BY
           =====                   =======         ======
           abs                     00003208        InitFonts() (calc_object)

    -------------------------------------------------------------------------
  LIBRARY MODULE, NAME : ?acos

  SEGMENTS IN THE MODULE
  ======================
CODE
  Relative segment, address: CODE_AREA 00003214 - 000033BB (0x1a8 bytes), align: 2
  Segment part 3.
           ENTRY                   ADDRESS         REF BY
           =====                   =======         ======
           acos                    00003214        ParseOperation(DSTACK *, int) (calc_object)
               stack 1 = 00000000 ( 00000020 )

    -------------------------------------------------------------------------
  LIBRARY MODULE, NAME : ?asin

  SEGMENTS IN THE MODULE
  ======================
CODE
  Relative segment, address: CODE_AREA 000033BC - 0000358F (0x1d4 bytes), align: 2
  Segment part 3.
           ENTRY                   ADDRESS         REF BY
           =====                   =======         ======
           asin                    000033BC        ParseOperation(DSTACK *, int) (calc_object)
               stack 1 = 00000000 ( 00000020 )

    -------------------------------------------------------------------------
  LIBRARY MODULE, NAME : ?atan

  SEGMENTS IN THE MODULE
  ======================
CODE
  Relative segment, address: CODE_AREA 00003590 - 000036DB (0x14c bytes), align: 2
  Segment part 3.
           ENTRY                   ADDRESS         REF BY
           =====                   =======         ======
           atan                    00003590        ParseOperation(DSTACK *, int) (calc_object)
               stack 1 = 00000000 ( 00000020 )

[...]
                                                   sqrt (?sqrt)
                                                   tan (?tan)
    -------------------------------------------------------------------------
DATA_C
  Relative segment, address: CODE_AREA 00007A04 - 00007A0B (0x8 bytes), align: 2
  Segment part 7.
           ENTRY                   ADDRESS         REF BY
           =====                   =======         ======
           _Rteps                  00007A04        _Atan (?xatan)
                                                   _Sin (?xsin)
                                                   _Sinh (?xsinh)
                                                   tan (?tan)
                                                   tanh (?tanh)
    -------------------------------------------------------------------------
DATA_C
  Relative segment, address: CODE_AREA 00007A0C - 00007A13 (0x8 bytes), align: 2
  Segment part 9.
           ENTRY                   ADDRESS         REF BY
           =====                   =======         ======
           _Xbig                   00007A0C        _Cosh (?xcosh)
                                                   _Sinh (?xsinh)
    -------------------------------------------------------------------------
DATA_C
  Relative segment, address: CODE_AREA 00007A14 - 00007A1B (0x8 bytes), align: 2
  Segment part 10.
           ENTRY                   ADDRESS         REF BY
           =====                   =======         ======
           _Zero                   00007A14        pow (?pow)

    -------------------------------------------------------------------------
  LIBRARY MODULE, NAME : ?div_module

  SEGMENTS IN THE MODULE
  ======================
CODE
  Relative segment, address: CODE_AREA 00006A18 - 00006A2F (0x18 bytes), align: 2
  Segment part 11.
           ENTRY                   ADDRESS         REF BY
           =====                   =======         ======
           ??div32_a               00006A18        CalcGuiOnRedraw(DISP_OBJ_CALC *, int, RECT *, int) (calc_object)
    -------------------------------------------------------------------------
CODE
  Relative segment, address: CODE_AREA 00006A30 - 00006B07 (0xd8 bytes), align: 2
  Segment part 12.            Intra module refs:   ??div32_a

    -------------------------------------------------------------------------
  LIBRARY MODULE, NAME : ?GetDenormal

  SEGMENTS IN THE MODULE
  ======================
CODE
  Relative segment, address: CODE_AREA 00006B08 - 00006B67 (0x60 bytes), align: 2
  Segment part 0.
           ENTRY                   ADDRESS         REF BY
           =====                   =======         ======
           ?GetDenormalX           00006B08        Segment part 1 (?D_DivDouble)
                                                   Segment part 1 (?D_MulFloat)
           ?GetDenormalY           00006B38        Segment part 1 (?D_DivDouble)
                                                   Segment part 1 (?D_MulFloat)

    -------------------------------------------------------------------------
  LIBRARY MODULE, NAME : ?D_LONG2DOUBLE

  SEGMENTS IN THE MODULE
  ======================
CODE
  Relative segment, address: CODE_AREA 00006B68 - 00006BC3 (0x5c bytes), align: 2
  Segment part 1.
           ENTRY                   ADDRESS         REF BY
           =====                   =======         ======
           __aeabi_i2d             00006B68 
           __longToDouble          00006B68        _Exp (?xexp)
                                                   _Log (?xlog)
                                                   _Sin (?xsin)
                                                   _Stod (?xstod)
                                                   gamma(double) (gammaf)
                                                   pow (?pow)
                                                   tan (?tan)
           __longToDouble::??rA    00006B68 
           __longToDubleStart      00006B84 

    -------------------------------------------------------------------------
  LIBRARY MODULE, NAME : ?D_DOUBLE2LONG

  SEGMENTS IN THE MODULE
  ======================
CODE
  Relative segment, address: CODE_AREA 00006BC4 - 00006C23 (0x60 bytes), align: 2
  Segment part 1.
           ENTRY                   ADDRESS         REF BY
           =====                   =======         ======
           __aeabi_d2iz            00006BC4 
           __doubleToLong          00006BC4        _Exp (?xexp)
                                                   _Sin (?xsin)
                                                   gamma(double) (gammaf)
                                                   pow (?pow)
                                                   tan (?tan)
           __doubleToLong::??rA    00006BC4 

    -------------------------------------------------------------------------
  LIBRARY MODULE, NAME : ?DBL_EQ

  SEGMENTS IN THE MODULE
  ======================
CODE
  Relative segment, address: CODE_AREA 00006C24 - 00006C57 (0x34 bytes), align: 2
  Segment part 0.
           ENTRY                   ADDRESS         REF BY
           =====                   =======         ======
           __aeabi_cdcmpeq         00006C24        Segment part 1 (?D_CmpFloat)
                                                   __dNotEqual (?D_CmpFloat1)

    -------------------------------------------------------------------------
  LIBRARY MODULE, NAME : ?D_CmpFloat

  SEGMENTS IN THE MODULE
  ======================
CODE
  Relative segment, address: CODE_AREA 00006C58 - 00006C6F (0x18 bytes), align: 2
  Segment part 1.
           ENTRY                   ADDRESS         REF BY
           =====                   =======         ======
           __aeabi_dcmpeq          00006C58 
           __dEqual                00006C58        _Cosh (?xcosh)
                                                   _Dtento (?xdtento)
                                                   _Exp (?xexp)
                                                   _Sinh (?xsinh)
                                                   gamma(double) (gammaf)
                                                   pow (?pow)
           __dEqual::??rA          00006C58 

    -------------------------------------------------------------------------
  LIBRARY MODULE, NAME : ?D_CmpFloat1

  SEGMENTS IN THE MODULE
  ======================
CODE
  Relative segment, address: CODE_AREA 00006C70 - 00006C87 (0x18 bytes), align: 2
  Segment part 1.
           ENTRY                   ADDRESS         REF BY
           =====                   =======         ======
           __dNotEqual             00006C70        _Sinh (?xsinh)
                                                   pow (?pow)
           __dNotEqual::??rA       00006C70 

    -------------------------------------------------------------------------
  LIBRARY MODULE, NAME : ?SetInvalidFlag

  SEGMENTS IN THE MODULE
  ======================
CODE
  Relative segment, address: CODE_AREA 00006C88 - 00006CA3 (0x1c bytes), align: 2
  Segment part 0.
           ENTRY                   ADDRESS         REF BY
           =====                   =======         ======
           ?SetInvalidFlag         00006C8C        __aeabi_cdcmple (?DBL_LT)
           ?SetInvalidFlagClr      00006C88        __aeabi_cdrcmple (?DBL_GE)

    -------------------------------------------------------------------------
  LIBRARY MODULE, NAME : ?DBL_GE

  SEGMENTS IN THE MODULE
  ======================
CODE
  Relative segment, address: CODE_AREA 00006CA4 - 00006CE3 (0x40 bytes), align: 2
  Segment part 0.
           ENTRY                   ADDRESS         REF BY
           =====                   =======         ======
           __aeabi_cdrcmple        00006CA4        Segment part 1 (?D_CmpFloat5)

    -------------------------------------------------------------------------
  LIBRARY MODULE, NAME : ?D_CmpFloat5

  SEGMENTS IN THE MODULE
  ======================
CODE
  Relative segment, address: CODE_AREA 00006CE4 - 00006CFB (0x18 bytes), align: 2
  Segment part 1.
           ENTRY                   ADDRESS         REF BY
           =====                   =======         ======
           __aeabi_dcmpge          00006CE4 
           __dGreaterEqual         00006CE4        _Atan (?xatan)
                                                   _Exp (?xexp)
                                                   _Sin (?xsin)
                                                   acosh(double) (calc_object)
                                                   atan (?atan)
                                                   fmod (?fmod)
                                                   gamma(double) (gammaf)
                                                   gammastirf(double) (gammaf)
                                                   pow (?pow)
                                                   tan (?tan)
           __dGreaterEqual::??rA   00006CE4 

    -------------------------------------------------------------------------
  LIBRARY MODULE, NAME : ?DBL_LT

  SEGMENTS IN THE MODULE
  ======================
CODE
  Relative segment, address: CODE_AREA 00006CFC - 00006D3B (0x40 bytes), align: 2
  Segment part 0.
           ENTRY                   ADDRESS         REF BY
           =====                   =======         ======
           __aeabi_cdcmple         00006CFC        Segment part 1 (?D_CmpFloat4)

    -------------------------------------------------------------------------
  LIBRARY MODULE, NAME : ?D_CmpFloat4

  SEGMENTS IN THE MODULE
  ======================
CODE
  Relative segment, address: CODE_AREA 00006D3C - 00006D53 (0x18 bytes), align: 2
  Segment part 1.
           ENTRY                   ADDRESS         REF BY
           =====                   =======         ======
           __dLess                 00006D3C        _Atan (?xatan)
                                                   _Cosh (?xcosh)
                                                   _Exp (?xexp)
                                                   _Log (?xlog)
                                                   _Sin (?xsin)
                                                   _Sinh (?xsinh)
                                                   acos (?acos)
                                                   asin (?asin)
                                                   atan (?atan)
                                                   floor (?floor)
                                                   fmod (?fmod)
                                                   gamma(double) (gammaf)
                                                   pow (?pow)
                                                   tan (?tan)
                                                   tanh (?tanh)
           __dLess::??rA           00006D3C 
           __aeabi_dcmplt          00006D3C 

    -------------------------------------------------------------------------
  LIBRARY MODULE, NAME : ?D_MulFloat

  SEGMENTS IN THE MODULE
  ======================
CODE
  Relative segment, address: CODE_AREA 00006D54 - 00006F8B (0x238 bytes), align: 2
  Segment part 1.
           ENTRY                   ADDRESS         REF BY
           =====                   =======         ======
           __dMul                  00006D54        ConvertAngleToRadians(double) (calc_object)
                                                   ConvertRadiansToAngle(double) (calc_object)
                                                   ParseOperation(DSTACK *, int) (calc_object)
                                                   _Atan (?xatan)
                                                   _Cosh (?xcosh)
                                                   _Dtento (?xdtento)
                                                   _Exp (?xexp)
                                                   _Log (?xlog)
                                                   _Sin (?xsin)
                                                   _Sinh (?xsinh)
                                                   _Stod (?xstod)
                                                   acos (?acos)
                                                   acosh(double) (calc_object)
                                                   asin (?asin)
                                                   asinh(double) (calc_object)
                                                   gamma(double) (gammaf)
                                                   gammastirf(double) (gammaf)
                                                   pow (?pow)
                                                   sqrt (?sqrt)
                                                   tan (?tan)
                                                   tanh (?tanh)
           __dMul::??rA            00006D54 
           __aeabi_dmul            00006D54 

    -------------------------------------------------------------------------
  LIBRARY MODULE, NAME : ?D_DivDouble

  SEGMENTS IN THE MODULE
  ======================
CODE
  Relative segment, address: CODE_AREA 00006F8C - 000072BF (0x334 bytes), align: 2
  Segment part 1.
           ENTRY                   ADDRESS         REF BY
           =====                   =======         ======
           __aeabi_ddiv            00006F8C 
           __dDiv                  00006F8C        ConvertAngleToRadians(double) (calc_object)
                                                   ConvertRadiansToAngle(double) (calc_object)
                                                   ParseOperation(DSTACK *, int) (calc_object)
                                                   _Atan (?xatan)
                                                   _Cosh (?xcosh)
                                                   _Dtento (?xdtento)
                                                   _Exp (?xexp)
                                                   _Log (?xlog)
                                                   _Sinh (?xsinh)
                                                   acos (?acos)
                                                   asin (?asin)
                                                   atan (?atan)
                                                   athh(double) (calc_object)
                                                   gamma(double) (gammaf)
                                                   gammastirf(double) (gammaf)
                                                   pow (?pow)
                                                   sqrt (?sqrt)
                                                   tan (?tan)
                                                   tanh (?tanh)
           __dDiv::??rA            00006F8C 

    -------------------------------------------------------------------------
  LIBRARY MODULE, NAME : ?D_SubDouble

  SEGMENTS IN THE MODULE
  ======================
CODE
  Relative segment, address: CODE_AREA 000072C0 - 000074B7 (0x1f8 bytes), align: 2
  Segment part 1.
           ENTRY                   ADDRESS         REF BY
           =====                   =======         ======
           __aeabi_dsub            000072C0 
           __dSub                  000072C0        ParseOperation(DSTACK *, int) (calc_object)
                                                   _Exp (?xexp)
                                                   _Log (?xlog)
                                                   _Sin (?xsin)
                                                   _Sinh (?xsinh)
                                                   acos (?acos)
                                                   asin (?asin)
                                                   athh(double) (calc_object)
                                                   fmod (?fmod)
                                                   gamma(double) (gammaf)
                                                   pow (?pow)
                                                   tan (?tan)
                                                   tanh (?tanh)
           __dSub::??rA            000072C0 
           __DoSub                 000072D0        Segment part 1 (?D_AddDouble)

    -------------------------------------------------------------------------
  LIBRARY MODULE, NAME : ?D_AddDouble

  SEGMENTS IN THE MODULE
  ======================
CODE
  Relative segment, address: CODE_AREA 000074B8 - 000075FB (0x144 bytes), align: 2
  Segment part 1.
           ENTRY                   ADDRESS         REF BY
           =====                   =======         ======
           __aeabi_dadd            000074B8 
           __dAdd                  000074B8        ParseOperation(DSTACK *, int) (calc_object)
                                                   _Atan (?xatan)
                                                   _Cosh (?xcosh)
                                                   _Exp (?xexp)
                                                   _Log (?xlog)
                                                   _Sin (?xsin)
                                                   _Sinh (?xsinh)
                                                   _Stod (?xstod)
                                                   acos (?acos)
                                                   acosh(double) (calc_object)
                                                   asin (?asin)
                                                   asinh(double) (calc_object)
                                                   athh(double) (calc_object)
                                                   floor (?floor)
                                                   gamma(double) (gammaf)
                                                   gammastirf(double) (gammaf)
                                                   pow (?pow)
                                                   sqrt (?sqrt)
                                                   tan (?tan)
                                                   tanh (?tanh)
           __dAdd::??rA            000074B8 
           __DoAdd                 000074C8        Segment part 1 (?D_SubDouble)




                ****************************************
                *                                      *
                *      SEGMENTS IN ADDRESS ORDER       *
                *                                      *
                ****************************************


SEGMENT              SPACE    START ADDRESS   END ADDRESS     SIZE  TYPE  ALIGN
=======              =====    =============   ===========     ====  ====  =====
ELFBEGIN             CODE_AREA           00000000                     rel    0
DATA_ID              CODE_AREA      00000000 - 0000003B          3C   rel    2
START                CODE_AREA           0000003C                     dse    0
CODE                 CODE_AREA      0000003C - 000075FB        75C0   rel    2
DATA_C               CODE_AREA      000075FC - 00007A5D         462   rel    2
INITTAB              CODE_AREA      00007A60 - 00007A77          18   rel    2
DATA_Z               CODE_AREA      00007A78 - 00007C67         1F0   rel    2
DATA_N               CODE_AREA           00007C68                     dse    0
CONFIG_C             CODE_AREA           00007C68                     dse    0
DYN_CONST            CODE_AREA      00007C68 - 00007CC3          5C   rel    2
DYN_CONST_DESC       CODE_AREA      00007CC4 - 00007CC7           4   rel    2
DYN_PAGE             CODE_AREA      00007CC8 - 00007CEF          28   rel    2
DYN_PAGE_DESC        CODE_AREA      00007CF0 - 00007CF3           4   rel    2
DATA_I               DATA_AREA      00000000 - 0000003B          3C   rel    2

                ****************************************
                *                                      *
                *        END OF CROSS REFERENCE        *
                *                                      *
                ****************************************

 31 986 bytes of CODE memory
     60 bytes of DATA memory

Errors: none
Warnings: none

