##############################################################################
#                                                                            #
# IAR ARM ANSI C/C++ Compiler V4.42A/W32 EVALUATION    10/Jun/2013  22:45:28 #
# Copyright 1999-2005 IAR Systems. All rights reserved.                      #
#                                                                            #
#    Cpu mode        =  interwork                                            #
#    Endian          =  little                                               #
#    Stack alignment =  4                                                    #
#    Source file     =  Z:\home\perk11\www\perk11.info\svn\SE\7zlib\main.c   #
#    Command line    =  Z:\home\perk11\www\perk11.info\svn\SE\7zlib\main.c   #
#                       -D NDEBUG -D OLDFUNCTIONS -lcN                       #
#                       Z:\home\perk11\www\perk11.info\svn\SE\7zlib\Release\ #
#                       List\ -la Z:\home\perk11\www\perk11.info\svn\SE\7zli #
#                       b\Release\List\ -o Z:\home\perk11\www\perk11.info\sv #
#                       n\SE\7zlib\Release\Obj\ -s9 --no_unroll              #
#                       --no_code_motion --cpu_mode thumb --endian little    #
#                       --cpu ARM926EJ-S --stack_align 4 --interwork -e      #
#                       --fpu None --library_module -I                       #
#                       Z:\home\perk11\IAR2\arm\INC\ --inline_threshold=2    #
#    List file       =  Z:\home\perk11\www\perk11.info\svn\SE\7zlib\Release\ #
#                       List\main.lst                                        #
#    Object file     =  Z:\home\perk11\www\perk11.info\svn\SE\7zlib\Release\ #
#                       Obj\main.r79                                         #
#                                                                            #
#                                                                            #
##############################################################################

Z:\home\perk11\www\perk11.info\svn\SE\7zlib\main.c
      1          
      2          int main()
      3          {
      4            return 0;
      5          }

   Maximum stack usage in bytes:

     Function CSTACK
     -------- ------
     main         0


   Segment part sizes:

     Function/Label Bytes
     -------------- -----
     main              4
      Others           8

 
 12 bytes in segment CODE
 
 4 bytes of CODE memory (+ 8 bytes shared)

Errors: none
Warnings: none
