################################################################################
#                                                                              #
#      IAR Universal Linker V4.60I/386                                         #
#                                                                              #
#           Link time     =  10/Jun/2013  23:10:52                             #
#           Target CPU    =  ARM                                               #
#           List file     =  Z:\home\perk11\www\perk11.info\svn\SE\WalkmanDisp #
#                            lay\Release_RU\List\WalkmanDisplay.map            #
#           Output file 1 =  Z:\home\perk11\www\perk11.info\svn\SE\WalkmanDisp #
#                            lay\Release_RU\Exe\WalkmanDisplay.elf             #
#                            Format: elf, variant: -ynpra                      #
#           Command line  =  Z:\home\perk11\www\perk11.info\svn\SE\WalkmanDisp #
#                            lay\Release_RU\Obj\CurrentTrack.r79               #
#                            Z:\home\perk11\www\perk11.info\svn\SE\WalkmanDisp #
#                            lay\Release_RU\Obj\DecoderInit.r79                #
#                            Z:\home\perk11\www\perk11.info\svn\SE\WalkmanDisp #
#                            lay\Release_RU\Obj\accelctrl.r79                  #
#                            Z:\home\perk11\www\perk11.info\svn\SE\WalkmanDisp #
#                            lay\Release_RU\Obj\cl.r79                         #
#                            Z:\home\perk11\www\perk11.info\svn\SE\WalkmanDisp #
#                            lay\Release_RU\Obj\conf_loader.r79                #
#                            Z:\home\perk11\www\perk11.info\svn\SE\WalkmanDisp #
#                            lay\Release_RU\Obj\config_data.r79                #
#                            Z:\home\perk11\www\perk11.info\svn\SE\WalkmanDisp #
#                            lay\Release_RU\Obj\decoder2.r79                   #
#                            Z:\home\perk11\www\perk11.info\svn\SE\WalkmanDisp #
#                            lay\Release_RU\Obj\encoding.r79                   #
#                            Z:\home\perk11\www\perk11.info\svn\SE\WalkmanDisp #
#                            lay\Release_RU\Obj\func.r79                       #
#                            Z:\home\perk11\www\perk11.info\svn\SE\WalkmanDisp #
#                            lay\Release_RU\Obj\images.r79                     #
#                            Z:\home\perk11\www\perk11.info\svn\SE\WalkmanDisp #
#                            lay\Release_RU\Obj\main.r79                       #
#                            Z:\home\perk11\www\perk11.info\svn\SE\WalkmanDisp #
#                            lay\Release_RU\Obj\mem2.r79                       #
#                            Z:\home\perk11\www\perk11.info\svn\SE\WalkmanDisp #
#                            lay\Release_RU\Obj\migrate_2_0.r79                #
#                            Z:\home\perk11\www\perk11.info\svn\SE\WalkmanDisp #
#                            lay\Release_RU\Obj\migrate_2_0_corrupted.r79      #
#                            Z:\home\perk11\www\perk11.info\svn\SE\WalkmanDisp #
#                            lay\Release_RU\Obj\skin_data.r79                  #
#                            Z:\home\perk11\www\perk11.info\svn\SE\WalkmanDisp #
#                            lay\Release_RU\Obj\skin_loader.r79                #
#                            Z:\home\perk11\www\perk11.info\svn\SE\WalkmanDisp #
#                            lay\Release_RU\Obj\tag.r79                        #
#                            Z:\home\perk11\www\perk11.info\svn\SE\WalkmanDisp #
#                            lay\Release_RU\Obj\tag_reset.r79                  #
#                            -o                                                #
#                            Z:\home\perk11\www\perk11.info\svn\SE\WalkmanDisp #
#                            lay\Release_RU\Exe\WalkmanDisplay.elf             #
#                            -Felf -l                                          #
#                            Z:\home\perk11\www\perk11.info\svn\SE\WalkmanDisp #
#                            lay\Release_RU\List\WalkmanDisplay.map            #
#                            -xms -IZ:\home\perk11\IAR2\arm\LIB\ -f            #
#                            Z:\home\perk11\www\perk11.info\svn\SE\WalkmanDisp #
#                            lay\1.xcl                                         #
#                            (-carm -ynpra -V(CODE)CODE_AREA,12                #
#                            -V(DATA)DATA_AREA,12                              #
#                            -Z(CODE_AREA)ELFBEGIN,DATA_ID,START,CODE,DATA_C,I #
#                            NITTAB,DATA_Z,DATA_N,CONFIG_C,SKIN_C,DYN_CONST,DY #
#                            N_CONST_DESC,DYN_PAGE,DYN_PAGE_DESC=0-FFFFFFFF    #
#                            -Z(DATA_AREA)DATA_I=0-FFFFFFFF)                   #
#                            Z:\home\perk11\IAR2\arm\LIB\dl5tpainl8n.r79 -s    #
#                            main                                              #
#                                                                              #
#                        Copyright 1987-2007 IAR Systems. All rights reserved. #
################################################################################





                ****************************************
                *                                      *
                *           CROSS REFERENCE            *
                *                                      *
                ****************************************

       Program entry at : CODE_AREA 0000611C  Relocatable, from module : main




                ****************************************
                *                                      *
                *            RUNTIME MODEL             *
                *                                      *
                ****************************************

  ARMv4M                 = USED
  ARMv4T                 = USED
  ARMv5T                 = USED
  StackAlign4            = USED
  __cpu_mode             = __pcs__interwork
  __data_model           = absolute
  __dlib_file_descriptor = 1
  __endian               = little
  __rt_version           = 6
  __thumb_aware          = enabled



                ****************************************
                *                                      *
                *              MODULE MAP              *
                *                                      *
                ****************************************


  DEFINED ABSOLUTE ENTRIES
    *************************************************************************

  DEFINED ABSOLUTE ENTRIES
    *************************************************************************

  FILE NAME : Z:\home\perk11\www\perk11.info\svn\SE\WalkmanDisplay\Release_RU\Obj\CurrentTrack.r79
  PROGRAM MODULE, NAME : CurrentTrack

  SEGMENTS IN THE MODULE
  ======================
CODE
  Relative segment, address: CODE_AREA 00000560 - 00000597 (0x38 bytes), align: 2
  Segment part 3.
           ENTRY                   ADDRESS         REF BY
           =====                   =======         ======
           TrackDesc_Free(TRACK_DESC *)
                                   00000560        CMyBook::onClose() (main)
                                                   onPlay(void *, BOOK *) (main)
                                                   onPlayerClosed(void *, BOOK *) (main)
               stack 1 = 00000000 ( 00000008 )
    -------------------------------------------------------------------------
CODE
  Relative segment, address: CODE_AREA 00000598 - 000005F3 (0x5c bytes), align: 2
  Segment part 5.
           ENTRY                   ADDRESS         REF BY
           =====                   =======         ======
           TrackDesc_Compare(TRACK_DESC *, TRACK_DESC *)
                                   00000598        onPlay(void *, BOOK *) (main)
               stack 1 = 00000000 ( 0000000C )
    -------------------------------------------------------------------------
CODE
  Relative segment, address: CODE_AREA 000005F4 - 00000693 (0xa0 bytes), align: 2
  Segment part 7.
           ENTRY                   ADDRESS         REF BY
           =====                   =======         ======
           TrackDesc_Get(BOOK *)   000005F4        onPlay(void *, BOOK *) (main)
                                                   walkman_Redraw(DISP_OBJ *, int, int, int) (main)
               stack 1 = 00000000 ( 00000014 )

    *************************************************************************

  FILE NAME : Z:\home\perk11\www\perk11.info\svn\SE\WalkmanDisplay\Release_RU\Obj\DecoderInit.r79
  PROGRAM MODULE, NAME : DecoderInit

  SEGMENTS IN THE MODULE
  ======================
DATA_Z
  Relative segment, address: CODE_AREA 0000BC18 - 0000E43F (0x2828 bytes), align: 2
  Segment part 8.             Intra module refs:   Cover_Free()
                                                   decoder_Init(wchar_t *, wchar_t *)
           ENTRY                   ADDRESS         REF BY
           =====                   =======         ======
           nowmusic                0000BC18        CMyBook::onClose() (main)
                                                   Segment part 134 (main)
                                                   Segment part 47 (main)
                                                   walkman_Redraw(DISP_OBJ *, int, int, int) (main)
    -------------------------------------------------------------------------
DATA_I
  Relative segment, address: DATA_AREA 00000000 - 0000000F (0x10 bytes), align: 2
  Segment part 9.             Intra module refs:   GetType_str(int)
           ENTRY                   ADDRESS         REF BY
           =====                   =======         ======
           types                   00000000 
    -------------------------------------------------------------------------
CODE
  Relative segment, address: CODE_AREA 00000694 - 000006AF (0x1c bytes), align: 2
  Segment part 12.            Intra module refs:   GetCover(void *, wchar_t *, wchar_t *, METADATA *)
           ENTRY                   ADDRESS         REF BY
           =====                   =======         ======
           GetType_str(int)        00000694 
    -------------------------------------------------------------------------
CODE
  Relative segment, address: CODE_AREA 000006B0 - 0000081B (0x16c bytes), align: 2
  Segment part 14.            Intra module refs:   metadata_Get(wchar_t *, wchar_t *, METADATA *, int)
           ENTRY                   ADDRESS         REF BY
           =====                   =======         ======
           GetCover(void *, wchar_t *, wchar_t *, METADATA *)
                                   000006B0 
               stack 1 = 00000000 ( 00000044 )
    -------------------------------------------------------------------------
CODE
  Relative segment, address: CODE_AREA 0000081C - 00000A4F (0x234 bytes), align: 2
  Segment part 16.            Intra module refs:   decoder_Init(wchar_t *, wchar_t *)
           ENTRY                   ADDRESS         REF BY
           =====                   =======         ======
           metadata_Get(wchar_t *, wchar_t *, METADATA *, int)
                                   0000081C 
               stack 1 = 00000000 ( 00000034 )
    -------------------------------------------------------------------------
CODE
  Relative segment, address: CODE_AREA 00000A50 - 00000A7B (0x2c bytes), align: 2
  Segment part 18.            Intra module refs:   decoder_Init(wchar_t *, wchar_t *)
           ENTRY                   ADDRESS         REF BY
           =====                   =======         ======
           Cover_Free()            00000A50 
               stack 1 = 00000000 ( 0000000C )
    -------------------------------------------------------------------------
CODE
  Relative segment, address: CODE_AREA 00000A7C - 00000B17 (0x9c bytes), align: 2
  Segment part 20.            Intra module refs:   decoder_Init(wchar_t *, wchar_t *)
           ENTRY                   ADDRESS         REF BY
           =====                   =======         ======
           getFormat(wchar_t *)    00000A7C 
               stack 1 = 00000000 ( 0000000C )
    -------------------------------------------------------------------------
CODE
  Relative segment, address: CODE_AREA 00000B18 - 00000B5B (0x44 bytes), align: 2
  Segment part 22.            Intra module refs:   decoder_Init(wchar_t *, wchar_t *)
           ENTRY                   ADDRESS         REF BY
           =====                   =======         ======
           freemeta(MUSIC *)       00000B18 
               stack 1 = 00000000 ( 00000008 )
    -------------------------------------------------------------------------
CODE
  Relative segment, address: CODE_AREA 00000B5C - 00000BDB (0x80 bytes), align: 2
  Segment part 24.
           ENTRY                   ADDRESS         REF BY
           =====                   =======         ======
           decoder_Init(wchar_t *, wchar_t *)
                                   00000B5C        onPlay(void *, BOOK *) (main)
                                                   walkman_Redraw(DISP_OBJ *, int, int, int) (main)
               stack 1 = 00000000 ( 00000030 )
    -------------------------------------------------------------------------
DATA_ID
  Relative segment, address: CODE_AREA 00000000 - 0000000F (0x10 bytes), align: 2
  Segment part 10.            Intra module refs:   types
    -------------------------------------------------------------------------
INITTAB
  Relative segment, address: CODE_AREA 0000BC00 - 0000BC0B (0xc bytes), align: 2
  Segment part 30. ROOT.
           ENTRY                   ADDRESS         REF BY
           =====                   =======         ======
           ?init?tab?DATA_I        0000BC00 
    -------------------------------------------------------------------------
INITTAB
  Relative segment, address: CODE_AREA 0000BC0C - 0000BC17 (0xc bytes), align: 2
  Segment part 31. ROOT.
           ENTRY                   ADDRESS         REF BY
           =====                   =======         ======
           ?init?tab?DATA_Z        0000BC0C 
    -------------------------------------------------------------------------
DATA_C
  Relative segment, address: CODE_AREA 0000A414 - 0000A41B (0x8 bytes), align: 2
  Segment part 2.             Intra module refs:   Segment part 10
    -------------------------------------------------------------------------
DATA_C
  Relative segment, address: CODE_AREA 0000A41C - 0000A423 (0x8 bytes), align: 2
  Segment part 3.             Intra module refs:   Segment part 10
    -------------------------------------------------------------------------
DATA_C
  Relative segment, address: CODE_AREA 0000A424 - 0000A42B (0x8 bytes), align: 2
  Segment part 4.             Intra module refs:   Segment part 10
    -------------------------------------------------------------------------
DATA_C
  Relative segment, address: CODE_AREA 0000A42C - 0000A433 (0x8 bytes), align: 2
  Segment part 5.             Intra module refs:   Segment part 10
    -------------------------------------------------------------------------
DATA_C
  Relative segment, address: CODE_AREA 0000A434 - 0000A45B (0x28 bytes), align: 2
  Segment part 6.             Intra module refs:   GetCover(void *, wchar_t *, wchar_t *, METADATA *)
    -------------------------------------------------------------------------
DATA_C
  Relative segment, address: CODE_AREA 0000A45C - 0000A4DF (0x84 bytes), align: 2
  Segment part 7.             Intra module refs:   getFormat(wchar_t *)

    *************************************************************************

  FILE NAME : Z:\home\perk11\www\perk11.info\svn\SE\WalkmanDisplay\Release_RU\Obj\accelctrl.r79
  PROGRAM MODULE, NAME : accelctrl

  SEGMENTS IN THE MODULE
  ======================
CODE
  Relative segment, address: CODE_AREA 00000BDC - 00000BF7 (0x1c bytes), align: 2
  Segment part 5.
           ENTRY                   ADDRESS         REF BY
           =====                   =======         ======
           CAccelCtrl::delete ~CAccelCtrl(CAccelCtrl *)
                                   00000BDC        CMyBook::onClose() (main)
                                                   onPlayerClosed(void *, BOOK *) (main)
               stack 1 = 00000000 ( 00000008 )
    -------------------------------------------------------------------------
CODE
  Relative segment, address: CODE_AREA 00000BF8 - 00000C8F (0x98 bytes), align: 2
  Segment part 7.             Intra module refs:   Segment part 10
           ENTRY                   ADDRESS         REF BY
           =====                   =======         ======
           onAccTimer(u16, CAccelCtrl *)
                                   00000BF8 
               stack 1 = 00000000 ( 0000001C )
    -------------------------------------------------------------------------
CODE
  Relative segment, address: CODE_AREA 00000C90 - 00000CE3 (0x54 bytes), align: 2
  Segment part 9.
           ENTRY                   ADDRESS         REF BY
           =====                   =======         ======
           CAccelCtrl::CAccelCtrl()
                                   00000C90        walkman_Redraw(DISP_OBJ *, int, int, int) (main)
               stack 1 = 00000000 ( 00000008 )
    -------------------------------------------------------------------------
CODE
  Relative segment, address: CODE_AREA 00000CE4 - 00000CE7 (0x4 bytes), align: 2
  Segment part 10.            Intra module refs:   CAccelCtrl::CAccelCtrl()
                                                   onAccTimer(u16, CAccelCtrl *)
    -------------------------------------------------------------------------
CODE
  Relative segment, address: CODE_AREA 00000CE8 - 00000D43 (0x5c bytes), align: 2
  Segment part 12.            Intra module refs:   CAccelCtrl::delete ~CAccelCtrl(CAccelCtrl *)
           ENTRY                   ADDRESS         REF BY
           =====                   =======         ======
           CAccelCtrl::~CAccelCtrl()
                                   00000CE8 
               stack 1 = 00000000 ( 00000008 )
    -------------------------------------------------------------------------
CODE
  Relative segment, address: CODE_AREA 00000D44 - 00000E23 (0xe0 bytes), align: 2
  Segment part 14.            Intra module refs:   CAccelCtrl::CAccelCtrl()
           ENTRY                   ADDRESS         REF BY
           =====                   =======         ======
           CAccelCtrl::identify_phone()
                                   00000D44 
    -------------------------------------------------------------------------
CODE
  Relative segment, address: CODE_AREA 00000E24 - 00000E2B (0x8 bytes), align: 2
  Segment part 16.
           ENTRY                   ADDRESS         REF BY
           =====                   =======         ======
           CAccelCtrl::getstatus()
                                   00000E24        onPlayerClosed(void *, BOOK *) (main)
    -------------------------------------------------------------------------
CODE
  Relative segment, address: CODE_AREA 00000E2C - 00000E8F (0x64 bytes), align: 2
  Segment part 18.
           ENTRY                   ADDRESS         REF BY
           =====                   =======         ======
           CAccelCtrl::AddHook(void (__atpcs __interwork *)(void *, int, int), char)
                                   00000E2C        onPlayerClosed(void *, BOOK *) (main)
                                                   walkman_Redraw(DISP_OBJ *, int, int, int) (main)
               stack 1 = 00000000 ( 00000010 )
    -------------------------------------------------------------------------
CODE
  Relative segment, address: CODE_AREA 00000E90 - 00000EEF (0x60 bytes), align: 2
  Segment part 28.
           ENTRY                   ADDRESS         REF BY
           =====                   =======         ======
           CAccelCtrl::getorientation(int, int)
                                   00000E90        onAccel(void *, int, int) (main)

    *************************************************************************

  FILE NAME : Z:\home\perk11\www\perk11.info\svn\SE\WalkmanDisplay\Release_RU\Obj\cl.r79
  PROGRAM MODULE, NAME : cl

  SEGMENTS IN THE MODULE
  ======================
DATA_Z
  Relative segment, address: CODE_AREA 0000E440 - 0000E443 (0x4 bytes), align: 2
  Segment part 3.             Intra module refs:   CBook::CBook(char *, PAGE_DESC const *)
           ENTRY                   ADDRESS         REF BY
           =====                   =======         ======
           MyBook                  0000E440        Segment part 107 (main)
                                                   Segment part 65 (main)
                                                   walkman_Redraw(DISP_OBJ *, int, int, int) (main)
    -------------------------------------------------------------------------
CODE
  Relative segment, address: CODE_AREA 00000EF0 - 00000EFB (0xc bytes), align: 2
  Segment part 7.             Intra module refs:   CBook::CBook(char *, PAGE_DESC const *)
           LOCAL                   ADDRESS         
           =====                   =======         
           __onClose(BOOK *)       00000EF0 
               stack 1 = 00000000 ( 00000004 )
    -------------------------------------------------------------------------
CODE
  Relative segment, address: CODE_AREA 00000EFC - 00000F47 (0x4c bytes), align: 2
  Segment part 9.
           ENTRY                   ADDRESS         REF BY
           =====                   =======         ======
           CBook::CBook(char *, PAGE_DESC const *)
                                   00000EFC        CMyBook::CMyBook() (main)
               stack 1 = 00000000 ( 00000010 )
    -------------------------------------------------------------------------
CODE
  Relative segment, address: CODE_AREA 00000F48 - 00000F53 (0xc bytes), align: 2
  Segment part 11.
           ENTRY                   ADDRESS         REF BY
           =====                   =======         ======
           CBook::destroy()        00000F48        TerminateElf(void *, BOOK *) (main)
               stack 1 = 00000000 ( 00000004 )
    -------------------------------------------------------------------------
CODE
  Relative segment, address: CODE_AREA 00000F54 - 00000F6B (0x18 bytes), align: 2
  Segment part 13.            Intra module refs:   CBook::__vtbl
           ENTRY                   ADDRESS         REF BY
           =====                   =======         ======
           CBook::~CBook()         00000F54        CMyBook::~CMyBook() (main)
               stack 1 = 00000000 ( 00000004 )
    -------------------------------------------------------------------------
CODE
  Relative segment, address: CODE_AREA 00000F6C - 00000F6F (0x4 bytes), align: 2
  Segment part 15.            Intra module refs:   CBook::__vtbl
           ENTRY                   ADDRESS         REF BY
           =====                   =======         ======
           CBook::onClose()        00000F6C 
    -------------------------------------------------------------------------
DATA_C
  Relative segment, address: CODE_AREA 0000A4E0 - 0000A4E7 (0x8 bytes), align: 2
  Segment part 2.             Intra module refs:   CBook::CBook(char *, PAGE_DESC const *)
           ENTRY                   ADDRESS         REF BY
           =====                   =======         ======
           CBook::__vtbl           0000A4E0 

    *************************************************************************

  FILE NAME : Z:\home\perk11\www\perk11.info\svn\SE\WalkmanDisplay\Release_RU\Obj\conf_loader.r79
  PROGRAM MODULE, NAME : conf_loader

  SEGMENTS IN THE MODULE
  ======================
DATA_I
  Relative segment, address: DATA_AREA 00000010 - 00000017 (0x8 bytes), align: 2
  Segment part 6.             Intra module refs:   Segment part 14
           ENTRY                   ADDRESS         REF BY
           =====                   =======         ======
           successed_config_name   00000014        Segment part 53 (main)
                                                   walkman_Redraw(DISP_OBJ *, int, int, int) (main)
           successed_config_path   00000010        Segment part 52 (main)
                                                   walkman_Redraw(DISP_OBJ *, int, int, int) (main)
    -------------------------------------------------------------------------
CODE
  Relative segment, address: CODE_AREA 00000F70 - 0000106B (0xfc bytes), align: 2
  Segment part 9.             Intra module refs:   InitConfig()
           ENTRY                   ADDRESS         REF BY
           =====                   =======         ======
           LoadConfigData(wchar_t const *, wchar_t const *)
                                   00000F70 
               stack 1 = 00000000 ( 00000040 )
    -------------------------------------------------------------------------
CODE
  Relative segment, address: CODE_AREA 0000106C - 00001103 (0x98 bytes), align: 2
  Segment part 11.            Intra module refs:   InitConfig()
           ENTRY                   ADDRESS         REF BY
           =====                   =======         ======
           SaveConfigData(wchar_t const *, wchar_t const *)
                                   0000106C        walkman_Redraw(DISP_OBJ *, int, int, int) (main)
               stack 1 = 00000000 ( 00000020 )
    -------------------------------------------------------------------------
CODE
  Relative segment, address: CODE_AREA 00001104 - 00001107 (0x4 bytes), align: 2
  Segment part 12.            Intra module refs:   LoadConfigData(wchar_t const *, wchar_t const *)
                                                   SaveConfigData(wchar_t const *, wchar_t const *)
    -------------------------------------------------------------------------
CODE
  Relative segment, address: CODE_AREA 00001108 - 0000110B (0x4 bytes), align: 2
  Segment part 13.            Intra module refs:   LoadConfigData(wchar_t const *, wchar_t const *)
                                                   SaveConfigData(wchar_t const *, wchar_t const *)
    -------------------------------------------------------------------------
CODE
  Relative segment, address: CODE_AREA 0000110C - 0000110F (0x4 bytes), align: 2
  Segment part 14.            Intra module refs:   LoadConfigData(wchar_t const *, wchar_t const *)
                                                   SaveConfigData(wchar_t const *, wchar_t const *)
    -------------------------------------------------------------------------
CODE
  Relative segment, address: CODE_AREA 00001110 - 00001177 (0x68 bytes), align: 2
  Segment part 16.
           ENTRY                   ADDRESS         REF BY
           =====                   =======         ======
           InitConfig()            00001110        main (main)
                                                   onReconfig(void *, BOOK *) (main)
               stack 1 = 00000000 ( 00000008 )
    -------------------------------------------------------------------------
DATA_ID
  Relative segment, address: CODE_AREA 00000010 - 00000017 (0x8 bytes), align: 2
  Segment part 7.             Intra module refs:   Segment part 6
    -------------------------------------------------------------------------
DATA_C
  Relative segment, address: CODE_AREA 0000BBFC - 0000BBFD (0x2 bytes), align: 1
  Segment part 2.             Intra module refs:   Segment part 7
    -------------------------------------------------------------------------
DATA_C
  Relative segment, address: CODE_AREA 0000A4E8 - 0000A517 (0x30 bytes), align: 2
  Segment part 3.             Intra module refs:   LoadConfigData(wchar_t const *, wchar_t const *)
    -------------------------------------------------------------------------
DATA_C
  Relative segment, address: CODE_AREA 0000A518 - 0000A543 (0x2c bytes), align: 2
  Segment part 4.             Intra module refs:   SaveConfigData(wchar_t const *, wchar_t const *)
    -------------------------------------------------------------------------
DATA_C
  Relative segment, address: CODE_AREA 0000A544 - 0000A56B (0x28 bytes), align: 2
  Segment part 5.             Intra module refs:   InitConfig()

    *************************************************************************

  FILE NAME : Z:\home\perk11\www\perk11.info\svn\SE\WalkmanDisplay\Release_RU\Obj\config_data.r79
  PROGRAM MODULE, NAME : config_data

  SEGMENTS IN THE MODULE
  ======================
CONFIG_C
  Relative segment, address: CODE_AREA 0000F858 - 0000F883 (0x2c bytes), align: 2
  Segment part 2. ROOT.
    -------------------------------------------------------------------------
CONFIG_C
  Relative segment, address: CODE_AREA 0000F884 - 0000F887 (0x4 bytes), align: 2
  Segment part 3. ROOT.
           ENTRY                   ADDRESS         REF BY
           =====                   =======         ======
           use_pauseicn            0000F884        walkman_Redraw(DISP_OBJ *, int, int, int) (main)
    -------------------------------------------------------------------------
CONFIG_C
  Relative segment, address: CODE_AREA 0000F888 - 0000F8B3 (0x2c bytes), align: 2
  Segment part 4. ROOT.
    -------------------------------------------------------------------------
CONFIG_C
  Relative segment, address: CODE_AREA 0000F8B4 - 0000F8B7 (0x4 bytes), align: 2
  Segment part 5. ROOT.
           ENTRY                   ADDRESS         REF BY
           =====                   =======         ======
           key_rotation            0000F8B4        NewKey(int, int, int, LPARAM, DISP_OBJ *) (main)
    -------------------------------------------------------------------------
CONFIG_C
  Relative segment, address: CODE_AREA 0000F8B8 - 0000F8BB (0x4 bytes), align: 2
  Segment part 6. ROOT.
           ENTRY                   ADDRESS         REF BY
           =====                   =======         ======
           key_rotation_mode       0000F8B8        NewKey(int, int, int, LPARAM, DISP_OBJ *) (main)
    -------------------------------------------------------------------------
CONFIG_C
  Relative segment, address: CODE_AREA 0000F8BC - 0000F8E7 (0x2c bytes), align: 2
  Segment part 7. ROOT.
    -------------------------------------------------------------------------
CONFIG_C
  Relative segment, address: CODE_AREA 0000F8E8 - 0000F8EB (0x4 bytes), align: 2
  Segment part 8. ROOT.
           ENTRY                   ADDRESS         REF BY
           =====                   =======         ======
           use_accel               0000F8E8        Segment part 115 (main)
                                                   Segment part 36 (main)
                                                   walkman_Redraw(DISP_OBJ *, int, int, int) (main)
    -------------------------------------------------------------------------
CONFIG_C
  Relative segment, address: CODE_AREA 0000F8EC - 0000F94B (0x60 bytes), align: 2
  Segment part 9. ROOT.
    -------------------------------------------------------------------------
CONFIG_C
  Relative segment, address: CODE_AREA 0000F94C - 0000F977 (0x2c bytes), align: 2
  Segment part 10. ROOT.
    -------------------------------------------------------------------------
CONFIG_C
  Relative segment, address: CODE_AREA 0000F978 - 0000F97B (0x4 bytes), align: 2
  Segment part 11. ROOT.
           ENTRY                   ADDRESS         REF BY
           =====                   =======         ======
           use_albumpng            0000F978        GetCover(void *, wchar_t *, wchar_t *, METADATA *) (DecoderInit)
    -------------------------------------------------------------------------
CONFIG_C
  Relative segment, address: CODE_AREA 0000F97C - 0000F9A7 (0x2c bytes), align: 2
  Segment part 12. ROOT.
    -------------------------------------------------------------------------
CONFIG_C
  Relative segment, address: CODE_AREA 0000F9A8 - 0000F9AB (0x4 bytes), align: 2
  Segment part 13. ROOT.
           ENTRY                   ADDRESS         REF BY
           =====                   =======         ======
           img_priority            0000F9A8        init_resources(wchar_t *) (images)
    -------------------------------------------------------------------------
CONFIG_C
  Relative segment, address: CODE_AREA 0000F9AC - 0000FA0B (0x60 bytes), align: 2
  Segment part 14. ROOT.
    -------------------------------------------------------------------------
CONFIG_C
  Relative segment, address: CODE_AREA 0000FA0C - 0000FA37 (0x2c bytes), align: 2
  Segment part 15. ROOT.
    -------------------------------------------------------------------------
CONFIG_C
  Relative segment, address: CODE_AREA 0000FA38 - 0000FA3B (0x4 bytes), align: 2
  Segment part 16. ROOT.
           ENTRY                   ADDRESS         REF BY
           =====                   =======         ======
           use_vbr                 0000FA38        walkman_Redraw(DISP_OBJ *, int, int, int) (main)
    -------------------------------------------------------------------------
CONFIG_C
  Relative segment, address: CODE_AREA 0000FA3C - 0000FA67 (0x2c bytes), align: 2
  Segment part 17. ROOT.
    -------------------------------------------------------------------------
CONFIG_C
  Relative segment, address: CODE_AREA 0000FA68 - 0000FA6B (0x4 bytes), align: 2
  Segment part 18. ROOT.
           ENTRY                   ADDRESS         REF BY
           =====                   =======         ======
           skin_cfg                0000FA68        skin_InitConfig(wchar_t *, int) (skin_loader)
    -------------------------------------------------------------------------
CONFIG_C
  Relative segment, address: CODE_AREA 0000FA6C - 0000FAAB (0x40 bytes), align: 2
  Segment part 19. ROOT.
    -------------------------------------------------------------------------
CONFIG_C
  Relative segment, address: CODE_AREA 0000FAAC - 0000FAD7 (0x2c bytes), align: 2
  Segment part 20. ROOT.
    -------------------------------------------------------------------------
CONFIG_C
  Relative segment, address: CODE_AREA 0000FAD8 - 0000FB03 (0x2c bytes), align: 2
  Segment part 21. ROOT.
    -------------------------------------------------------------------------
CONFIG_C
  Relative segment, address: CODE_AREA 0000FB04 - 0000FB07 (0x4 bytes), align: 2
  Segment part 22. ROOT.
           ENTRY                   ADDRESS         REF BY
           =====                   =======         ======
           restr_CoverAlbum        0000FB04        walkman_Redraw(DISP_OBJ *, int, int, int) (main)
    -------------------------------------------------------------------------
CONFIG_C
  Relative segment, address: CODE_AREA 0000FB08 - 0000FB33 (0x2c bytes), align: 2
  Segment part 23. ROOT.
    -------------------------------------------------------------------------
CONFIG_C
  Relative segment, address: CODE_AREA 0000FB34 - 0000FB5F (0x2c bytes), align: 2
  Segment part 24. ROOT.
    -------------------------------------------------------------------------
CONFIG_C
  Relative segment, address: CODE_AREA 0000FB60 - 0000FB63 (0x4 bytes), align: 2
  Segment part 25. ROOT.
           ENTRY                   ADDRESS         REF BY
           =====                   =======         ======
           phone                   0000FB60        walkman_Redraw(DISP_OBJ *, int, int, int) (main)
    -------------------------------------------------------------------------
CONFIG_C
  Relative segment, address: CODE_AREA 0000FB64 - 0000FBC3 (0x60 bytes), align: 2
  Segment part 26. ROOT.
    -------------------------------------------------------------------------
CONFIG_C
  Relative segment, address: CODE_AREA 0000FBC4 - 0000FBEF (0x2c bytes), align: 2
  Segment part 27. ROOT.
    -------------------------------------------------------------------------
CONFIG_C
  Relative segment, address: CODE_AREA 0000FBF0 - 0000FBF3 (0x4 bytes), align: 2
  Segment part 28. ROOT.
           ENTRY                   ADDRESS         REF BY
           =====                   =======         ======
           hidesoftkeys            0000FBF0        softredraw(DISP_OBJ *, int, int, int) (main)
    -------------------------------------------------------------------------
CONFIG_C
  Relative segment, address: CODE_AREA 0000FBF4 - 0000FC73 (0x80 bytes), align: 2
  Segment part 29. ROOT.
    -------------------------------------------------------------------------
CONFIG_C
  Relative segment, address: CODE_AREA 0000FC74 - 0000FC9F (0x2c bytes), align: 2
  Segment part 30. ROOT.
    -------------------------------------------------------------------------
CONFIG_C
  Relative segment, address: CODE_AREA 0000FCA0 - 0000FCA3 (0x4 bytes), align: 2
  Segment part 31. ROOT.
           ENTRY                   ADDRESS         REF BY
           =====                   =======         ======
           cfg_orient              0000FCA0        walkman_Redraw(DISP_OBJ *, int, int, int) (main)
    -------------------------------------------------------------------------
CONFIG_C
  Relative segment, address: CODE_AREA 0000FCA4 - 0000FCE3 (0x40 bytes), align: 2
  Segment part 32. ROOT.

    *************************************************************************

  FILE NAME : Z:\home\perk11\www\perk11.info\svn\SE\WalkmanDisplay\Release_RU\Obj\decoder2.r79
  PROGRAM MODULE, NAME : decoder2

  SEGMENTS IN THE MODULE
  ======================
CODE
  Relative segment, address: CODE_AREA 00001178 - 000011EB (0x74 bytes), align: 2
  Segment part 7.             Intra module refs:   ReadMP3Information(wchar_t *, wchar_t *)
           ENTRY                   ADDRESS         REF BY
           =====                   =======         ======
           synchsafeToNormal(char *)
                                   00001178 
               stack 1 = 00000000 ( 00000008 )
    -------------------------------------------------------------------------
DATA_Z
  Relative segment, address: CODE_AREA 0000E444 - 0000E450 (0xd bytes), align: 2
  Segment part 5.             Intra module refs:   LoadVBRHeader(byte *)
                                                   Segment part 55
                                                   Segment part 58
           ENTRY                   ADDRESS         REF BY
           =====                   =======         ======
           bithdr                  0000E448 
           boolVBitRate            0000E450 
           intVFrames              0000E44C 
           lngFileSize             0000E444 
    -------------------------------------------------------------------------
CODE
  Relative segment, address: CODE_AREA 000011EC - 000013DB (0x1f0 bytes), align: 2
  Segment part 9.
           ENTRY                   ADDRESS         REF BY
           =====                   =======         ======
           ReadMP3Information(wchar_t *, wchar_t *)
                                   000011EC        decoder_Init(wchar_t *, wchar_t *) (DecoderInit)
               stack 1 = 00000000 ( 000000C4 )
    -------------------------------------------------------------------------
CODE
  Relative segment, address: CODE_AREA 000013DC - 00001407 (0x2c bytes), align: 2
  Segment part 11.            Intra module refs:   ReadMP3Information(wchar_t *, wchar_t *)
           ENTRY                   ADDRESS         REF BY
           =====                   =======         ======
           LoadMP3Header(byte *)   000013DC 
    -------------------------------------------------------------------------
CODE
  Relative segment, address: CODE_AREA 00001408 - 0000147B (0x74 bytes), align: 2
  Segment part 13.            Intra module refs:   ReadMP3Information(wchar_t *, wchar_t *)
           ENTRY                   ADDRESS         REF BY
           =====                   =======         ======
           LoadVBRHeader(byte *)   00001408 
    -------------------------------------------------------------------------
CODE
  Relative segment, address: CODE_AREA 0000147C - 000014E3 (0x68 bytes), align: 2
  Segment part 45.            Intra module refs:   ReadMP3Information(wchar_t *, wchar_t *)
           ENTRY                   ADDRESS         REF BY
           =====                   =======         ======
           IsValidHeader()         0000147C 
    -------------------------------------------------------------------------
CODE
  Relative segment, address: CODE_AREA 000014E4 - 00001537 (0x54 bytes), align: 2
  Segment part 47.            Intra module refs:   ReadMP3Information(wchar_t *, wchar_t *)
                                                   getBitrate()
                                                   getNumberOfFrames()
           ENTRY                   ADDRESS         REF BY
           =====                   =======         ======
           getFrequency()          000014E4 
               stack 1 = 00000000 ( 00000064 )
    -------------------------------------------------------------------------
CODE
  Relative segment, address: CODE_AREA 00001538 - 000015EB (0xb4 bytes), align: 2
  Segment part 49.            Intra module refs:   getBitrate()
           ENTRY                   ADDRESS         REF BY
           =====                   =======         ======
           getNumberOfFrames()     00001538 
               stack 1 = 00000000 ( 0000001C )
    -------------------------------------------------------------------------
CODE
  Relative segment, address: CODE_AREA 000015EC - 00001703 (0x118 bytes), align: 2
  Segment part 51.            Intra module refs:   ReadMP3Information(wchar_t *, wchar_t *)
                                                   getLengthInSeconds()
                                                   getNumberOfFrames()
           ENTRY                   ADDRESS         REF BY
           =====                   =======         ======
           getBitrate()            000015EC 
               stack 1 = 00000000 ( 00000198 )
    -------------------------------------------------------------------------
CODE
  Relative segment, address: CODE_AREA 00001704 - 00001707 (0x4 bytes), align: 2
  Segment part 52.            Intra module refs:   getBitrate()
                                                   getNumberOfFrames()
    -------------------------------------------------------------------------
CODE
  Relative segment, address: CODE_AREA 00001708 - 0000174F (0x48 bytes), align: 2
  Segment part 54.            Intra module refs:   ReadMP3Information(wchar_t *, wchar_t *)
           ENTRY                   ADDRESS         REF BY
           =====                   =======         ======
           getMode()               00001708 
    -------------------------------------------------------------------------
CODE
  Relative segment, address: CODE_AREA 00001750 - 00001753 (0x4 bytes), align: 2
  Segment part 55.            Intra module refs:   IsValidHeader()
                                                   LoadMP3Header(byte *)
                                                   getFrequency()
                                                   getMode()
    -------------------------------------------------------------------------
CODE
  Relative segment, address: CODE_AREA 00001754 - 0000178F (0x3c bytes), align: 2
  Segment part 57.            Intra module refs:   ReadMP3Information(wchar_t *, wchar_t *)
           ENTRY                   ADDRESS         REF BY
           =====                   =======         ======
           getLengthInSeconds()    00001754 
               stack 1 = 00000000 ( 00000008 )
    -------------------------------------------------------------------------
CODE
  Relative segment, address: CODE_AREA 00001790 - 00001793 (0x4 bytes), align: 2
  Segment part 58.            Intra module refs:   ReadMP3Information(wchar_t *, wchar_t *)
                                                   getBitrate()
                                                   getLengthInSeconds()
                                                   getNumberOfFrames()
    -------------------------------------------------------------------------
DATA_C
  Relative segment, address: CODE_AREA 0000A56C - 0000A5CF (0x64 bytes), align: 2
  Segment part 3.             Intra module refs:   getFrequency()
    -------------------------------------------------------------------------
DATA_C
  Relative segment, address: CODE_AREA 0000A5D0 - 0000A74F (0x180 bytes), align: 2
  Segment part 4.             Intra module refs:   getBitrate()

    *************************************************************************

  FILE NAME : Z:\home\perk11\www\perk11.info\svn\SE\WalkmanDisplay\Release_RU\Obj\encoding.r79
  PROGRAM MODULE, NAME : encoding

  SEGMENTS IN THE MODULE
  ======================
CODE
  Relative segment, address: CODE_AREA 00001794 - 000017E7 (0x54 bytes), align: 2
  Segment part 5.             Intra module refs:   Lang_Initialize()
           ENTRY                   ADDRESS         REF BY
           =====                   =======         ======
           checkfile(wchar_t *)    00001794 
               stack 1 = 00000000 ( 00000028 )
    -------------------------------------------------------------------------
DATA_Z
  Relative segment, address: CODE_AREA 0000E454 - 0000E457 (0x4 bytes), align: 2
  Segment part 3.             Intra module refs:   Segment part 12
           ENTRY                   ADDRESS         REF BY
           =====                   =======         ======
           fbuf                    0000E454 
    -------------------------------------------------------------------------
CODE
  Relative segment, address: CODE_AREA 000017E8 - 0000184B (0x64 bytes), align: 2
  Segment part 7.
           ENTRY                   ADDRESS         REF BY
           =====                   =======         ======
           char2unicode(wchar_t *, char const *, int)
                                   000017E8        metadata_Read(wchar_t *, wchar_t *, METADATA *, TAG_REQUEST) (tag)
               stack 1 = 00000000 ( 00000008 )
    -------------------------------------------------------------------------
CODE
  Relative segment, address: CODE_AREA 0000184C - 000018E7 (0x9c bytes), align: 2
  Segment part 9.
           ENTRY                   ADDRESS         REF BY
           =====                   =======         ======
           Lang_Initialize()       0000184C        main (main)
               stack 1 = 00000000 ( 0000002C )
    -------------------------------------------------------------------------
CODE
  Relative segment, address: CODE_AREA 000018E8 - 0000190B (0x24 bytes), align: 2
  Segment part 11.
           ENTRY                   ADDRESS         REF BY
           =====                   =======         ======
           Lang_Remove()           000018E8        CMyBook::onClose() (main)
               stack 1 = 00000000 ( 00000008 )
    -------------------------------------------------------------------------
CODE
  Relative segment, address: CODE_AREA 0000190C - 0000190F (0x4 bytes), align: 2
  Segment part 12.            Intra module refs:   Lang_Initialize()
                                                   Lang_Remove()
                                                   char2unicode(wchar_t *, char const *, int)
    -------------------------------------------------------------------------
DATA_C
  Relative segment, address: CODE_AREA 0000A750 - 0000A76B (0x1c bytes), align: 2
  Segment part 2.             Intra module refs:   Lang_Initialize()

    *************************************************************************

  FILE NAME : Z:\home\perk11\www\perk11.info\svn\SE\WalkmanDisplay\Release_RU\Obj\func.r79
  PROGRAM MODULE, NAME : func

  SEGMENTS IN THE MODULE
  ======================
ELFBEGIN
  Relative segment, address: CODE_AREA 00000000, align: 0
  Segment part 0. ROOT.
           ENTRY                   ADDRESS         REF BY
           =====                   =======         ======
           ELF_BEGIN               00000000        elf_exit() (main)
    -------------------------------------------------------------------------
CODE
  Relative segment, address: CODE_AREA 00001910 - 00001927 (0x18 bytes), align: 2
  Segment part 1. ROOT.
           ENTRY                   ADDRESS         REF BY
           =====                   =======         ======
           kill_data               00001910        elf_exit() (main)
           seqkill                 00001914 
           ASYNC                   00001924 
           SYNC                    00001920 
    -------------------------------------------------------------------------
DYN_CONST
  Relative segment, address: CODE_AREA 00016198 - 0001619B (0x4 bytes), align: 2
  Segment part 434.
           ENTRY                   ADDRESS         REF BY
           =====                   =======         ======
           UI_KEYLOCK_ACTIVATE_EVENT
                                   00016198        checkConsts() (main)
    -------------------------------------------------------------------------
DYN_CONST
  Relative segment, address: CODE_AREA 0001619C - 0001619F (0x4 bytes), align: 2
  Segment part 435.
           ENTRY                   ADDRESS         REF BY
           =====                   =======         ======
           UI_KEYLOCK_DEACTIVATE_EVENT
                                   0001619C        checkConsts() (main)
    -------------------------------------------------------------------------
DYN_CONST
  Relative segment, address: CODE_AREA 000161A0 - 000161A3 (0x4 bytes), align: 2
  Segment part 472.
           ENTRY                   ADDRESS         REF BY
           =====                   =======         ======
           UI_MEDIAPLAYER_PLAY_PRESSED_EVENT
                                   000161A0        checkConsts() (main)
    -------------------------------------------------------------------------
DYN_CONST
  Relative segment, address: CODE_AREA 000161A4 - 000161A7 (0x4 bytes), align: 2
  Segment part 475.
           ENTRY                   ADDRESS         REF BY
           =====                   =======         ======
           UI_MEDIAPLAYER_DESTROYED_EVENT
                                   000161A4        checkConsts() (main)
    -------------------------------------------------------------------------
DYN_CONST
  Relative segment, address: CODE_AREA 000161A8 - 000161AB (0x4 bytes), align: 2
  Segment part 476.
           ENTRY                   ADDRESS         REF BY
           =====                   =======         ======
           UI_MEDIAPLAYER_AUDIO_PLAYING_TIME_EVENT
                                   000161A8        checkConsts() (main)
    -------------------------------------------------------------------------
DYN_CONST_DESC
  Relative segment, address: CODE_AREA 000161AC - 000161AF (0x4 bytes), align: 2
  Segment part 681. ROOT.
    -------------------------------------------------------------------------
DYN_PAGE
  Relative segment, address: CODE_AREA 000161B0, align: 2
  Segment part 682.
    -------------------------------------------------------------------------
DYN_PAGE_DESC
  Relative segment, address: CODE_AREA 00016220 - 00016223 (0x4 bytes), align: 2
  Segment part 683. ROOT.

    *************************************************************************

  FILE NAME : Z:\home\perk11\www\perk11.info\svn\SE\WalkmanDisplay\Release_RU\Obj\images.r79
  PROGRAM MODULE, NAME : images

  SEGMENTS IN THE MODULE
  ======================
CODE
  Relative segment, address: CODE_AREA 00001928 - 0000194F (0x28 bytes), align: 2
  Segment part 36.            Intra module refs:   init_resources(wchar_t *)
           ENTRY                   ADDRESS         REF BY
           =====                   =======         ======
           GetIconID(wchar_t *)    00001928 
               stack 1 = 00000000 ( 00000008 )
    -------------------------------------------------------------------------
DATA_I
  Relative segment, address: DATA_AREA 00000018 - 00000107 (0xf0 bytes), align: 2
  Segment part 31.            Intra module refs:   Segment part 41
           ENTRY                   ADDRESS         REF BY
           =====                   =======         ======
           cover_h_                0000001C        walkman_Redraw(DISP_OBJ *, int, int, int) (main)
           cover_v_                0000001E        walkman_Redraw(DISP_OBJ *, int, int, int) (main)
           images                  00000028        walkman_Redraw(DISP_OBJ *, int, int, int) (main)
           images_fnames           00000060 
           images_offsets          00000080 
           main_icons              00000058        walkman_Redraw(DISP_OBJ *, int, int, int) (main)
           main_icons_fnames       000000FC 
           media_fnames            000000DC 
           media_images            00000048        walkman_Redraw(DISP_OBJ *, int, int, int) (main)
           media_names             000000BC 
           navigimg                00000026        walkman_Redraw(DISP_OBJ *, int, int, int) (main)
           pauseicn                00000024        walkman_Redraw(DISP_OBJ *, int, int, int) (main)
           playicn                 00000020        walkman_Redraw(DISP_OBJ *, int, int, int) (main)
           playnow_h               00000018        walkman_Redraw(DISP_OBJ *, int, int, int) (main)
           playview_h              0000001A        Segment part 75 (main)
           presets                 00000038        walkman_Redraw(DISP_OBJ *, int, int, int) (main)
           presets_names           000000A0 
           stopicn                 00000022        walkman_Redraw(DISP_OBJ *, int, int, int) (main)
    -------------------------------------------------------------------------
CODE
  Relative segment, address: CODE_AREA 00001950 - 00001FD7 (0x688 bytes), align: 2
  Segment part 38.
           ENTRY                   ADDRESS         REF BY
           =====                   =======         ======
           init_resources(wchar_t *)
                                   00001950        onStyleChanged(void *, BOOK *) (main)
                                                   walkman_Redraw(DISP_OBJ *, int, int, int) (main)
               stack 1 = 00000000 ( 000000B0 )
    -------------------------------------------------------------------------
CODE
  Relative segment, address: CODE_AREA 00001FD8 - 0000215B (0x184 bytes), align: 2
  Segment part 40.
           ENTRY                   ADDRESS         REF BY
           =====                   =======         ======
           deinit_resources()      00001FD8        CMyBook::onClose() (main)
                                                   onPlayerClosed(void *, BOOK *) (main)
                                                   onStyleChanged(void *, BOOK *) (main)
                                                   walkman_Redraw(DISP_OBJ *, int, int, int) (main)
               stack 1 = 00000000 ( 00000014 )
    -------------------------------------------------------------------------
CODE
  Relative segment, address: CODE_AREA 0000215C - 0000215F (0x4 bytes), align: 2
  Segment part 41.            Intra module refs:   deinit_resources()
                                                   init_resources(wchar_t *)
    -------------------------------------------------------------------------
DATA_ID
  Relative segment, address: CODE_AREA 00000018 - 00000107 (0xf0 bytes), align: 2
  Segment part 32.            Intra module refs:   Segment part 31
    -------------------------------------------------------------------------
DATA_C
  Relative segment, address: CODE_AREA 0000A76C - 0000A7AB (0x40 bytes), align: 2
  Segment part 2.             Intra module refs:   Segment part 32
    -------------------------------------------------------------------------
DATA_C
  Relative segment, address: CODE_AREA 0000A7AC - 0000A7D3 (0x28 bytes), align: 2
  Segment part 3.             Intra module refs:   Segment part 32
    -------------------------------------------------------------------------
DATA_C
  Relative segment, address: CODE_AREA 0000A7D4 - 0000A803 (0x30 bytes), align: 2
  Segment part 4.             Intra module refs:   Segment part 32
    -------------------------------------------------------------------------
DATA_C
  Relative segment, address: CODE_AREA 0000A804 - 0000A83B (0x38 bytes), align: 2
  Segment part 5.             Intra module refs:   Segment part 32
    -------------------------------------------------------------------------
DATA_C
  Relative segment, address: CODE_AREA 0000A83C - 0000A867 (0x2c bytes), align: 2
  Segment part 6.             Intra module refs:   Segment part 32
    -------------------------------------------------------------------------
DATA_C
  Relative segment, address: CODE_AREA 0000A868 - 0000A887 (0x20 bytes), align: 2
  Segment part 7.             Intra module refs:   Segment part 32
    -------------------------------------------------------------------------
DATA_C
  Relative segment, address: CODE_AREA 0000A888 - 0000A8A3 (0x1c bytes), align: 2
  Segment part 8.             Intra module refs:   Segment part 32
    -------------------------------------------------------------------------
DATA_C
  Relative segment, address: CODE_AREA 0000A8A4 - 0000A8C3 (0x20 bytes), align: 2
  Segment part 9.             Intra module refs:   Segment part 32
    -------------------------------------------------------------------------
DATA_C
  Relative segment, address: CODE_AREA 0000A8C4 - 0000A8DF (0x1c bytes), align: 2
  Segment part 10.            Intra module refs:   Segment part 32
    -------------------------------------------------------------------------
DATA_C
  Relative segment, address: CODE_AREA 0000A8E0 - 0000AA8F (0x1b0 bytes), align: 2
  Segment part 11.            Intra module refs:   Segment part 32
                                                   init_resources(wchar_t *)
    -------------------------------------------------------------------------
DATA_C
  Relative segment, address: CODE_AREA 0000AA90 - 0000AAB3 (0x24 bytes), align: 2
  Segment part 12.            Intra module refs:   Segment part 32
    -------------------------------------------------------------------------
DATA_C
  Relative segment, address: CODE_AREA 0000AAB4 - 0000AAD7 (0x24 bytes), align: 2
  Segment part 13.            Intra module refs:   Segment part 32
    -------------------------------------------------------------------------
DATA_C
  Relative segment, address: CODE_AREA 0000AAD8 - 0000AAFB (0x24 bytes), align: 2
  Segment part 14.            Intra module refs:   Segment part 32
    -------------------------------------------------------------------------
DATA_C
  Relative segment, address: CODE_AREA 0000AAFC - 0000AB1F (0x24 bytes), align: 2
  Segment part 15.            Intra module refs:   Segment part 32
    -------------------------------------------------------------------------
DATA_C
  Relative segment, address: CODE_AREA 0000AB20 - 0000AB43 (0x24 bytes), align: 2
  Segment part 16.            Intra module refs:   Segment part 32
    -------------------------------------------------------------------------
DATA_C
  Relative segment, address: CODE_AREA 0000AB44 - 0000AB67 (0x24 bytes), align: 2
  Segment part 17.            Intra module refs:   Segment part 32
    -------------------------------------------------------------------------
DATA_C
  Relative segment, address: CODE_AREA 0000AB68 - 0000AB87 (0x20 bytes), align: 2
  Segment part 18.            Intra module refs:   Segment part 32
    -------------------------------------------------------------------------
DATA_C
  Relative segment, address: CODE_AREA 0000AB88 - 0000ABAB (0x24 bytes), align: 2
  Segment part 19.            Intra module refs:   Segment part 32
    -------------------------------------------------------------------------
DATA_C
  Relative segment, address: CODE_AREA 0000ABAC - 0000ABCF (0x24 bytes), align: 2
  Segment part 20.            Intra module refs:   Segment part 32
    -------------------------------------------------------------------------
DATA_C
  Relative segment, address: CODE_AREA 0000ABD0 - 0000ABF7 (0x28 bytes), align: 2
  Segment part 21.            Intra module refs:   Segment part 32
    -------------------------------------------------------------------------
DATA_C
  Relative segment, address: CODE_AREA 0000ABF8 - 0000AC23 (0x2c bytes), align: 2
  Segment part 22.            Intra module refs:   Segment part 32
    -------------------------------------------------------------------------
DATA_C
  Relative segment, address: CODE_AREA 0000AC24 - 0000AC47 (0x24 bytes), align: 2
  Segment part 23.            Intra module refs:   Segment part 32
    -------------------------------------------------------------------------
DATA_C
  Relative segment, address: CODE_AREA 0000AC48 - 0000AC83 (0x3c bytes), align: 2
  Segment part 24.            Intra module refs:   Segment part 32
    -------------------------------------------------------------------------
DATA_C
  Relative segment, address: CODE_AREA 0000AC84 - 0000ACB3 (0x30 bytes), align: 2
  Segment part 25.            Intra module refs:   Segment part 32
    -------------------------------------------------------------------------
DATA_C
  Relative segment, address: CODE_AREA 0000ACB4 - 0000ACE7 (0x34 bytes), align: 2
  Segment part 26.            Intra module refs:   Segment part 32
    -------------------------------------------------------------------------
DATA_C
  Relative segment, address: CODE_AREA 0000ACE8 - 0000AD1F (0x38 bytes), align: 2
  Segment part 27.            Intra module refs:   Segment part 32
    -------------------------------------------------------------------------
DATA_C
  Relative segment, address: CODE_AREA 0000AD20 - 0000AD3F (0x20 bytes), align: 2
  Segment part 28.            Intra module refs:   Segment part 32
    -------------------------------------------------------------------------
DATA_C
  Relative segment, address: CODE_AREA 0000AD40 - 0000AD5F (0x20 bytes), align: 2
  Segment part 29.            Intra module refs:   Segment part 32
    -------------------------------------------------------------------------
DATA_C
  Relative segment, address: CODE_AREA 0000AD60 - 0000AD83 (0x24 bytes), align: 2
  Segment part 30.            Intra module refs:   Segment part 32

    *************************************************************************

  FILE NAME : Z:\home\perk11\www\perk11.info\svn\SE\WalkmanDisplay\Release_RU\Obj\main.r79
  PROGRAM MODULE, NAME : main

  SEGMENTS IN THE MODULE
  ======================
DATA_Z
  Relative segment, address: CODE_AREA 0000E458 - 0000EC57 (0x800 bytes), align: 2
  Segment part 21.            Intra module refs:   Segment part 105
           ENTRY                   ADDRESS         REF BY
           =====                   =======         ======
           extFolder               0000E858        checkfile(wchar_t *) (encoding)
           intFolder               0000E458        checkfile(wchar_t *) (encoding)
    -------------------------------------------------------------------------
CODE
  Relative segment, address: CODE_AREA 00002160 - 0000217B (0x1c bytes), align: 2
  Segment part 28.            Intra module refs:   Segment part 132
           ENTRY                   ADDRESS         REF BY
           =====                   =======         ======
           elf_exit()              00002160 
               stack 1 = 00000000 ( 00000004 )
    -------------------------------------------------------------------------
CODE
  Relative segment, address: CODE_AREA 0000217C - 000021B7 (0x3c bytes), align: 2
  Segment part 30.            Intra module refs:   Segment part 23
           ENTRY                   ADDRESS         REF BY
           =====                   =======         ======
           TerminateElf(void *, BOOK *)
                                   0000217C 
               stack 1 = 00000000 ( 00000008 )
    -------------------------------------------------------------------------
CODE
  Relative segment, address: CODE_AREA 000021B8 - 0000220B (0x54 bytes), align: 2
  Segment part 32.            Intra module refs:   Segment part 23
           ENTRY                   ADDRESS         REF BY
           =====                   =======         ======
           ShowAuthorInfo(void *, BOOK *)
                                   000021B8 
               stack 1 = 00000000 ( 00000014 )
    -------------------------------------------------------------------------
CODE
  Relative segment, address: CODE_AREA 0000220C - 000022C3 (0xb8 bytes), align: 2
  Segment part 34.            Intra module refs:   Segment part 23
           ENTRY                   ADDRESS         REF BY
           =====                   =======         ======
           onPlayerClosed(void *, BOOK *)
                                   0000220C 
               stack 1 = 00000000 ( 0000000C )
    -------------------------------------------------------------------------
CODE
  Relative segment, address: CODE_AREA 000022C4 - 000022C7 (0x4 bytes), align: 2
  Segment part 35.            Intra module refs:   onPlayerClosed(void *, BOOK *)
    -------------------------------------------------------------------------
CODE
  Relative segment, address: CODE_AREA 000022C8 - 000022CB (0x4 bytes), align: 2
  Segment part 36.            Intra module refs:   onPlayerClosed(void *, BOOK *)
    -------------------------------------------------------------------------
CODE
  Relative segment, address: CODE_AREA 000022CC - 000022CF (0x4 bytes), align: 2
  Segment part 37.            Intra module refs:   onPlayerClosed(void *, BOOK *)
    -------------------------------------------------------------------------
CODE
  Relative segment, address: CODE_AREA 000022D0 - 00002313 (0x44 bytes), align: 2
  Segment part 39.            Intra module refs:   Segment part 23
           ENTRY                   ADDRESS         REF BY
           =====                   =======         ======
           onPlayerOpened(void *, BOOK *)
                                   000022D0 
               stack 1 = 00000000 ( 0000000C )
    -------------------------------------------------------------------------
CODE
  Relative segment, address: CODE_AREA 00002314 - 00002317 (0x4 bytes), align: 2
  Segment part 40.            Intra module refs:   onPlayerOpened(void *, BOOK *)
    -------------------------------------------------------------------------
CODE
  Relative segment, address: CODE_AREA 00002318 - 000023EF (0xd8 bytes), align: 2
  Segment part 44.            Intra module refs:   Segment part 23
           ENTRY                   ADDRESS         REF BY
           =====                   =======         ======
           onKeylock(void *, BOOK *)
                                   00002318 
               stack 1 = 00000000 ( 00000014 )
    -------------------------------------------------------------------------
CODE
  Relative segment, address: CODE_AREA 000023F0 - 00002487 (0x98 bytes), align: 2
  Segment part 46.            Intra module refs:   Segment part 23
           ENTRY                   ADDRESS         REF BY
           =====                   =======         ======
           onPlay(void *, BOOK *)
                                   000023F0 
               stack 1 = 00000000 ( 0000000C )
    -------------------------------------------------------------------------
CODE
  Relative segment, address: CODE_AREA 00002488 - 0000248B (0x4 bytes), align: 2
  Segment part 47.            Intra module refs:   onPlay(void *, BOOK *)
    -------------------------------------------------------------------------
CODE
  Relative segment, address: CODE_AREA 0000248C - 000024D3 (0x48 bytes), align: 2
  Segment part 49.            Intra module refs:   Segment part 23
           ENTRY                   ADDRESS         REF BY
           =====                   =======         ======
           onUnlock(void *, BOOK *)
                                   0000248C 
               stack 1 = 00000000 ( 00000004 )
    -------------------------------------------------------------------------
CODE
  Relative segment, address: CODE_AREA 000024D4 - 00002583 (0xb0 bytes), align: 2
  Segment part 51.            Intra module refs:   Segment part 23
           ENTRY                   ADDRESS         REF BY
           =====                   =======         ======
           onReconfig(void *, BOOK *)
                                   000024D4 
               stack 1 = 00000000 ( 00000018 )
    -------------------------------------------------------------------------
CODE
  Relative segment, address: CODE_AREA 00002584 - 00002587 (0x4 bytes), align: 2
  Segment part 52.            Intra module refs:   onReconfig(void *, BOOK *)
    -------------------------------------------------------------------------
CODE
  Relative segment, address: CODE_AREA 00002588 - 0000258B (0x4 bytes), align: 2
  Segment part 53.            Intra module refs:   onReconfig(void *, BOOK *)
    -------------------------------------------------------------------------
CODE
  Relative segment, address: CODE_AREA 0000258C - 000026D7 (0x14c bytes), align: 2
  Segment part 55.            Intra module refs:   Segment part 23
           ENTRY                   ADDRESS         REF BY
           =====                   =======         ======
           onStyleChanged(void *, BOOK *)
                                   0000258C 
               stack 1 = 00000000 ( 00000024 )
    -------------------------------------------------------------------------
CODE
  Relative segment, address: CODE_AREA 000026D8 - 0000270F (0x38 bytes), align: 2
  Segment part 57.            Intra module refs:   CMyBook::onClose()
                                                   onPlayerClosed(void *, BOOK *)
           ENTRY                   ADDRESS         REF BY
           =====                   =======         ======
           ReturnRedraw()          000026D8 
               stack 1 = 00000000 ( 00000004 )
    -------------------------------------------------------------------------
CODE
  Relative segment, address: CODE_AREA 00002710 - 000027A3 (0x94 bytes), align: 2
  Segment part 59.            Intra module refs:   Segment part 23
           ENTRY                   ADDRESS         REF BY
           =====                   =======         ======
           SB_ELF_Killed(void *, BOOK *)
                                   00002710 
               stack 1 = 00000000 ( 00000014 )
    -------------------------------------------------------------------------
CODE
  Relative segment, address: CODE_AREA 000027A4 - 000027A7 (0x4 bytes), align: 2
  Segment part 60.            Intra module refs:   SB_ELF_Killed(void *, BOOK *)
    -------------------------------------------------------------------------
CODE
  Relative segment, address: CODE_AREA 000027A8 - 00002827 (0x80 bytes), align: 2
  Segment part 62.            Intra module refs:   Segment part 23
           ENTRY                   ADDRESS         REF BY
           =====                   =======         ======
           onBcfgConfig(void *, BOOK *)
                                   000027A8 
               stack 1 = 00000000 ( 00000014 )
    -------------------------------------------------------------------------
CODE
  Relative segment, address: CODE_AREA 00002828 - 0000282B (0x4 bytes), align: 2
  Segment part 63.            Intra module refs:   onBcfgConfig(void *, BOOK *)
                                                   onReconfig(void *, BOOK *)
    -------------------------------------------------------------------------
CODE
  Relative segment, address: CODE_AREA 0000282C - 0000282F (0x4 bytes), align: 2
  Segment part 64.            Intra module refs:   onBcfgConfig(void *, BOOK *)
                                                   onReconfig(void *, BOOK *)
    -------------------------------------------------------------------------
CODE
  Relative segment, address: CODE_AREA 00002830 - 00002833 (0x4 bytes), align: 2
  Segment part 65.            Intra module refs:   onBcfgConfig(void *, BOOK *)
    -------------------------------------------------------------------------
CODE
  Relative segment, address: CODE_AREA 00002834 - 00002877 (0x44 bytes), align: 2
  Segment part 67.            Intra module refs:   onVolumeChange(void *, BOOK *)
           ENTRY                   ADDRESS         REF BY
           =====                   =======         ======
           onTimer(u16, LPARAM)    00002834 
               stack 1 = 00000000 ( 00000008 )
    -------------------------------------------------------------------------
CODE
  Relative segment, address: CODE_AREA 00002878 - 00002907 (0x90 bytes), align: 2
  Segment part 69.            Intra module refs:   Segment part 23
           ENTRY                   ADDRESS         REF BY
           =====                   =======         ======
           onVolumeChange(void *, BOOK *)
                                   00002878 
               stack 1 = 00000000 ( 00000008 )
    -------------------------------------------------------------------------
CODE
  Relative segment, address: CODE_AREA 00002908 - 0000290B (0x4 bytes), align: 2
  Segment part 70.            Intra module refs:   onTimer(u16, LPARAM)
                                                   onVolumeChange(void *, BOOK *)
    -------------------------------------------------------------------------
DYN_PAGE
  Relative segment, address: CODE_AREA 000161B0 - 0001621F (0x70 bytes), align: 2
  Segment part 23.            Intra module refs:   CMyBook::__vtbl
    -------------------------------------------------------------------------
DATA_C
  Relative segment, address: CODE_AREA 0000AD84 - 0000ADDF (0x5c bytes), align: 2
  Segment part 2.             Intra module refs:   ShowAuthorInfo(void *, BOOK *)
    -------------------------------------------------------------------------
DATA_C
  Relative segment, address: CODE_AREA 0000ADE0 - 0000B167 (0x388 bytes), align: 2
  Segment part 4.             Intra module refs:   Segment part 133
                                                   Segment part 79
                                                   walkman_Redraw(DISP_OBJ *, int, int, int)
    -------------------------------------------------------------------------
DATA_C
  Relative segment, address: CODE_AREA 0000B168 - 0000B1AB (0x44 bytes), align: 2
  Segment part 5.             Intra module refs:   onReconfig(void *, BOOK *)
    -------------------------------------------------------------------------
DATA_C
  Relative segment, address: CODE_AREA 0000B1AC - 0000B1FB (0x50 bytes), align: 2
  Segment part 6.             Intra module refs:   onBcfgConfig(void *, BOOK *)
    -------------------------------------------------------------------------
DATA_C
  Relative segment, address: CODE_AREA 0000B1FC - 0000B227 (0x2c bytes), align: 2
  Segment part 7.             Intra module refs:   ReturnRedraw()
    -------------------------------------------------------------------------
DATA_C
  Relative segment, address: CODE_AREA 0000B228 - 0000B24B (0x24 bytes), align: 2
  Segment part 8.             Intra module refs:   GetRedraw(DISP_OBJ_ONREDRAW_METHOD)
    -------------------------------------------------------------------------
DATA_C
  Relative segment, address: CODE_AREA 0000B24C - 0000B25B (0x10 bytes), align: 2
  Segment part 9.             Intra module refs:   isBrowserItemBook(BOOK *)
    -------------------------------------------------------------------------
DATA_C
  Relative segment, address: CODE_AREA 0000B25C - 0000B287 (0x2c bytes), align: 2
  Segment part 10.            Intra module refs:   PageHook(void *, BOOK *, int)
    -------------------------------------------------------------------------
DATA_C
  Relative segment, address: CODE_AREA 0000B288 - 0000B2CF (0x48 bytes), align: 2
  Segment part 11.            Intra module refs:   Segment part 120
           ENTRY                   ADDRESS         REF BY
           =====                   =======         ======
           CMyBook::__vtbl         0000B298 
    -------------------------------------------------------------------------
DATA_C
  Relative segment, address: CODE_AREA 0000B2D0 - 0000B457 (0x188 bytes), align: 2
  Segment part 12.            Intra module refs:   checkConsts()
    -------------------------------------------------------------------------
DATA_C
  Relative segment, address: CODE_AREA 0000B458 - 0000B483 (0x2c bytes), align: 2
  Segment part 13.            Intra module refs:   Softkey_SetOnRedraw()
    -------------------------------------------------------------------------
DATA_C
  Relative segment, address: CODE_AREA 0000B484 - 0000B49F (0x1c bytes), align: 2
  Segment part 14.            Intra module refs:   Segment part 20
    -------------------------------------------------------------------------
DATA_C
  Relative segment, address: CODE_AREA 0000B4A0 - 0000B4AF (0x10 bytes), align: 2
  Segment part 15.            Intra module refs:   Segment part 20
    -------------------------------------------------------------------------
DATA_C
  Relative segment, address: CODE_AREA 0000B4B0 - 0000B4CB (0x1c bytes), align: 2
  Segment part 16.            Intra module refs:   Segment part 20
    -------------------------------------------------------------------------
DATA_C
  Relative segment, address: CODE_AREA 0000B4CC - 0000B4EB (0x20 bytes), align: 2
  Segment part 17.            Intra module refs:   Segment part 20
    -------------------------------------------------------------------------
DATA_C
  Relative segment, address: CODE_AREA 0000B4EC - 0000B507 (0x1c bytes), align: 2
  Segment part 18.            Intra module refs:   CMyBook::__vtbl
    -------------------------------------------------------------------------
CODE
  Relative segment, address: CODE_AREA 0000290C - 0000296B (0x60 bytes), align: 2
  Segment part 72.            Intra module refs:   onKeylock(void *, BOOK *)
                                                   onStyleChanged(void *, BOOK *)
                                                   set_horizontal()
                                                   set_vertical()
                                                   walkman_Redraw(DISP_OBJ *, int, int, int)
           ENTRY                   ADDRESS         REF BY
           =====                   =======         ======
           FindGuiInBook(BOOK *, char *)
                                   0000290C 
               stack 1 = 00000000 ( 00000014 )
    -------------------------------------------------------------------------
CODE
  Relative segment, address: CODE_AREA 0000296C - 00002A27 (0xbc bytes), align: 2
  Segment part 74.            Intra module refs:   NewKey(int, int, int, LPARAM, DISP_OBJ *)
                                                   onAccel(void *, int, int)
                                                   onUnlock(void *, BOOK *)
                                                   walkman_Redraw(DISP_OBJ *, int, int, int)
           ENTRY                   ADDRESS         REF BY
           =====                   =======         ======
           set_horizontal()        0000296C 
               stack 1 = 00000000 ( 00000010 )
    -------------------------------------------------------------------------
CODE
  Relative segment, address: CODE_AREA 00002A28 - 00002A2B (0x4 bytes), align: 2
  Segment part 75.            Intra module refs:   onStyleChanged(void *, BOOK *)
                                                   set_horizontal()
    -------------------------------------------------------------------------
CODE
  Relative segment, address: CODE_AREA 00002A2C - 00002AEF (0xc4 bytes), align: 2
  Segment part 77.            Intra module refs:   NewKey(int, int, int, LPARAM, DISP_OBJ *)
[...]
           VolumeBar_cColor        000160D8        walkman_Redraw(DISP_OBJ *, int, int, int) (main)
    -------------------------------------------------------------------------
SKIN_C
  Relative segment, address: CODE_AREA 000160DC - 00016107 (0x2c bytes), align: 2
  Segment part 731. ROOT.
    -------------------------------------------------------------------------
SKIN_C
  Relative segment, address: CODE_AREA 00016108 - 0001610B (0x4 bytes), align: 2
  Segment part 732. ROOT.
           ENTRY                   ADDRESS         REF BY
           =====                   =======         ======
           VolumeBar_oColor        00016108        walkman_Redraw(DISP_OBJ *, int, int, int) (main)
    -------------------------------------------------------------------------
SKIN_C
  Relative segment, address: CODE_AREA 0001610C - 00016137 (0x2c bytes), align: 2
  Segment part 733. ROOT.
    -------------------------------------------------------------------------
SKIN_C
  Relative segment, address: CODE_AREA 00016138 - 0001613B (0x4 bytes), align: 2
  Segment part 734. ROOT.
           ENTRY                   ADDRESS         REF BY
           =====                   =======         ======
           VolumeBar_bColor        00016138        walkman_Redraw(DISP_OBJ *, int, int, int) (main)
    -------------------------------------------------------------------------
SKIN_C
  Relative segment, address: CODE_AREA 0001613C - 00016167 (0x2c bytes), align: 2
  Segment part 735. ROOT.
    -------------------------------------------------------------------------
SKIN_C
  Relative segment, address: CODE_AREA 00016168 - 0001616B (0x4 bytes), align: 2
  Segment part 736. ROOT.
           ENTRY                   ADDRESS         REF BY
           =====                   =======         ======
           VolumeBar_highlight     00016168        walkman_Redraw(DISP_OBJ *, int, int, int) (main)
    -------------------------------------------------------------------------
SKIN_C
  Relative segment, address: CODE_AREA 0001616C - 00016197 (0x2c bytes), align: 2
  Segment part 737. ROOT.

    *************************************************************************

  FILE NAME : Z:\home\perk11\www\perk11.info\svn\SE\WalkmanDisplay\Release_RU\Obj\skin_loader.r79
  PROGRAM MODULE, NAME : skin_loader

  SEGMENTS IN THE MODULE
  ======================
DATA_Z
  Relative segment, address: CODE_AREA 0000F058 - 0000F857 (0x800 bytes), align: 2
  Segment part 5.             Intra module refs:   Segment part 12
           ENTRY                   ADDRESS         REF BY
           =====                   =======         ======
           successed_skin_name     0000F458        Segment part 64 (main)
           successed_skin_path     0000F058        Segment part 63 (main)
    -------------------------------------------------------------------------
CODE
  Relative segment, address: CODE_AREA 00008998 - 00008B87 (0x1f0 bytes), align: 2
  Segment part 7.             Intra module refs:   skin_InitConfig(wchar_t *, int)
           ENTRY                   ADDRESS         REF BY
           =====                   =======         ======
           LoadSkinData(wchar_t const *, wchar_t const *)
                                   00008998 
               stack 1 = 00000000 ( 00000048 )
    -------------------------------------------------------------------------
CODE
  Relative segment, address: CODE_AREA 00008B88 - 00008C27 (0xa0 bytes), align: 2
  Segment part 9.             Intra module refs:   LoadSkinData(wchar_t const *, wchar_t const *)
                                                   skin_InitConfig(wchar_t *, int)
           ENTRY                   ADDRESS         REF BY
           =====                   =======         ======
           SaveSkinData(wchar_t const *, wchar_t const *)
                                   00008B88 
               stack 1 = 00000000 ( 00000020 )
    -------------------------------------------------------------------------
CODE
  Relative segment, address: CODE_AREA 00008C28 - 00008C2B (0x4 bytes), align: 2
  Segment part 10.            Intra module refs:   LoadSkinData(wchar_t const *, wchar_t const *)
                                                   SaveSkinData(wchar_t const *, wchar_t const *)
    -------------------------------------------------------------------------
CODE
  Relative segment, address: CODE_AREA 00008C2C - 00008C2F (0x4 bytes), align: 2
  Segment part 11.            Intra module refs:   LoadSkinData(wchar_t const *, wchar_t const *)
                                                   SaveSkinData(wchar_t const *, wchar_t const *)
    -------------------------------------------------------------------------
CODE
  Relative segment, address: CODE_AREA 00008C30 - 00008C33 (0x4 bytes), align: 2
  Segment part 12.            Intra module refs:   LoadSkinData(wchar_t const *, wchar_t const *)
                                                   SaveSkinData(wchar_t const *, wchar_t const *)
    -------------------------------------------------------------------------
CODE
  Relative segment, address: CODE_AREA 00008C34 - 00008CC3 (0x90 bytes), align: 2
  Segment part 14.
           ENTRY                   ADDRESS         REF BY
           =====                   =======         ======
           skin_InitConfig(wchar_t *, int)
                                   00008C34        onReconfig(void *, BOOK *) (main)
                                                   onStyleChanged(void *, BOOK *) (main)
                                                   walkman_Redraw(DISP_OBJ *, int, int, int) (main)
               stack 1 = 00000000 ( 00000008 )
    -------------------------------------------------------------------------
DATA_C
  Relative segment, address: CODE_AREA 0000B508 - 0000B58F (0x88 bytes), align: 2
  Segment part 2.             Intra module refs:   LoadSkinData(wchar_t const *, wchar_t const *)
    -------------------------------------------------------------------------
DATA_C
  Relative segment, address: CODE_AREA 0000B590 - 0000B5BB (0x2c bytes), align: 2
  Segment part 3.             Intra module refs:   SaveSkinData(wchar_t const *, wchar_t const *)
    -------------------------------------------------------------------------
DATA_C
  Relative segment, address: CODE_AREA 0000B5BC - 0000B5EF (0x34 bytes), align: 2
  Segment part 4.             Intra module refs:   skin_InitConfig(wchar_t *, int)

    *************************************************************************

  FILE NAME : Z:\home\perk11\www\perk11.info\svn\SE\WalkmanDisplay\Release_RU\Obj\tag.r79
  PROGRAM MODULE, NAME : tag

  SEGMENTS IN THE MODULE
  ======================
CODE
  Relative segment, address: CODE_AREA 00008CC4 - 00009317 (0x654 bytes), align: 2
  Segment part 12.            Intra module refs:   metadata_Read(wchar_t *, wchar_t *, METADATA *, TAG_REQUEST)
           ENTRY                   ADDRESS         REF BY
           =====                   =======         ======
           GetGenre(int)           00008CC4 
    -------------------------------------------------------------------------
CODE
  Relative segment, address: CODE_AREA 00009318 - 00009533 (0x21c bytes), align: 2
  Segment part 14.
           ENTRY                   ADDRESS         REF BY
           =====                   =======         ======
           metadata_Read(wchar_t *, wchar_t *, METADATA *, TAG_REQUEST)
                                   00009318        metadata_Get(wchar_t *, wchar_t *, METADATA *, int) (DecoderInit)
               stack 1 = 00000000 ( 000000C0 )
    -------------------------------------------------------------------------
DATA_C
  Relative segment, address: CODE_AREA 0000B5F0 - 0000BBF3 (0x604 bytes), align: 2
  Segment part 2.             Intra module refs:   GetGenre(int)
    -------------------------------------------------------------------------
DATA_C
  Relative segment, address: CODE_AREA 0000BBF4 - 0000BBFB (0x8 bytes), align: 2
  Segment part 9.             Intra module refs:   metadata_Read(wchar_t *, wchar_t *, METADATA *, TAG_REQUEST)

    *************************************************************************

  FILE NAME : Z:\home\perk11\www\perk11.info\svn\SE\WalkmanDisplay\Release_RU\Obj\tag_reset.r79
  PROGRAM MODULE, NAME : tag_reset

  SEGMENTS IN THE MODULE
  ======================
CODE
  Relative segment, address: CODE_AREA 00009534 - 000095DF (0xac bytes), align: 2
  Segment part 4.
           ENTRY                   ADDRESS         REF BY
           =====                   =======         ======
           metadata_reset(METADATA *)
                                   00009534        metadata_Get(wchar_t *, wchar_t *, METADATA *, int) (DecoderInit)
               stack 1 = 00000000 ( 0000001C )

    *************************************************************************

  FILE NAME : Z:\home\perk11\IAR2\arm\LIB\dl5tpainl8n.r79
  LIBRARY MODULE, NAME : ?div_module

  SEGMENTS IN THE MODULE
  ======================
CODE
  Relative segment, address: CODE_AREA 000095E0 - 000095F7 (0x18 bytes), align: 2
  Segment part 11.
           ENTRY                   ADDRESS         REF BY
           =====                   =======         ======
           ??div32_a               000095E0        getLengthInSeconds() (decoder2)
                                                   walkman_Redraw(DISP_OBJ *, int, int, int) (main)
    -------------------------------------------------------------------------
CODE
  Relative segment, address: CODE_AREA 000095F8 - 000096CF (0xd8 bytes), align: 2
  Segment part 12.            Intra module refs:   ??div32_a

    -------------------------------------------------------------------------
  LIBRARY MODULE, NAME : ?GetDenormal

  SEGMENTS IN THE MODULE
  ======================
CODE
  Relative segment, address: CODE_AREA 000096D0 - 0000972F (0x60 bytes), align: 2
  Segment part 0.
           ENTRY                   ADDRESS         REF BY
           =====                   =======         ======
           ?GetDenormalX           000096D0        Segment part 1 (?D_DivDouble)
                                                   Segment part 1 (?D_MulFloat)
           ?GetDenormalY           00009700        Segment part 1 (?D_DivDouble)
                                                   Segment part 1 (?D_MulFloat)

    -------------------------------------------------------------------------
  LIBRARY MODULE, NAME : ?D_LONG2DOUBLE

  SEGMENTS IN THE MODULE
  ======================
CODE
  Relative segment, address: CODE_AREA 00009730 - 0000978B (0x5c bytes), align: 2
  Segment part 1.
           ENTRY                   ADDRESS         REF BY
           =====                   =======         ======
           __aeabi_i2d             00009730 
           __longToDouble          00009730        getBitrate() (decoder2)
                                                   getNumberOfFrames() (decoder2)
           __longToDouble::??rA    00009730 
           __longToDubleStart      0000974C 

    -------------------------------------------------------------------------
  LIBRARY MODULE, NAME : ?D_DOUBLE2LONG

  SEGMENTS IN THE MODULE
  ======================
CODE
  Relative segment, address: CODE_AREA 0000978C - 000097EB (0x60 bytes), align: 2
  Segment part 1.
           ENTRY                   ADDRESS         REF BY
           =====                   =======         ======
           __aeabi_d2iz            0000978C 
           __doubleToLong          0000978C        getBitrate() (decoder2)
                                                   getNumberOfFrames() (decoder2)
           __doubleToLong::??rA    0000978C 

    -------------------------------------------------------------------------
  LIBRARY MODULE, NAME : ?FLOATEDOUBLE

  SEGMENTS IN THE MODULE
  ======================
CODE
  Relative segment, address: CODE_AREA 000097EC - 0000984F (0x64 bytes), align: 2
  Segment part 1.
           ENTRY                   ADDRESS         REF BY
           =====                   =======         ======
           __aeabi_f2d             000097EC 
           __floatToDouble         000097EC        getNumberOfFrames() (decoder2)
           __floatToDouble::??rA   000097EC 

    -------------------------------------------------------------------------
  LIBRARY MODULE, NAME : ?D_MulFloat

  SEGMENTS IN THE MODULE
  ======================
CODE
  Relative segment, address: CODE_AREA 00009850 - 00009A87 (0x238 bytes), align: 2
  Segment part 1.
           ENTRY                   ADDRESS         REF BY
           =====                   =======         ======
           __dMul                  00009850        getBitrate() (decoder2)
                                                   getNumberOfFrames() (decoder2)
           __dMul::??rA            00009850 
           __aeabi_dmul            00009850 

    -------------------------------------------------------------------------
  LIBRARY MODULE, NAME : ?D_DivDouble

  SEGMENTS IN THE MODULE
  ======================
CODE
  Relative segment, address: CODE_AREA 00009A88 - 00009DBB (0x334 bytes), align: 2
  Segment part 1.
           ENTRY                   ADDRESS         REF BY
           =====                   =======         ======
           __aeabi_ddiv            00009A88 
           __dDiv                  00009A88        getBitrate() (decoder2)
                                                   getNumberOfFrames() (decoder2)
           __dDiv::??rA            00009A88 

    -------------------------------------------------------------------------
  LIBRARY MODULE, NAME : ?F_ULONG2FLOAT

  SEGMENTS IN THE MODULE
  ======================
CODE
  Relative segment, address: CODE_AREA 00009DBC - 00009DCB (0x10 bytes), align: 2
  Segment part 1.
           ENTRY                   ADDRESS         REF BY
           =====                   =======         ======
           __aeabi_ui2f            00009DBC 
           __ulongToFloat          00009DBC        DrawProgress(int, int, int, RECT, int, int, int, int) (main)
           __ulongToFloat::??rA    00009DBC 

    -------------------------------------------------------------------------
  LIBRARY MODULE, NAME : ?F_LONG2FLOAT

  SEGMENTS IN THE MODULE
  ======================
CODE
  Relative segment, address: CODE_AREA 00009DCC - 00009E33 (0x68 bytes), align: 2
  Segment part 1.
           ENTRY                   ADDRESS         REF BY
           =====                   =======         ======
           __aeabi_i2f             00009DCC 
           __longToFloat           00009DCC        DrawProgress(int, int, int, RECT, int, int, int, int) (main)
                                                   getNumberOfFrames() (decoder2)
           __longToFloat::??rA     00009DCC 
           __longToFloatStart      00009DE0        Segment part 1 (?F_ULONG2FLOAT)

    -------------------------------------------------------------------------
  LIBRARY MODULE, NAME : ?F_FLOAT2LONG

  SEGMENTS IN THE MODULE
  ======================
CODE
  Relative segment, address: CODE_AREA 00009E34 - 00009E8B (0x58 bytes), align: 2
  Segment part 1.
           ENTRY                   ADDRESS         REF BY
           =====                   =======         ======
           __aeabi_f2iz            00009E34 
           __floatToLong           00009E34        DrawProgress(int, int, int, RECT, int, int, int, int) (main)
           __floatToLong::??rA     00009E34 

    -------------------------------------------------------------------------
  LIBRARY MODULE, NAME : ?F_MulFloat

  SEGMENTS IN THE MODULE
  ======================
CODE
  Relative segment, address: CODE_AREA 00009E8C - 0000A01B (0x190 bytes), align: 2
  Segment part 1.
           ENTRY                   ADDRESS         REF BY
           =====                   =======         ======
           __fMul                  00009E8C        DrawProgress(int, int, int, RECT, int, int, int, int) (main)
           __fMul::??rA            00009E8C 
           __aeabi_fmul            00009E8C 

    -------------------------------------------------------------------------
  LIBRARY MODULE, NAME : ?F_DivFloat

  SEGMENTS IN THE MODULE
  ======================
CODE
  Relative segment, address: CODE_AREA 0000A01C - 0000A203 (0x1e8 bytes), align: 2
  Segment part 1.
           ENTRY                   ADDRESS         REF BY
           =====                   =======         ======
           __aeabi_fdiv            0000A01C 
           __fDiv                  0000A01C        DrawProgress(int, int, int, RECT, int, int, int, int) (main)
           __fDiv::??rA            0000A01C 

    -------------------------------------------------------------------------
  LIBRARY MODULE, NAME : ?floatSoftLib

  SEGMENTS IN THE MODULE
  ======================
CODE
  Relative segment, address: CODE_AREA 0000A204 - 0000A343 (0x140 bytes), align: 2
  Segment part 1.
           ENTRY                   ADDRESS         REF BY
           =====                   =======         ======
           __aeabi_fsub            0000A204 
           __fSub                  0000A204        DrawProgress(int, int, int, RECT, int, int, int, int) (main)
           __fSub::??rA            0000A204 
           __fDoSub                0000A210        Segment part 1 (?F_AddDouble)

    -------------------------------------------------------------------------
  LIBRARY MODULE, NAME : ?F_AddDouble

  SEGMENTS IN THE MODULE
  ======================
CODE
  Relative segment, address: CODE_AREA 0000A344 - 0000A413 (0xd0 bytes), align: 2
  Segment part 1.
           ENTRY                   ADDRESS         REF BY
           =====                   =======         ======
           __aeabi_fadd            0000A344 
           __fAdd                  0000A344        DrawProgress(int, int, int, RECT, int, int, int, int) (main)
           __fAdd::??rA            0000A344 
           __fDoAdd                0000A350        Segment part 1 (?floatSoftLib)




                ****************************************
                *                                      *
                *      SEGMENTS IN ADDRESS ORDER       *
                *                                      *
                ****************************************


SEGMENT              SPACE    START ADDRESS   END ADDRESS     SIZE  TYPE  ALIGN
=======              =====    =============   ===========     ====  ====  =====
ELFBEGIN             CODE_AREA           00000000                     rel    0
DATA_ID              CODE_AREA      00000000 - 0000055F         560   rel    2
START                CODE_AREA           00000560                     dse    0
CODE                 CODE_AREA      00000560 - 0000A413        9EB4   rel    2
DATA_C               CODE_AREA      0000A414 - 0000BBFD        17EA   rel    2
INITTAB              CODE_AREA      0000BC00 - 0000BC17          18   rel    2
DATA_Z               CODE_AREA      0000BC18 - 0000F857        3C40   rel    2
DATA_N               CODE_AREA           0000F858                     dse    0
CONFIG_C             CODE_AREA      0000F858 - 0000FCE3         48C   rel    2
SKIN_C               CODE_AREA      0000FCE4 - 00016197        64B4   rel    2
DYN_CONST            CODE_AREA      00016198 - 000161AB          14   rel    2
DYN_CONST_DESC       CODE_AREA      000161AC - 000161AF           4   rel    2
DYN_PAGE             CODE_AREA      000161B0 - 0001621F          70   rel    2
DYN_PAGE_DESC        CODE_AREA      00016220 - 00016223           4   rel    2
DATA_I               DATA_AREA      00000000 - 0000055F         560   rel    2

                ****************************************
                *                                      *
                *        END OF CROSS REFERENCE        *
                *                                      *
                ****************************************

 90 658 bytes of CODE memory
  1 376 bytes of DATA memory

Errors: none
Warnings: none

