################################################################################
#                                                                              #
#      IAR Universal Linker V4.60I/386                                         #
#                                                                              #
#           Link time     =  10/Jun/2013  23:06:27                             #
#           Target CPU    =  ARM                                               #
#           List file     =  Z:\home\perk11\www\perk11.info\svn\SE\MiniGPS\Rel #
#                            ease_EN\List\MiniGPS.map                          #
#           Output file 1 =  Z:\home\perk11\www\perk11.info\svn\SE\MiniGPS\Rel #
#                            ease_EN\Exe\MiniGPS.elf                           #
#                            Format: elf, variant: -ynpra                      #
#           Command line  =  Z:\home\perk11\www\perk11.info\svn\SE\MiniGPS\Rel #
#                            ease_EN\Obj\_cpp2.r79                             #
#                            Z:\home\perk11\www\perk11.info\svn\SE\MiniGPS\Rel #
#                            ease_EN\Obj\conf_loader.r79                       #
#                            Z:\home\perk11\www\perk11.info\svn\SE\MiniGPS\Rel #
#                            ease_EN\Obj\config_data.r79                       #
#                            Z:\home\perk11\www\perk11.info\svn\SE\MiniGPS\Rel #
#                            ease_EN\Obj\func.r79                              #
#                            Z:\home\perk11\www\perk11.info\svn\SE\MiniGPS\Rel #
#                            ease_EN\Obj\main.r79                              #
#                            Z:\home\perk11\www\perk11.info\svn\SE\MiniGPS\Rel #
#                            ease_EN\Obj\menu.r79                              #
#                            Z:\home\perk11\www\perk11.info\svn\SE\MiniGPS\Rel #
#                            ease_EN\Obj\utils.r79                             #
#                            -o                                                #
#                            Z:\home\perk11\www\perk11.info\svn\SE\MiniGPS\Rel #
#                            ease_EN\Exe\MiniGPS.elf                           #
#                            -Felf -l                                          #
#                            Z:\home\perk11\www\perk11.info\svn\SE\MiniGPS\Rel #
#                            ease_EN\List\MiniGPS.map                          #
#                            -xms -IZ:\home\perk11\IAR2\arm\LIB\ -f            #
#                            Z:\home\perk11\www\perk11.info\svn\SE\MiniGPS\..\ #
#                            include\1.xcl                                     #
#                            (-carm -ynpra -V(CODE)CODE_AREA,12                #
#                            -V(DATA)DATA_AREA,12                              #
#                            -Z(CODE_AREA)ELFBEGIN,DATA_ID,START,CODE,DATA_C,I #
#                            NITTAB,DATA_Z,DATA_N,CONFIG_C,DYN_CONST,DYN_CONST #
#                            _DESC,DYN_PAGE,DYN_PAGE_DESC=0-FFFFFFFF           #
#                            -Z(DATA_AREA)DATA_I=0-FFFFFFFF) -n                #
#                            Z:\home\perk11\IAR2\arm\LIB\dl5tpainl8n.r79 -s    #
#                            main                                              #
#                                                                              #
#                        Copyright 1987-2007 IAR Systems. All rights reserved. #
################################################################################





                ****************************************
                *                                      *
                *           CROSS REFERENCE            *
                *                                      *
                ****************************************

       Program entry at : CODE_AREA 00003E18  Relocatable, from module : main




                ****************************************
                *                                      *
                *            RUNTIME MODEL             *
                *                                      *
                ****************************************

  ARMv4M                     = USED
  ARMv4T                     = USED
  ARMv5T                     = USED
  StackAlign4                = USED
  StackAlign8                = USED
  __cpu_mode                 = __pcs__interwork
  __data_model               = absolute
  __dlib_file_descriptor     = 1
  __dlib_full_locale_support = 0
  __endian                   = little
  __rt_version               = 6



                ****************************************
                *                                      *
                *              MODULE MAP              *
                *                                      *
                ****************************************


  DEFINED ABSOLUTE ENTRIES
    *************************************************************************

  DEFINED ABSOLUTE ENTRIES
    *************************************************************************

  FILE NAME : Z:\home\perk11\www\perk11.info\svn\SE\MiniGPS\Release_EN\Obj\_cpp2.r79
  PROGRAM MODULE, NAME : _cpp2

  SEGMENTS IN THE MODULE
  ======================
CODE
  Relative segment, address: CODE_AREA 00001764 - 0000176F (0xc bytes), align: 2
  Segment part 3.
           ENTRY                   ADDRESS         REF BY
           =====                   =======         ======
           operator new(size_t)    00001764        SB_ELF_Killed(void *, BOOK *) (main)
                                                   Send_REDRAW_RELEASE() (main)
                                                   main (main)
               stack 1 = 00000000 ( 00000004 )
    -------------------------------------------------------------------------
CODE
  Relative segment, address: CODE_AREA 00001770 - 0000177B (0xc bytes), align: 2
  Segment part 5.
           ENTRY                   ADDRESS         REF BY
           =====                   =======         ======
           operator new[](size_t)
                                   00001770        CheckCellName() (main)
                                                   LoadConfigData(wchar_t const *, wchar_t const *) (conf_loader)
                                                   SaveConfigData(wchar_t const *, wchar_t const *) (conf_loader)
                                                   load_db_file() (main)
               stack 1 = 00000000 ( 00000004 )
    -------------------------------------------------------------------------
CODE
  Relative segment, address: CODE_AREA 0000177C - 00001787 (0xc bytes), align: 2
  Segment part 7.
           ENTRY                   ADDRESS         REF BY
           =====                   =======         ======
           operator delete(void *)
                                   0000177C        CheckCellName() (main)
                                                   LoadConfigData(wchar_t const *, wchar_t const *) (conf_loader)
                                                   SaveConfigData(wchar_t const *, wchar_t const *) (conf_loader)
                                                   load_db_file() (main)
                                                   main (main)
                                                   onCloseMiniGPSBook(BOOK *) (main)
               stack 1 = 00000000 ( 00000004 )

    *************************************************************************

  FILE NAME : Z:\home\perk11\www\perk11.info\svn\SE\MiniGPS\Release_EN\Obj\conf_loader.r79
  PROGRAM MODULE, NAME : conf_loader

  SEGMENTS IN THE MODULE
  ======================
DATA_I
  Relative segment, address: DATA_AREA 00000000 - 00000007 (0x8 bytes), align: 2
  Segment part 4.             Intra module refs:   Segment part 11
           ENTRY                   ADDRESS         REF BY
           =====                   =======         ======
           successed_config_name   00000004        Segment part 133 (main)
           successed_config_path   00000000        Segment part 134 (main)
    -------------------------------------------------------------------------
CODE
  Relative segment, address: CODE_AREA 00001788 - 00001813 (0x8c bytes), align: 2
  Segment part 7.             Intra module refs:   InitConfig()
                                                   LoadConfigData(wchar_t const *, wchar_t const *)
           ENTRY                   ADDRESS         REF BY
           =====                   =======         ======
           SaveConfigData(wchar_t const *, wchar_t const *)
                                   00001788 
               stack 1 = 00000000 ( 00000020 )
    -------------------------------------------------------------------------
CODE
  Relative segment, address: CODE_AREA 00001814 - 000018FB (0xe8 bytes), align: 2
  Segment part 9.             Intra module refs:   InitConfig()
           ENTRY                   ADDRESS         REF BY
           =====                   =======         ======
           LoadConfigData(wchar_t const *, wchar_t const *)
                                   00001814 
               stack 1 = 00000000 ( 0000003C )
    -------------------------------------------------------------------------
CODE
  Relative segment, address: CODE_AREA 000018FC - 000018FF (0x4 bytes), align: 2
  Segment part 10.            Intra module refs:   LoadConfigData(wchar_t const *, wchar_t const *)
                                                   SaveConfigData(wchar_t const *, wchar_t const *)
    -------------------------------------------------------------------------
CODE
  Relative segment, address: CODE_AREA 00001900 - 00001903 (0x4 bytes), align: 2
  Segment part 11.            Intra module refs:   LoadConfigData(wchar_t const *, wchar_t const *)
                                                   SaveConfigData(wchar_t const *, wchar_t const *)
    -------------------------------------------------------------------------
CODE
  Relative segment, address: CODE_AREA 00001904 - 0000194F (0x4c bytes), align: 2
  Segment part 13.
           ENTRY                   ADDRESS         REF BY
           =====                   =======         ======
           InitConfig()            00001904        InitVar() (main)
               stack 1 = 00000000 ( 00000004 )
    -------------------------------------------------------------------------
DATA_ID
  Relative segment, address: CODE_AREA 00000000 - 00000007 (0x8 bytes), align: 2
  Segment part 5.             Intra module refs:   Segment part 4
    -------------------------------------------------------------------------
INITTAB
  Relative segment, address: CODE_AREA 000051A4 - 000051AF (0xc bytes), align: 2
  Segment part 17. ROOT.
           ENTRY                   ADDRESS         REF BY
           =====                   =======         ======
           ?init?tab?DATA_I        000051A4 
    -------------------------------------------------------------------------
DATA_C
  Relative segment, address: CODE_AREA 000051A0 - 000051A1 (0x2 bytes), align: 1
  Segment part 2.             Intra module refs:   Segment part 5
    -------------------------------------------------------------------------
DATA_C
  Relative segment, address: CODE_AREA 00004AF8 - 00004B13 (0x1c bytes), align: 2
  Segment part 3.             Intra module refs:   InitConfig()

    *************************************************************************

  FILE NAME : Z:\home\perk11\www\perk11.info\svn\SE\MiniGPS\Release_EN\Obj\config_data.r79
  PROGRAM MODULE, NAME : config_data

  SEGMENTS IN THE MODULE
  ======================
CONFIG_C
  Relative segment, address: CODE_AREA 000051C4 - 000051EF (0x2c bytes), align: 2
  Segment part 2. ROOT.
    -------------------------------------------------------------------------
CONFIG_C
  Relative segment, address: CODE_AREA 000051F0 - 0000521B (0x2c bytes), align: 2
  Segment part 3. ROOT.
    -------------------------------------------------------------------------
CONFIG_C
  Relative segment, address: CODE_AREA 0000521C - 0000521F (0x4 bytes), align: 2
  Segment part 4. ROOT.
           ENTRY                   ADDRESS         REF BY
           =====                   =======         ======
           cfg_ctrlmode            0000521C        NewKey(int, int, int, LPARAM, DISP_OBJ *) (main)
    -------------------------------------------------------------------------
CONFIG_C
  Relative segment, address: CODE_AREA 00005220 - 0000525F (0x40 bytes), align: 2
  Segment part 5. ROOT.
    -------------------------------------------------------------------------
CONFIG_C
  Relative segment, address: CODE_AREA 00005260 - 0000528B (0x2c bytes), align: 2
  Segment part 6. ROOT.
    -------------------------------------------------------------------------
CONFIG_C
  Relative segment, address: CODE_AREA 0000528C - 0000528F (0x4 bytes), align: 2
  Segment part 7. ROOT.
           ENTRY                   ADDRESS         REF BY
           =====                   =======         ======
           cfg_menukey             0000528C        NewKey(int, int, int, LPARAM, DISP_OBJ *) (main)
    -------------------------------------------------------------------------
CONFIG_C
  Relative segment, address: CODE_AREA 00005290 - 00005293 (0x4 bytes), align: 2
  Segment part 8. ROOT.
           ENTRY                   ADDRESS         REF BY
           =====                   =======         ======
           cfg_menukeymode         00005290        NewKey(int, int, int, LPARAM, DISP_OBJ *) (main)
    -------------------------------------------------------------------------
CONFIG_C
  Relative segment, address: CODE_AREA 00005294 - 000052BF (0x2c bytes), align: 2
  Segment part 9. ROOT.
    -------------------------------------------------------------------------
CONFIG_C
  Relative segment, address: CODE_AREA 000052C0 - 000052EB (0x2c bytes), align: 2
  Segment part 10. ROOT.
    -------------------------------------------------------------------------
CONFIG_C
  Relative segment, address: CODE_AREA 000052EC - 000052EF (0x4 bytes), align: 2
  Segment part 11. ROOT.
           ENTRY                   ADDRESS         REF BY
           =====                   =======         ======
           cfg_showkey             000052EC        NewKey(int, int, int, LPARAM, DISP_OBJ *) (main)
    -------------------------------------------------------------------------
CONFIG_C
  Relative segment, address: CODE_AREA 000052F0 - 000052F3 (0x4 bytes), align: 2
  Segment part 12. ROOT.
           ENTRY                   ADDRESS         REF BY
           =====                   =======         ======
           cfg_showkeymode         000052F0        NewKey(int, int, int, LPARAM, DISP_OBJ *) (main)
    -------------------------------------------------------------------------
CONFIG_C
  Relative segment, address: CODE_AREA 000052F4 - 0000531F (0x2c bytes), align: 2
  Segment part 13. ROOT.
    -------------------------------------------------------------------------
CONFIG_C
  Relative segment, address: CODE_AREA 00005320 - 00005323 (0x4 bytes), align: 2
  Segment part 14. ROOT.
           ENTRY                   ADDRESS         REF BY
           =====                   =======         ======
           cfg_showcellid          00005320        NewKey(int, int, int, LPARAM, DISP_OBJ *) (main)
    -------------------------------------------------------------------------
CONFIG_C
  Relative segment, address: CODE_AREA 00005324 - 00005327 (0x4 bytes), align: 2
  Segment part 15. ROOT.
           ENTRY                   ADDRESS         REF BY
           =====                   =======         ======
           cfg_chowcellidmode      00005324        NewKey(int, int, int, LPARAM, DISP_OBJ *) (main)
    -------------------------------------------------------------------------
CONFIG_C
  Relative segment, address: CODE_AREA 00005328 - 00005353 (0x2c bytes), align: 2
  Segment part 16. ROOT.
    -------------------------------------------------------------------------
CONFIG_C
  Relative segment, address: CODE_AREA 00005354 - 00005357 (0x4 bytes), align: 2
  Segment part 17. ROOT.
           ENTRY                   ADDRESS         REF BY
           =====                   =======         ======
           cfg_autolocation        00005354        NewKey(int, int, int, LPARAM, DISP_OBJ *) (main)
    -------------------------------------------------------------------------
CONFIG_C
  Relative segment, address: CODE_AREA 00005358 - 0000535B (0x4 bytes), align: 2
  Segment part 18. ROOT.
           ENTRY                   ADDRESS         REF BY
           =====                   =======         ======
           cfg_autolocationmode    00005358        NewKey(int, int, int, LPARAM, DISP_OBJ *) (main)
    -------------------------------------------------------------------------
CONFIG_C
  Relative segment, address: CODE_AREA 0000535C - 00005387 (0x2c bytes), align: 2
  Segment part 19. ROOT.
    -------------------------------------------------------------------------
CONFIG_C
  Relative segment, address: CODE_AREA 00005388 - 000053B3 (0x2c bytes), align: 2
  Segment part 20. ROOT.
    -------------------------------------------------------------------------
CONFIG_C
  Relative segment, address: CODE_AREA 000053B4 - 000053B7 (0x4 bytes), align: 2
  Segment part 21. ROOT.
           ENTRY                   ADDRESS         REF BY
           =====                   =======         ======
           cfg_ignore_keylock      000053B4        NewKey(int, int, int, LPARAM, DISP_OBJ *) (main)
    -------------------------------------------------------------------------
CONFIG_C
  Relative segment, address: CODE_AREA 000053B8 - 000053E3 (0x2c bytes), align: 2
  Segment part 22. ROOT.
    -------------------------------------------------------------------------
CONFIG_C
  Relative segment, address: CODE_AREA 000053E4 - 0000540F (0x2c bytes), align: 2
  Segment part 23. ROOT.
    -------------------------------------------------------------------------
CONFIG_C
  Relative segment, address: CODE_AREA 00005410 - 0000543B (0x2c bytes), align: 2
  Segment part 24. ROOT.
    -------------------------------------------------------------------------
CONFIG_C
  Relative segment, address: CODE_AREA 0000543C - 0000543F (0x4 bytes), align: 2
  Segment part 25. ROOT.
           ENTRY                   ADDRESS         REF BY
           =====                   =======         ======
           cfg_show_type           0000543C        Segment part 101 (main)
    -------------------------------------------------------------------------
CONFIG_C
  Relative segment, address: CODE_AREA 00005440 - 000054BF (0x80 bytes), align: 2
  Segment part 26. ROOT.
    -------------------------------------------------------------------------
CONFIG_C
  Relative segment, address: CODE_AREA 000054C0 - 000054EB (0x2c bytes), align: 2
  Segment part 27. ROOT.
    -------------------------------------------------------------------------
CONFIG_C
  Relative segment, address: CODE_AREA 000054EC - 000054EF (0x4 bytes), align: 2
  Segment part 28. ROOT.
           ENTRY                   ADDRESS         REF BY
           =====                   =======         ======
           cfg_cellidmode          000054EC        Segment part 106 (main)
                                                   Segment part 96 (main)
    -------------------------------------------------------------------------
CONFIG_C
  Relative segment, address: CODE_AREA 000054F0 - 0000552F (0x40 bytes), align: 2
  Segment part 29. ROOT.
    -------------------------------------------------------------------------
CONFIG_C
  Relative segment, address: CODE_AREA 00005530 - 0000555B (0x2c bytes), align: 2
  Segment part 30. ROOT.
    -------------------------------------------------------------------------
CONFIG_C
  Relative segment, address: CODE_AREA 0000555C - 0000555F (0x4 bytes), align: 2
  Segment part 31. ROOT.
           ENTRY                   ADDRESS         REF BY
           =====                   =======         ======
           cfg_location            0000555C        Segment part 113 (main)
                                                   Segment part 142 (main)
    -------------------------------------------------------------------------
CONFIG_C
  Relative segment, address: CODE_AREA 00005560 - 0000569F (0x140 bytes), align: 2
  Segment part 32. ROOT.
    -------------------------------------------------------------------------
CONFIG_C
  Relative segment, address: CODE_AREA 000056A0 - 000056CB (0x2c bytes), align: 2
  Segment part 33. ROOT.
    -------------------------------------------------------------------------
CONFIG_C
  Relative segment, address: CODE_AREA 000056CC - 000056F7 (0x2c bytes), align: 2
  Segment part 34. ROOT.
    -------------------------------------------------------------------------
CONFIG_C
  Relative segment, address: CODE_AREA 000056F8 - 000056FB (0x4 bytes), align: 2
  Segment part 35. ROOT.
           ENTRY                   ADDRESS         REF BY
           =====                   =======         ======
           cfg_cell_font           000056F8        DrawParams(int) (main)
    -------------------------------------------------------------------------
CONFIG_C
  Relative segment, address: CODE_AREA 000056FC - 00005727 (0x2c bytes), align: 2
  Segment part 36. ROOT.
    -------------------------------------------------------------------------
CONFIG_C
  Relative segment, address: CODE_AREA 00005728 - 0000572B (0x4 bytes), align: 2
  Segment part 37. ROOT.
           ENTRY                   ADDRESS         REF BY
           =====                   =======         ======
           cfg_cell_color          00005728        DrawParams(int) (main)
    -------------------------------------------------------------------------
CONFIG_C
  Relative segment, address: CODE_AREA 0000572C - 00005757 (0x2c bytes), align: 2
  Segment part 38. ROOT.
    -------------------------------------------------------------------------
CONFIG_C
  Relative segment, address: CODE_AREA 00005758 - 0000575B (0x4 bytes), align: 2
  Segment part 39. ROOT.
           ENTRY                   ADDRESS         REF BY
           =====                   =======         ======
           cfg_cell_border         00005758        DrawParams(int) (main)
    -------------------------------------------------------------------------
CONFIG_C
  Relative segment, address: CODE_AREA 0000575C - 00005787 (0x2c bytes), align: 2
  Segment part 40. ROOT.
    -------------------------------------------------------------------------
CONFIG_C
  Relative segment, address: CODE_AREA 00005788 - 0000578B (0x4 bytes), align: 2
  Segment part 41. ROOT.
           ENTRY                   ADDRESS         REF BY
           =====                   =======         ======
           cfg_cell_align          00005788        DrawParams(int) (main)
    -------------------------------------------------------------------------
CONFIG_C
  Relative segment, address: CODE_AREA 0000578C - 000057EB (0x60 bytes), align: 2
  Segment part 42. ROOT.
    -------------------------------------------------------------------------
CONFIG_C
  Relative segment, address: CODE_AREA 000057EC - 00005817 (0x2c bytes), align: 2
  Segment part 43. ROOT.
    -------------------------------------------------------------------------
CONFIG_C
  Relative segment, address: CODE_AREA 00005818 - 0000581B (0x4 bytes), align: 2
  Segment part 44. ROOT.
           ENTRY                   ADDRESS         REF BY
           =====                   =======         ======
           cfg_highlight           00005818        DrawHighlightID(int, int, int, int, int, int, int, int, int) (main)
    -------------------------------------------------------------------------
CONFIG_C
  Relative segment, address: CODE_AREA 0000581C - 00005847 (0x2c bytes), align: 2
  Segment part 45. ROOT.
    -------------------------------------------------------------------------
CONFIG_C
  Relative segment, address: CODE_AREA 00005848 - 0000584B (0x4 bytes), align: 2
  Segment part 46. ROOT.
           ENTRY                   ADDRESS         REF BY
           =====                   =======         ======
           cfg_cell_x              00005848        DrawParams(int) (main)
    -------------------------------------------------------------------------
CONFIG_C
  Relative segment, address: CODE_AREA 0000584C - 0000584F (0x4 bytes), align: 2
  Segment part 47. ROOT.
           ENTRY                   ADDRESS         REF BY
           =====                   =======         ======
           cfg_cell_y              0000584C        DrawParams(int) (main)
    -------------------------------------------------------------------------
CONFIG_C
  Relative segment, address: CODE_AREA 00005850 - 0000587B (0x2c bytes), align: 2
  Segment part 48. ROOT.
    -------------------------------------------------------------------------
CONFIG_C
  Relative segment, address: CODE_AREA 0000587C - 000058A7 (0x2c bytes), align: 2
  Segment part 49. ROOT.
    -------------------------------------------------------------------------
CONFIG_C
  Relative segment, address: CODE_AREA 000058A8 - 000058AB (0x4 bytes), align: 2
  Segment part 50. ROOT.
           ENTRY                   ADDRESS         REF BY
           =====                   =======         ======
           cfg_vibrate             000058A8        Segment part 104 (main)
    -------------------------------------------------------------------------
CONFIG_C
  Relative segment, address: CODE_AREA 000058AC - 0000592B (0x80 bytes), align: 2
  Segment part 51. ROOT.
    -------------------------------------------------------------------------
CONFIG_C
  Relative segment, address: CODE_AREA 0000592C - 00005957 (0x2c bytes), align: 2
  Segment part 52. ROOT.
    -------------------------------------------------------------------------
CONFIG_C
  Relative segment, address: CODE_AREA 00005958 - 0000595B (0x4 bytes), align: 2
  Segment part 53. ROOT.
           ENTRY                   ADDRESS         REF BY
           =====                   =======         ======
           cfg_new_action_timeout
                                   00005958        InitVar() (main)
    -------------------------------------------------------------------------
CONFIG_C
  Relative segment, address: CODE_AREA 0000595C - 00005987 (0x2c bytes), align: 2
  Segment part 54. ROOT.
    -------------------------------------------------------------------------
CONFIG_C
  Relative segment, address: CODE_AREA 00005988 - 000059B3 (0x2c bytes), align: 2
  Segment part 55. ROOT.
    -------------------------------------------------------------------------
CONFIG_C
  Relative segment, address: CODE_AREA 000059B4 - 000059B7 (0x4 bytes), align: 2
  Segment part 56. ROOT.
           ENTRY                   ADDRESS         REF BY
           =====                   =======         ======
           cfg_auto_image_show     000059B4        Segment part 79 (main)
    -------------------------------------------------------------------------
CONFIG_C
  Relative segment, address: CODE_AREA 000059B8 - 000059E3 (0x2c bytes), align: 2
  Segment part 57. ROOT.
    -------------------------------------------------------------------------
CONFIG_C
  Relative segment, address: CODE_AREA 000059E4 - 000059E7 (0x4 bytes), align: 2
  Segment part 58. ROOT.
           ENTRY                   ADDRESS         REF BY
           =====                   =======         ======
           cfg_auto_image_x        000059E4        DrawParams(int) (main)
    -------------------------------------------------------------------------
CONFIG_C
  Relative segment, address: CODE_AREA 000059E8 - 000059EB (0x4 bytes), align: 2
  Segment part 59. ROOT.
           ENTRY                   ADDRESS         REF BY
           =====                   =======         ======
           cfg_auto_image_y        000059E8        DrawParams(int) (main)
    -------------------------------------------------------------------------
CONFIG_C
  Relative segment, address: CODE_AREA 000059EC - 00005A17 (0x2c bytes), align: 2
  Segment part 60. ROOT.
    -------------------------------------------------------------------------
CONFIG_C
  Relative segment, address: CODE_AREA 00005A18 - 00005C17 (0x200 bytes), align: 2
  Segment part 61. ROOT.
           ENTRY                   ADDRESS         REF BY
           =====                   =======         ======
           cfg_auto_file           00005A18        InitVar() (main)
    -------------------------------------------------------------------------
CONFIG_C
  Relative segment, address: CODE_AREA 00005C18 - 00005C43 (0x2c bytes), align: 2
  Segment part 62. ROOT.
    -------------------------------------------------------------------------
CONFIG_C
  Relative segment, address: CODE_AREA 00005C44 - 00005C6F (0x2c bytes), align: 2
  Segment part 63. ROOT.
    -------------------------------------------------------------------------
CONFIG_C
  Relative segment, address: CODE_AREA 00005C70 - 00005C9B (0x2c bytes), align: 2
  Segment part 64. ROOT.
    -------------------------------------------------------------------------
CONFIG_C
  Relative segment, address: CODE_AREA 00005C9C - 00005CA3 (0x8 bytes), align: 2
  Segment part 65. ROOT.
           ENTRY                   ADDRESS         REF BY
           =====                   =======         ======
           cfg_location_image      00005C9C        Segment part 78 (main)
    -------------------------------------------------------------------------
CONFIG_C
  Relative segment, address: CODE_AREA 00005CA4 - 00005CCF (0x2c bytes), align: 2
  Segment part 66. ROOT.
    -------------------------------------------------------------------------
CONFIG_C
  Relative segment, address: CODE_AREA 00005CD0 - 00005ECF (0x200 bytes), align: 2
  Segment part 67. ROOT.
           ENTRY                   ADDRESS         REF BY
           =====                   =======         ======
           cfg_images_path         00005CD0        UpdateLocationImage() (main)
    -------------------------------------------------------------------------
CONFIG_C
  Relative segment, address: CODE_AREA 00005ED0 - 00005EFB (0x2c bytes), align: 2
  Segment part 68. ROOT.
    -------------------------------------------------------------------------
CONFIG_C
  Relative segment, address: CODE_AREA 00005EFC - 00005F27 (0x2c bytes), align: 2
  Segment part 69. ROOT.
    -------------------------------------------------------------------------
CONFIG_C
  Relative segment, address: CODE_AREA 00005F28 - 00006127 (0x200 bytes), align: 2
  Segment part 70. ROOT.
           ENTRY                   ADDRESS         REF BY
           =====                   =======         ======
           cfg_location_file       00005F28        Segment part 52 (main)
    -------------------------------------------------------------------------
CONFIG_C
  Relative segment, address: CODE_AREA 00006128 - 00006153 (0x2c bytes), align: 2
  Segment part 71. ROOT.
    -------------------------------------------------------------------------
CONFIG_C
  Relative segment, address: CODE_AREA 00006154 - 0000617F (0x2c bytes), align: 2
  Segment part 72. ROOT.
    -------------------------------------------------------------------------
CONFIG_C
  Relative segment, address: CODE_AREA 00006180 - 000061AB (0x2c bytes), align: 2
  Segment part 73. ROOT.
    -------------------------------------------------------------------------
CONFIG_C
  Relative segment, address: CODE_AREA 000061AC - 000061AF (0x4 bytes), align: 2
  Segment part 74. ROOT.
           ENTRY                   ADDRESS         REF BY
           =====                   =======         ======
           cfg_default_profile     000061AC        onTimerNewAction(u16, LPARAM) (main)
    -------------------------------------------------------------------------
CONFIG_C
  Relative segment, address: CODE_AREA 000061B0 - 000062AF (0x100 bytes), align: 2
  Segment part 75. ROOT.
    -------------------------------------------------------------------------
CONFIG_C
  Relative segment, address: CODE_AREA 000062B0 - 000062DB (0x2c bytes), align: 2
  Segment part 76. ROOT.
    -------------------------------------------------------------------------
CONFIG_C
  Relative segment, address: CODE_AREA 000062DC - 00006307 (0x2c bytes), align: 2
  Segment part 77. ROOT.
    -------------------------------------------------------------------------
CONFIG_C
  Relative segment, address: CODE_AREA 00006308 - 0000630B (0x4 bytes), align: 2
  Segment part 78. ROOT.
           ENTRY                   ADDRESS         REF BY
           =====                   =======         ======
           cfg_manual_profile1     00006308        Segment part 23 (main)
    -------------------------------------------------------------------------
CONFIG_C
  Relative segment, address: CODE_AREA 0000630C - 0000640B (0x100 bytes), align: 2
  Segment part 79. ROOT.
    -------------------------------------------------------------------------
CONFIG_C
  Relative segment, address: CODE_AREA 0000640C - 00006437 (0x2c bytes), align: 2
  Segment part 80. ROOT.
    -------------------------------------------------------------------------
CONFIG_C
  Relative segment, address: CODE_AREA 00006438 - 0000643B (0x4 bytes), align: 2
  Segment part 81. ROOT.
           ENTRY                   ADDRESS         REF BY
           =====                   =======         ======
           cfg_manual_profile2     00006438        Segment part 23 (main)
    -------------------------------------------------------------------------
CONFIG_C
  Relative segment, address: CODE_AREA 0000643C - 0000653B (0x100 bytes), align: 2
  Segment part 82. ROOT.
    -------------------------------------------------------------------------
CONFIG_C
  Relative segment, address: CODE_AREA 0000653C - 00006567 (0x2c bytes), align: 2
  Segment part 83. ROOT.
    -------------------------------------------------------------------------
CONFIG_C
  Relative segment, address: CODE_AREA 00006568 - 0000656B (0x4 bytes), align: 2
  Segment part 84. ROOT.
           ENTRY                   ADDRESS         REF BY
           =====                   =======         ======
           cfg_manual_profile3     00006568        Segment part 23 (main)
    -------------------------------------------------------------------------
CONFIG_C
  Relative segment, address: CODE_AREA 0000656C - 0000666B (0x100 bytes), align: 2
  Segment part 85. ROOT.
    -------------------------------------------------------------------------
CONFIG_C
  Relative segment, address: CODE_AREA 0000666C - 00006697 (0x2c bytes), align: 2
  Segment part 86. ROOT.
    -------------------------------------------------------------------------
CONFIG_C
  Relative segment, address: CODE_AREA 00006698 - 0000669B (0x4 bytes), align: 2
  Segment part 87. ROOT.
           ENTRY                   ADDRESS         REF BY
           =====                   =======         ======
           cfg_manual_profile4     00006698        Segment part 23 (main)
    -------------------------------------------------------------------------
CONFIG_C
  Relative segment, address: CODE_AREA 0000669C - 0000679B (0x100 bytes), align: 2
  Segment part 88. ROOT.
    -------------------------------------------------------------------------
CONFIG_C
  Relative segment, address: CODE_AREA 0000679C - 000067C7 (0x2c bytes), align: 2
  Segment part 89. ROOT.
    -------------------------------------------------------------------------
CONFIG_C
  Relative segment, address: CODE_AREA 000067C8 - 000067CB (0x4 bytes), align: 2
  Segment part 90. ROOT.
           ENTRY                   ADDRESS         REF BY
           =====                   =======         ======
           cfg_manual_profile5     000067C8        Segment part 23 (main)
    -------------------------------------------------------------------------
CONFIG_C
  Relative segment, address: CODE_AREA 000067CC - 000068CB (0x100 bytes), align: 2
  Segment part 91. ROOT.
    -------------------------------------------------------------------------
CONFIG_C
  Relative segment, address: CODE_AREA 000068CC - 000068F7 (0x2c bytes), align: 2
  Segment part 92. ROOT.
    -------------------------------------------------------------------------
CONFIG_C
  Relative segment, address: CODE_AREA 000068F8 - 000068FB (0x4 bytes), align: 2
  Segment part 93. ROOT.
           ENTRY                   ADDRESS         REF BY
           =====                   =======         ======
           cfg_manual_profile6     000068F8        Segment part 23 (main)
    -------------------------------------------------------------------------
CONFIG_C
  Relative segment, address: CODE_AREA 000068FC - 000069FB (0x100 bytes), align: 2
  Segment part 94. ROOT.
    -------------------------------------------------------------------------
CONFIG_C
  Relative segment, address: CODE_AREA 000069FC - 00006A27 (0x2c bytes), align: 2
  Segment part 95. ROOT.
    -------------------------------------------------------------------------
CONFIG_C
  Relative segment, address: CODE_AREA 00006A28 - 00006A2B (0x4 bytes), align: 2
  Segment part 96. ROOT.
           ENTRY                   ADDRESS         REF BY
           =====                   =======         ======
           cfg_manual_profile7     00006A28        Segment part 23 (main)
    -------------------------------------------------------------------------
CONFIG_C
  Relative segment, address: CODE_AREA 00006A2C - 00006B2B (0x100 bytes), align: 2
  Segment part 97. ROOT.
    -------------------------------------------------------------------------
CONFIG_C
  Relative segment, address: CODE_AREA 00006B2C - 00006B57 (0x2c bytes), align: 2
  Segment part 98. ROOT.
    -------------------------------------------------------------------------
CONFIG_C
  Relative segment, address: CODE_AREA 00006B58 - 00006B83 (0x2c bytes), align: 2
  Segment part 99. ROOT.
    -------------------------------------------------------------------------
CONFIG_C
  Relative segment, address: CODE_AREA 00006B84 - 00006BAF (0x2c bytes), align: 2
  Segment part 100. ROOT.
    -------------------------------------------------------------------------
CONFIG_C
  Relative segment, address: CODE_AREA 00006BB0 - 00006BDB (0x2c bytes), align: 2
  Segment part 101. ROOT.
    -------------------------------------------------------------------------
CONFIG_C
  Relative segment, address: CODE_AREA 00006BDC - 00006BDF (0x4 bytes), align: 2
  Segment part 102. ROOT.
           ENTRY                   ADDRESS         REF BY
           =====                   =======         ======
           cfg_place_enable1       00006BDC        Segment part 25 (main)
    -------------------------------------------------------------------------
CONFIG_C
  Relative segment, address: CODE_AREA 00006BE0 - 00006C0B (0x2c bytes), align: 2
  Segment part 103. ROOT.
    -------------------------------------------------------------------------
CONFIG_C
  Relative segment, address: CODE_AREA 00006C0C - 00006D0B (0x100 bytes), align: 2
  Segment part 104. ROOT.
           ENTRY                   ADDRESS         REF BY
           =====                   =======         ======
           cfg_place_name1         00006C0C        Segment part 25 (main)
    -------------------------------------------------------------------------
CONFIG_C
  Relative segment, address: CODE_AREA 00006D0C - 00006D37 (0x2c bytes), align: 2
  Segment part 105. ROOT.
    -------------------------------------------------------------------------
CONFIG_C
  Relative segment, address: CODE_AREA 00006D38 - 00006D3B (0x4 bytes), align: 2
  Segment part 106. ROOT.
           ENTRY                   ADDRESS         REF BY
           =====                   =======         ======
           cfg_place_profile1      00006D38        Segment part 25 (main)
    -------------------------------------------------------------------------
CONFIG_C
  Relative segment, address: CODE_AREA 00006D3C - 00006E3B (0x100 bytes), align: 2
  Segment part 107. ROOT.
    -------------------------------------------------------------------------
CONFIG_C
  Relative segment, address: CODE_AREA 00006E3C - 00006E67 (0x2c bytes), align: 2
  Segment part 108. ROOT.
    -------------------------------------------------------------------------
CONFIG_C
  Relative segment, address: CODE_AREA 00006E68 - 00006E6B (0x4 bytes), align: 2
  Segment part 109. ROOT.
           ENTRY                   ADDRESS         REF BY
           =====                   =======         ======
           cfg_place_vibrate1      00006E68        Segment part 25 (main)
    -------------------------------------------------------------------------
CONFIG_C
  Relative segment, address: CODE_AREA 00006E6C - 00006EEB (0x80 bytes), align: 2
  Segment part 110. ROOT.
    -------------------------------------------------------------------------
CONFIG_C
  Relative segment, address: CODE_AREA 00006EEC - 00006F17 (0x2c bytes), align: 2
  Segment part 111. ROOT.
    -------------------------------------------------------------------------
CONFIG_C
  Relative segment, address: CODE_AREA 00006F18 - 00006F43 (0x2c bytes), align: 2
  Segment part 112. ROOT.
    -------------------------------------------------------------------------
CONFIG_C
  Relative segment, address: CODE_AREA 00006F44 - 00006F47 (0x4 bytes), align: 2
  Segment part 113. ROOT.
           ENTRY                   ADDRESS         REF BY
           =====                   =======         ======
           cfg_place_sound_enable1
                                   00006F44        Segment part 25 (main)
    -------------------------------------------------------------------------
CONFIG_C
  Relative segment, address: CODE_AREA 00006F48 - 00006F73 (0x2c bytes), align: 2
  Segment part 114. ROOT.
    -------------------------------------------------------------------------
CONFIG_C
  Relative segment, address: CODE_AREA 00006F74 - 00007173 (0x200 bytes), align: 2
  Segment part 115. ROOT.
           ENTRY                   ADDRESS         REF BY
           =====                   =======         ======
           cfg_sound_file1         00006F74        Segment part 25 (main)
    -------------------------------------------------------------------------
CONFIG_C
  Relative segment, address: CODE_AREA 00007174 - 0000719F (0x2c bytes), align: 2
  Segment part 116. ROOT.
    -------------------------------------------------------------------------
CONFIG_C
  Relative segment, address: CODE_AREA 000071A0 - 000071CB (0x2c bytes), align: 2
  Segment part 117. ROOT.
    -------------------------------------------------------------------------
CONFIG_C
  Relative segment, address: CODE_AREA 000071CC - 000071F7 (0x2c bytes), align: 2
  Segment part 118. ROOT.
    -------------------------------------------------------------------------
CONFIG_C
  Relative segment, address: CODE_AREA 000071F8 - 00007223 (0x2c bytes), align: 2
  Segment part 119. ROOT.
    -------------------------------------------------------------------------
CONFIG_C
  Relative segment, address: CODE_AREA 00007224 - 00007227 (0x4 bytes), align: 2
  Segment part 120. ROOT.
           ENTRY                   ADDRESS         REF BY
           =====                   =======         ======
           cfg_place_enable2       00007224        Segment part 25 (main)
    -------------------------------------------------------------------------
CONFIG_C
  Relative segment, address: CODE_AREA 00007228 - 00007253 (0x2c bytes), align: 2
  Segment part 121. ROOT.
    -------------------------------------------------------------------------
CONFIG_C
  Relative segment, address: CODE_AREA 00007254 - 00007353 (0x100 bytes), align: 2
  Segment part 122. ROOT.
           ENTRY                   ADDRESS         REF BY
           =====                   =======         ======
           cfg_place_name2         00007254        Segment part 25 (main)
    -------------------------------------------------------------------------
CONFIG_C
  Relative segment, address: CODE_AREA 00007354 - 0000737F (0x2c bytes), align: 2
  Segment part 123. ROOT.
    -------------------------------------------------------------------------
CONFIG_C
  Relative segment, address: CODE_AREA 00007380 - 00007383 (0x4 bytes), align: 2
  Segment part 124. ROOT.
           ENTRY                   ADDRESS         REF BY
           =====                   =======         ======
           cfg_place_profile2      00007380        Segment part 25 (main)
    -------------------------------------------------------------------------
CONFIG_C
  Relative segment, address: CODE_AREA 00007384 - 00007483 (0x100 bytes), align: 2
  Segment part 125. ROOT.
    -------------------------------------------------------------------------
CONFIG_C
  Relative segment, address: CODE_AREA 00007484 - 000074AF (0x2c bytes), align: 2
  Segment part 126. ROOT.
    -------------------------------------------------------------------------
CONFIG_C
  Relative segment, address: CODE_AREA 000074B0 - 000074B3 (0x4 bytes), align: 2
  Segment part 127. ROOT.
           ENTRY                   ADDRESS         REF BY
           =====                   =======         ======
           cfg_place_vibrate2      000074B0        Segment part 25 (main)
    -------------------------------------------------------------------------
CONFIG_C
  Relative segment, address: CODE_AREA 000074B4 - 00007533 (0x80 bytes), align: 2
  Segment part 128. ROOT.
    -------------------------------------------------------------------------
CONFIG_C
  Relative segment, address: CODE_AREA 00007534 - 0000755F (0x2c bytes), align: 2
  Segment part 129. ROOT.
    -------------------------------------------------------------------------
CONFIG_C
  Relative segment, address: CODE_AREA 00007560 - 0000758B (0x2c bytes), align: 2
  Segment part 130. ROOT.
    -------------------------------------------------------------------------
CONFIG_C
  Relative segment, address: CODE_AREA 0000758C - 0000758F (0x4 bytes), align: 2
  Segment part 131. ROOT.
           ENTRY                   ADDRESS         REF BY
           =====                   =======         ======
           cfg_place_sound_enable2
                                   0000758C        Segment part 25 (main)
    -------------------------------------------------------------------------
CONFIG_C
  Relative segment, address: CODE_AREA 00007590 - 000075BB (0x2c bytes), align: 2
  Segment part 132. ROOT.
    -------------------------------------------------------------------------
CONFIG_C
  Relative segment, address: CODE_AREA 000075BC - 000077BB (0x200 bytes), align: 2
  Segment part 133. ROOT.
           ENTRY                   ADDRESS         REF BY
           =====                   =======         ======
           cfg_sound_file2         000075BC        Segment part 25 (main)
    -------------------------------------------------------------------------
CONFIG_C
  Relative segment, address: CODE_AREA 000077BC - 000077E7 (0x2c bytes), align: 2
  Segment part 134. ROOT.
    -------------------------------------------------------------------------
CONFIG_C
  Relative segment, address: CODE_AREA 000077E8 - 00007813 (0x2c bytes), align: 2
  Segment part 135. ROOT.
    -------------------------------------------------------------------------
CONFIG_C
  Relative segment, address: CODE_AREA 00007814 - 0000783F (0x2c bytes), align: 2
  Segment part 136. ROOT.
    -------------------------------------------------------------------------
CONFIG_C
  Relative segment, address: CODE_AREA 00007840 - 0000786B (0x2c bytes), align: 2
  Segment part 137. ROOT.
    -------------------------------------------------------------------------
CONFIG_C
  Relative segment, address: CODE_AREA 0000786C - 0000786F (0x4 bytes), align: 2
  Segment part 138. ROOT.
           ENTRY                   ADDRESS         REF BY
           =====                   =======         ======
           cfg_place_enable3       0000786C        Segment part 25 (main)
    -------------------------------------------------------------------------
CONFIG_C
  Relative segment, address: CODE_AREA 00007870 - 0000789B (0x2c bytes), align: 2
  Segment part 139. ROOT.
    -------------------------------------------------------------------------
CONFIG_C
  Relative segment, address: CODE_AREA 0000789C - 0000799B (0x100 bytes), align: 2
  Segment part 140. ROOT.
           ENTRY                   ADDRESS         REF BY
           =====                   =======         ======
           cfg_place_name3         0000789C        Segment part 25 (main)
    -------------------------------------------------------------------------
CONFIG_C
  Relative segment, address: CODE_AREA 0000799C - 000079C7 (0x2c bytes), align: 2
  Segment part 141. ROOT.
    -------------------------------------------------------------------------
CONFIG_C
  Relative segment, address: CODE_AREA 000079C8 - 000079CB (0x4 bytes), align: 2
  Segment part 142. ROOT.
           ENTRY                   ADDRESS         REF BY
           =====                   =======         ======
           cfg_place_profile3      000079C8        Segment part 25 (main)
    -------------------------------------------------------------------------
CONFIG_C
  Relative segment, address: CODE_AREA 000079CC - 00007ACB (0x100 bytes), align: 2
  Segment part 143. ROOT.
    -------------------------------------------------------------------------
CONFIG_C
  Relative segment, address: CODE_AREA 00007ACC - 00007AF7 (0x2c bytes), align: 2
  Segment part 144. ROOT.
    -------------------------------------------------------------------------
CONFIG_C
  Relative segment, address: CODE_AREA 00007AF8 - 00007AFB (0x4 bytes), align: 2
  Segment part 145. ROOT.
           ENTRY                   ADDRESS         REF BY
           =====                   =======         ======
           cfg_place_vibrate3      00007AF8        Segment part 25 (main)
    -------------------------------------------------------------------------
CONFIG_C
  Relative segment, address: CODE_AREA 00007AFC - 00007B7B (0x80 bytes), align: 2
  Segment part 146. ROOT.
    -------------------------------------------------------------------------
CONFIG_C
  Relative segment, address: CODE_AREA 00007B7C - 00007BA7 (0x2c bytes), align: 2
  Segment part 147. ROOT.
    -------------------------------------------------------------------------
CONFIG_C
  Relative segment, address: CODE_AREA 00007BA8 - 00007BD3 (0x2c bytes), align: 2
  Segment part 148. ROOT.
    -------------------------------------------------------------------------
CONFIG_C
  Relative segment, address: CODE_AREA 00007BD4 - 00007BD7 (0x4 bytes), align: 2
  Segment part 149. ROOT.
           ENTRY                   ADDRESS         REF BY
           =====                   =======         ======
           cfg_place_sound_enable3
                                   00007BD4        Segment part 25 (main)
    -------------------------------------------------------------------------
CONFIG_C
  Relative segment, address: CODE_AREA 00007BD8 - 00007C03 (0x2c bytes), align: 2
  Segment part 150. ROOT.
    -------------------------------------------------------------------------
CONFIG_C
  Relative segment, address: CODE_AREA 00007C04 - 00007E03 (0x200 bytes), align: 2
  Segment part 151. ROOT.
           ENTRY                   ADDRESS         REF BY
           =====                   =======         ======
           cfg_sound_file3         00007C04        Segment part 25 (main)
    -------------------------------------------------------------------------
CONFIG_C
  Relative segment, address: CODE_AREA 00007E04 - 00007E2F (0x2c bytes), align: 2
  Segment part 152. ROOT.
    -------------------------------------------------------------------------
CONFIG_C
  Relative segment, address: CODE_AREA 00007E30 - 00007E5B (0x2c bytes), align: 2
  Segment part 153. ROOT.
    -------------------------------------------------------------------------
CONFIG_C
  Relative segment, address: CODE_AREA 00007E5C - 00007E87 (0x2c bytes), align: 2
  Segment part 154. ROOT.
    -------------------------------------------------------------------------
CONFIG_C
  Relative segment, address: CODE_AREA 00007E88 - 00007EB3 (0x2c bytes), align: 2
  Segment part 155. ROOT.
    -------------------------------------------------------------------------
CONFIG_C
  Relative segment, address: CODE_AREA 00007EB4 - 00007EB7 (0x4 bytes), align: 2
  Segment part 156. ROOT.
           ENTRY                   ADDRESS         REF BY
           =====                   =======         ======
           cfg_place_enable4       00007EB4        Segment part 25 (main)
    -------------------------------------------------------------------------
CONFIG_C
  Relative segment, address: CODE_AREA 00007EB8 - 00007EE3 (0x2c bytes), align: 2
  Segment part 157. ROOT.
    -------------------------------------------------------------------------
CONFIG_C
  Relative segment, address: CODE_AREA 00007EE4 - 00007FE3 (0x100 bytes), align: 2
  Segment part 158. ROOT.
           ENTRY                   ADDRESS         REF BY
           =====                   =======         ======
           cfg_place_name4         00007EE4        Segment part 25 (main)
    -------------------------------------------------------------------------
CONFIG_C
  Relative segment, address: CODE_AREA 00007FE4 - 0000800F (0x2c bytes), align: 2
  Segment part 159. ROOT.
    -------------------------------------------------------------------------
CONFIG_C
  Relative segment, address: CODE_AREA 00008010 - 00008013 (0x4 bytes), align: 2
  Segment part 160. ROOT.
           ENTRY                   ADDRESS         REF BY
           =====                   =======         ======
           cfg_place_profile4      00008010        Segment part 25 (main)
    -------------------------------------------------------------------------
CONFIG_C
  Relative segment, address: CODE_AREA 00008014 - 00008113 (0x100 bytes), align: 2
  Segment part 161. ROOT.
    -------------------------------------------------------------------------
CONFIG_C
  Relative segment, address: CODE_AREA 00008114 - 0000813F (0x2c bytes), align: 2
  Segment part 162. ROOT.
    -------------------------------------------------------------------------
CONFIG_C
  Relative segment, address: CODE_AREA 00008140 - 00008143 (0x4 bytes), align: 2
  Segment part 163. ROOT.
           ENTRY                   ADDRESS         REF BY
           =====                   =======         ======
           cfg_place_vibrate4      00008140        Segment part 25 (main)
    -------------------------------------------------------------------------
CONFIG_C
  Relative segment, address: CODE_AREA 00008144 - 000081C3 (0x80 bytes), align: 2
  Segment part 164. ROOT.
    -------------------------------------------------------------------------
CONFIG_C
  Relative segment, address: CODE_AREA 000081C4 - 000081EF (0x2c bytes), align: 2
  Segment part 165. ROOT.
    -------------------------------------------------------------------------
CONFIG_C
  Relative segment, address: CODE_AREA 000081F0 - 0000821B (0x2c bytes), align: 2
  Segment part 166. ROOT.
    -------------------------------------------------------------------------
CONFIG_C
  Relative segment, address: CODE_AREA 0000821C - 0000821F (0x4 bytes), align: 2
  Segment part 167. ROOT.
           ENTRY                   ADDRESS         REF BY
           =====                   =======         ======
           cfg_place_sound_enable4
                                   0000821C        Segment part 25 (main)
    -------------------------------------------------------------------------
CONFIG_C
  Relative segment, address: CODE_AREA 00008220 - 0000824B (0x2c bytes), align: 2
  Segment part 168. ROOT.
    -------------------------------------------------------------------------
CONFIG_C
  Relative segment, address: CODE_AREA 0000824C - 0000844B (0x200 bytes), align: 2
  Segment part 169. ROOT.
           ENTRY                   ADDRESS         REF BY
           =====                   =======         ======
           cfg_sound_file4         0000824C        Segment part 25 (main)
    -------------------------------------------------------------------------
CONFIG_C
  Relative segment, address: CODE_AREA 0000844C - 00008477 (0x2c bytes), align: 2
  Segment part 170. ROOT.
    -------------------------------------------------------------------------
CONFIG_C
  Relative segment, address: CODE_AREA 00008478 - 000084A3 (0x2c bytes), align: 2
  Segment part 171. ROOT.
    -------------------------------------------------------------------------
CONFIG_C
  Relative segment, address: CODE_AREA 000084A4 - 000084CF (0x2c bytes), align: 2
  Segment part 172. ROOT.
    -------------------------------------------------------------------------
CONFIG_C
  Relative segment, address: CODE_AREA 000084D0 - 000084FB (0x2c bytes), align: 2
  Segment part 173. ROOT.
    -------------------------------------------------------------------------
CONFIG_C
  Relative segment, address: CODE_AREA 000084FC - 000084FF (0x4 bytes), align: 2
  Segment part 174. ROOT.
           ENTRY                   ADDRESS         REF BY
           =====                   =======         ======
           cfg_place_enable5       000084FC        Segment part 25 (main)
    -------------------------------------------------------------------------
CONFIG_C
  Relative segment, address: CODE_AREA 00008500 - 0000852B (0x2c bytes), align: 2
  Segment part 175. ROOT.
    -------------------------------------------------------------------------
CONFIG_C
  Relative segment, address: CODE_AREA 0000852C - 0000862B (0x100 bytes), align: 2
  Segment part 176. ROOT.
           ENTRY                   ADDRESS         REF BY
           =====                   =======         ======
           cfg_place_name5         0000852C        Segment part 25 (main)
    -------------------------------------------------------------------------
CONFIG_C
  Relative segment, address: CODE_AREA 0000862C - 00008657 (0x2c bytes), align: 2
  Segment part 177. ROOT.
    -------------------------------------------------------------------------
CONFIG_C
  Relative segment, address: CODE_AREA 00008658 - 0000865B (0x4 bytes), align: 2
  Segment part 178. ROOT.
           ENTRY                   ADDRESS         REF BY
           =====                   =======         ======
           cfg_place_profile5      00008658        Segment part 25 (main)
    -------------------------------------------------------------------------
CONFIG_C
  Relative segment, address: CODE_AREA 0000865C - 0000875B (0x100 bytes), align: 2
  Segment part 179. ROOT.
    -------------------------------------------------------------------------
CONFIG_C
  Relative segment, address: CODE_AREA 0000875C - 00008787 (0x2c bytes), align: 2
  Segment part 180. ROOT.
    -------------------------------------------------------------------------
CONFIG_C
  Relative segment, address: CODE_AREA 00008788 - 0000878B (0x4 bytes), align: 2
  Segment part 181. ROOT.
           ENTRY                   ADDRESS         REF BY
           =====                   =======         ======
           cfg_place_vibrate5      00008788        Segment part 25 (main)
    -------------------------------------------------------------------------
CONFIG_C
  Relative segment, address: CODE_AREA 0000878C - 0000880B (0x80 bytes), align: 2
  Segment part 182. ROOT.
    -------------------------------------------------------------------------
CONFIG_C
  Relative segment, address: CODE_AREA 0000880C - 00008837 (0x2c bytes), align: 2
  Segment part 183. ROOT.
    -------------------------------------------------------------------------
CONFIG_C
  Relative segment, address: CODE_AREA 00008838 - 00008863 (0x2c bytes), align: 2
  Segment part 184. ROOT.
    -------------------------------------------------------------------------
CONFIG_C
  Relative segment, address: CODE_AREA 00008864 - 00008867 (0x4 bytes), align: 2
  Segment part 185. ROOT.
           ENTRY                   ADDRESS         REF BY
           =====                   =======         ======
           cfg_place_sound_enable5
                                   00008864        Segment part 25 (main)
    -------------------------------------------------------------------------
CONFIG_C
  Relative segment, address: CODE_AREA 00008868 - 00008893 (0x2c bytes), align: 2
  Segment part 186. ROOT.
    -------------------------------------------------------------------------
CONFIG_C
  Relative segment, address: CODE_AREA 00008894 - 00008A93 (0x200 bytes), align: 2
  Segment part 187. ROOT.
           ENTRY                   ADDRESS         REF BY
           =====                   =======         ======
           cfg_sound_file5         00008894        Segment part 25 (main)
    -------------------------------------------------------------------------
CONFIG_C
  Relative segment, address: CODE_AREA 00008A94 - 00008ABF (0x2c bytes), align: 2
  Segment part 188. ROOT.
    -------------------------------------------------------------------------
CONFIG_C
  Relative segment, address: CODE_AREA 00008AC0 - 00008AEB (0x2c bytes), align: 2
  Segment part 189. ROOT.
    -------------------------------------------------------------------------
CONFIG_C
  Relative segment, address: CODE_AREA 00008AEC - 00008B17 (0x2c bytes), align: 2
  Segment part 190. ROOT.
    -------------------------------------------------------------------------
CONFIG_C
  Relative segment, address: CODE_AREA 00008B18 - 00008B43 (0x2c bytes), align: 2
  Segment part 191. ROOT.
    -------------------------------------------------------------------------
CONFIG_C
  Relative segment, address: CODE_AREA 00008B44 - 00008B47 (0x4 bytes), align: 2
  Segment part 192. ROOT.
           ENTRY                   ADDRESS         REF BY
           =====                   =======         ======
           cfg_place_enable6       00008B44        Segment part 25 (main)
    -------------------------------------------------------------------------
CONFIG_C
  Relative segment, address: CODE_AREA 00008B48 - 00008B73 (0x2c bytes), align: 2
  Segment part 193. ROOT.
    -------------------------------------------------------------------------
CONFIG_C
  Relative segment, address: CODE_AREA 00008B74 - 00008C73 (0x100 bytes), align: 2
  Segment part 194. ROOT.
           ENTRY                   ADDRESS         REF BY
           =====                   =======         ======
           cfg_place_name6         00008B74        Segment part 25 (main)
    -------------------------------------------------------------------------
CONFIG_C
  Relative segment, address: CODE_AREA 00008C74 - 00008C9F (0x2c bytes), align: 2
  Segment part 195. ROOT.
    -------------------------------------------------------------------------
CONFIG_C
  Relative segment, address: CODE_AREA 00008CA0 - 00008CA3 (0x4 bytes), align: 2
  Segment part 196. ROOT.
           ENTRY                   ADDRESS         REF BY
           =====                   =======         ======
           cfg_place_profile6      00008CA0        Segment part 25 (main)
    -------------------------------------------------------------------------
CONFIG_C
  Relative segment, address: CODE_AREA 00008CA4 - 00008DA3 (0x100 bytes), align: 2
  Segment part 197. ROOT.
    -------------------------------------------------------------------------
CONFIG_C
  Relative segment, address: CODE_AREA 00008DA4 - 00008DCF (0x2c bytes), align: 2
  Segment part 198. ROOT.
    -------------------------------------------------------------------------
CONFIG_C
  Relative segment, address: CODE_AREA 00008DD0 - 00008DD3 (0x4 bytes), align: 2
  Segment part 199. ROOT.
           ENTRY                   ADDRESS         REF BY
           =====                   =======         ======
           cfg_place_vibrate6      00008DD0        Segment part 25 (main)
    -------------------------------------------------------------------------
CONFIG_C
  Relative segment, address: CODE_AREA 00008DD4 - 00008E53 (0x80 bytes), align: 2
  Segment part 200. ROOT.
    -------------------------------------------------------------------------
CONFIG_C
  Relative segment, address: CODE_AREA 00008E54 - 00008E7F (0x2c bytes), align: 2
  Segment part 201. ROOT.
    -------------------------------------------------------------------------
CONFIG_C
  Relative segment, address: CODE_AREA 00008E80 - 00008EAB (0x2c bytes), align: 2
  Segment part 202. ROOT.
    -------------------------------------------------------------------------
CONFIG_C
  Relative segment, address: CODE_AREA 00008EAC - 00008EAF (0x4 bytes), align: 2
  Segment part 203. ROOT.
           ENTRY                   ADDRESS         REF BY
           =====                   =======         ======
           cfg_place_sound_enable6
                                   00008EAC        Segment part 25 (main)
    -------------------------------------------------------------------------
CONFIG_C
  Relative segment, address: CODE_AREA 00008EB0 - 00008EDB (0x2c bytes), align: 2
  Segment part 204. ROOT.
    -------------------------------------------------------------------------
CONFIG_C
  Relative segment, address: CODE_AREA 00008EDC - 000090DB (0x200 bytes), align: 2
  Segment part 205. ROOT.
           ENTRY                   ADDRESS         REF BY
           =====                   =======         ======
           cfg_sound_file6         00008EDC        Segment part 25 (main)
    -------------------------------------------------------------------------
CONFIG_C
  Relative segment, address: CODE_AREA 000090DC - 00009107 (0x2c bytes), align: 2
  Segment part 206. ROOT.
    -------------------------------------------------------------------------
CONFIG_C
  Relative segment, address: CODE_AREA 00009108 - 00009133 (0x2c bytes), align: 2
  Segment part 207. ROOT.
    -------------------------------------------------------------------------
CONFIG_C
  Relative segment, address: CODE_AREA 00009134 - 0000915F (0x2c bytes), align: 2
  Segment part 208. ROOT.
    -------------------------------------------------------------------------
CONFIG_C
  Relative segment, address: CODE_AREA 00009160 - 0000918B (0x2c bytes), align: 2
  Segment part 209. ROOT.
    -------------------------------------------------------------------------
CONFIG_C
  Relative segment, address: CODE_AREA 0000918C - 0000918F (0x4 bytes), align: 2
  Segment part 210. ROOT.
           ENTRY                   ADDRESS         REF BY
           =====                   =======         ======
           cfg_place_enable7       0000918C        Segment part 25 (main)
    -------------------------------------------------------------------------
CONFIG_C
  Relative segment, address: CODE_AREA 00009190 - 000091BB (0x2c bytes), align: 2
  Segment part 211. ROOT.
    -------------------------------------------------------------------------
CONFIG_C
  Relative segment, address: CODE_AREA 000091BC - 000092BB (0x100 bytes), align: 2
  Segment part 212. ROOT.
           ENTRY                   ADDRESS         REF BY
           =====                   =======         ======
           cfg_place_name7         000091BC        Segment part 25 (main)
    -------------------------------------------------------------------------
CONFIG_C
  Relative segment, address: CODE_AREA 000092BC - 000092E7 (0x2c bytes), align: 2
  Segment part 213. ROOT.
    -------------------------------------------------------------------------
CONFIG_C
  Relative segment, address: CODE_AREA 000092E8 - 000092EB (0x4 bytes), align: 2
  Segment part 214. ROOT.
           ENTRY                   ADDRESS         REF BY
           =====                   =======         ======
           cfg_place_profile7      000092E8        Segment part 25 (main)
    -------------------------------------------------------------------------
CONFIG_C
  Relative segment, address: CODE_AREA 000092EC - 000093EB (0x100 bytes), align: 2
  Segment part 215. ROOT.
    -------------------------------------------------------------------------
CONFIG_C
  Relative segment, address: CODE_AREA 000093EC - 00009417 (0x2c bytes), align: 2
  Segment part 216. ROOT.
    -------------------------------------------------------------------------
CONFIG_C
  Relative segment, address: CODE_AREA 00009418 - 0000941B (0x4 bytes), align: 2
  Segment part 217. ROOT.
           ENTRY                   ADDRESS         REF BY
           =====                   =======         ======
           cfg_place_vibrate7      00009418        Segment part 25 (main)
    -------------------------------------------------------------------------
CONFIG_C
  Relative segment, address: CODE_AREA 0000941C - 0000949B (0x80 bytes), align: 2
  Segment part 218. ROOT.
    -------------------------------------------------------------------------
CONFIG_C
  Relative segment, address: CODE_AREA 0000949C - 000094C7 (0x2c bytes), align: 2
  Segment part 219. ROOT.
    -------------------------------------------------------------------------
CONFIG_C
  Relative segment, address: CODE_AREA 000094C8 - 000094F3 (0x2c bytes), align: 2
  Segment part 220. ROOT.
    -------------------------------------------------------------------------
CONFIG_C
  Relative segment, address: CODE_AREA 000094F4 - 000094F7 (0x4 bytes), align: 2
  Segment part 221. ROOT.
           ENTRY                   ADDRESS         REF BY
           =====                   =======         ======
           cfg_place_sound_enable7
                                   000094F4        Segment part 25 (main)
    -------------------------------------------------------------------------
CONFIG_C
  Relative segment, address: CODE_AREA 000094F8 - 00009523 (0x2c bytes), align: 2
  Segment part 222. ROOT.
    -------------------------------------------------------------------------
CONFIG_C
  Relative segment, address: CODE_AREA 00009524 - 00009723 (0x200 bytes), align: 2
  Segment part 223. ROOT.
           ENTRY                   ADDRESS         REF BY
           =====                   =======         ======
           cfg_sound_file7         00009524        Segment part 25 (main)
    -------------------------------------------------------------------------
CONFIG_C
  Relative segment, address: CODE_AREA 00009724 - 0000974F (0x2c bytes), align: 2
  Segment part 224. ROOT.
    -------------------------------------------------------------------------
CONFIG_C
  Relative segment, address: CODE_AREA 00009750 - 0000977B (0x2c bytes), align: 2
  Segment part 225. ROOT.
    -------------------------------------------------------------------------
CONFIG_C
  Relative segment, address: CODE_AREA 0000977C - 000097A7 (0x2c bytes), align: 2
  Segment part 226. ROOT.
    -------------------------------------------------------------------------
CONFIG_C
  Relative segment, address: CODE_AREA 000097A8 - 000097D3 (0x2c bytes), align: 2
  Segment part 227. ROOT.
    -------------------------------------------------------------------------
CONFIG_C
  Relative segment, address: CODE_AREA 000097D4 - 000097D7 (0x4 bytes), align: 2
  Segment part 228. ROOT.
           ENTRY                   ADDRESS         REF BY
           =====                   =======         ======
           cfg_place_enable8       000097D4        Segment part 25 (main)
    -------------------------------------------------------------------------
CONFIG_C
  Relative segment, address: CODE_AREA 000097D8 - 00009803 (0x2c bytes), align: 2
  Segment part 229. ROOT.
    -------------------------------------------------------------------------
CONFIG_C
  Relative segment, address: CODE_AREA 00009804 - 00009903 (0x100 bytes), align: 2
  Segment part 230. ROOT.
           ENTRY                   ADDRESS         REF BY
           =====                   =======         ======
           cfg_place_name8         00009804        Segment part 25 (main)
    -------------------------------------------------------------------------
CONFIG_C
  Relative segment, address: CODE_AREA 00009904 - 0000992F (0x2c bytes), align: 2
  Segment part 231. ROOT.
    -------------------------------------------------------------------------
CONFIG_C
  Relative segment, address: CODE_AREA 00009930 - 00009933 (0x4 bytes), align: 2
  Segment part 232. ROOT.
           ENTRY                   ADDRESS         REF BY
           =====                   =======         ======
           cfg_place_profile8      00009930        Segment part 25 (main)
    -------------------------------------------------------------------------
CONFIG_C
  Relative segment, address: CODE_AREA 00009934 - 00009A33 (0x100 bytes), align: 2
  Segment part 233. ROOT.
    -------------------------------------------------------------------------
CONFIG_C
  Relative segment, address: CODE_AREA 00009A34 - 00009A5F (0x2c bytes), align: 2
  Segment part 234. ROOT.
    -------------------------------------------------------------------------
CONFIG_C
  Relative segment, address: CODE_AREA 00009A60 - 00009A63 (0x4 bytes), align: 2
  Segment part 235. ROOT.
           ENTRY                   ADDRESS         REF BY
           =====                   =======         ======
           cfg_place_vibrate8      00009A60        Segment part 25 (main)
    -------------------------------------------------------------------------
CONFIG_C
  Relative segment, address: CODE_AREA 00009A64 - 00009AE3 (0x80 bytes), align: 2
  Segment part 236. ROOT.
    -------------------------------------------------------------------------
CONFIG_C
  Relative segment, address: CODE_AREA 00009AE4 - 00009B0F (0x2c bytes), align: 2
  Segment part 237. ROOT.
    -------------------------------------------------------------------------
CONFIG_C
  Relative segment, address: CODE_AREA 00009B10 - 00009B3B (0x2c bytes), align: 2
  Segment part 238. ROOT.
    -------------------------------------------------------------------------
CONFIG_C
  Relative segment, address: CODE_AREA 00009B3C - 00009B3F (0x4 bytes), align: 2
  Segment part 239. ROOT.
           ENTRY                   ADDRESS         REF BY
           =====                   =======         ======
           cfg_place_sound_enable8
                                   00009B3C        Segment part 25 (main)
    -------------------------------------------------------------------------
CONFIG_C
  Relative segment, address: CODE_AREA 00009B40 - 00009B6B (0x2c bytes), align: 2
  Segment part 240. ROOT.
    -------------------------------------------------------------------------
CONFIG_C
  Relative segment, address: CODE_AREA 00009B6C - 00009D6B (0x200 bytes), align: 2
  Segment part 241. ROOT.
           ENTRY                   ADDRESS         REF BY
           =====                   =======         ======
           cfg_sound_file8         00009B6C        Segment part 25 (main)
    -------------------------------------------------------------------------
CONFIG_C
  Relative segment, address: CODE_AREA 00009D6C - 00009D97 (0x2c bytes), align: 2
  Segment part 242. ROOT.
    -------------------------------------------------------------------------
CONFIG_C
  Relative segment, address: CODE_AREA 00009D98 - 00009DC3 (0x2c bytes), align: 2
  Segment part 243. ROOT.
    -------------------------------------------------------------------------
CONFIG_C
  Relative segment, address: CODE_AREA 00009DC4 - 00009DEF (0x2c bytes), align: 2
  Segment part 244. ROOT.
    -------------------------------------------------------------------------
CONFIG_C
  Relative segment, address: CODE_AREA 00009DF0 - 00009E1B (0x2c bytes), align: 2
  Segment part 245. ROOT.
    -------------------------------------------------------------------------
CONFIG_C
  Relative segment, address: CODE_AREA 00009E1C - 00009E1F (0x4 bytes), align: 2
  Segment part 246. ROOT.
           ENTRY                   ADDRESS         REF BY
           =====                   =======         ======
           cfg_place_enable9       00009E1C        Segment part 25 (main)
    -------------------------------------------------------------------------
CONFIG_C
  Relative segment, address: CODE_AREA 00009E20 - 00009E4B (0x2c bytes), align: 2
  Segment part 247. ROOT.
    -------------------------------------------------------------------------
CONFIG_C
  Relative segment, address: CODE_AREA 00009E4C - 00009F4B (0x100 bytes), align: 2
  Segment part 248. ROOT.
           ENTRY                   ADDRESS         REF BY
           =====                   =======         ======
           cfg_place_name9         00009E4C        Segment part 25 (main)
    -------------------------------------------------------------------------
CONFIG_C
  Relative segment, address: CODE_AREA 00009F4C - 00009F77 (0x2c bytes), align: 2
  Segment part 249. ROOT.
    -------------------------------------------------------------------------
CONFIG_C
  Relative segment, address: CODE_AREA 00009F78 - 00009F7B (0x4 bytes), align: 2
  Segment part 250. ROOT.
           ENTRY                   ADDRESS         REF BY
           =====                   =======         ======
           cfg_place_profile9      00009F78        Segment part 25 (main)
    -------------------------------------------------------------------------
CONFIG_C
  Relative segment, address: CODE_AREA 00009F7C - 0000A07B (0x100 bytes), align: 2
  Segment part 251. ROOT.
    -------------------------------------------------------------------------
CONFIG_C
  Relative segment, address: CODE_AREA 0000A07C - 0000A0A7 (0x2c bytes), align: 2
  Segment part 252. ROOT.
    -------------------------------------------------------------------------
CONFIG_C
  Relative segment, address: CODE_AREA 0000A0A8 - 0000A0AB (0x4 bytes), align: 2
  Segment part 253. ROOT.
           ENTRY                   ADDRESS         REF BY
           =====                   =======         ======
           cfg_place_vibrate9      0000A0A8        Segment part 25 (main)
    -------------------------------------------------------------------------
CONFIG_C
  Relative segment, address: CODE_AREA 0000A0AC - 0000A12B (0x80 bytes), align: 2
  Segment part 254. ROOT.
    -------------------------------------------------------------------------
CONFIG_C
  Relative segment, address: CODE_AREA 0000A12C - 0000A157 (0x2c bytes), align: 2
  Segment part 255. ROOT.
    -------------------------------------------------------------------------
CONFIG_C
  Relative segment, address: CODE_AREA 0000A158 - 0000A183 (0x2c bytes), align: 2
  Segment part 256. ROOT.
    -------------------------------------------------------------------------
CONFIG_C
  Relative segment, address: CODE_AREA 0000A184 - 0000A187 (0x4 bytes), align: 2
  Segment part 257. ROOT.
           ENTRY                   ADDRESS         REF BY
           =====                   =======         ======
           cfg_place_sound_enable9
                                   0000A184        Segment part 25 (main)
    -------------------------------------------------------------------------
CONFIG_C
  Relative segment, address: CODE_AREA 0000A188 - 0000A1B3 (0x2c bytes), align: 2
  Segment part 258. ROOT.
    -------------------------------------------------------------------------
CONFIG_C
  Relative segment, address: CODE_AREA 0000A1B4 - 0000A3B3 (0x200 bytes), align: 2
  Segment part 259. ROOT.
           ENTRY                   ADDRESS         REF BY
           =====                   =======         ======
           cfg_sound_file9         0000A1B4        Segment part 25 (main)
[...]
               stack 1 = 00000000 ( 00000004 )
    -------------------------------------------------------------------------
CODE
  Relative segment, address: CODE_AREA 00003F70 - 0000409F (0x130 bytes), align: 2
  Segment part 14.            Intra module refs:   MenuOnEnter(BOOK *, GUI *)
           ENTRY                   ADDRESS         REF BY
           =====                   =======         ======
           CreateAutoLacationInput()
                                   00003F70 
               stack 1 = 00000000 ( 00000050 )
    -------------------------------------------------------------------------
CODE
  Relative segment, address: CODE_AREA 000040A0 - 000040A3 (0x4 bytes), align: 2
  Segment part 15.            Intra module refs:   AutoOKPressed(BOOK *, wchar_t *, int)
                                                   CreateAutoLacationInput()
    -------------------------------------------------------------------------
CODE
  Relative segment, address: CODE_AREA 000040A4 - 000041A3 (0x100 bytes), align: 2
  Segment part 17.            Intra module refs:   CreateMenu(MyBOOK *)
           ENTRY                   ADDRESS         REF BY
           =====                   =======         ======
           menu_callback(GUI_MESSAGE *)
                                   000040A4 
               stack 1 = 00000000 ( 0000000C )
    -------------------------------------------------------------------------
CODE
  Relative segment, address: CODE_AREA 000041A4 - 000041B7 (0x14 bytes), align: 2
  Segment part 19.            Intra module refs:   CreateMenu(MyBOOK *)
           ENTRY                   ADDRESS         REF BY
           =====                   =======         ======
           MenuOnBack(BOOK *, GUI *)
                                   000041A4 
               stack 1 = 00000000 ( 00000004 )
    -------------------------------------------------------------------------
CODE
  Relative segment, address: CODE_AREA 000041B8 - 000042B7 (0x100 bytes), align: 2
  Segment part 21.            Intra module refs:   CreateMenu(MyBOOK *)
                                                   MenuOnKey(DISP_OBJ *, int, int, int, int)
           ENTRY                   ADDRESS         REF BY
           =====                   =======         ======
           MenuOnEnter(BOOK *, GUI *)
                                   000041B8 
               stack 1 = 00000000 ( 00000014 )
    -------------------------------------------------------------------------
CODE
  Relative segment, address: CODE_AREA 000042B8 - 000042BB (0x4 bytes), align: 2
  Segment part 22.            Intra module refs:   AutoOKPressed(BOOK *, wchar_t *, int)
                                                   MenuOnEnter(BOOK *, GUI *)
                                                   menu_callback(GUI_MESSAGE *)
    -------------------------------------------------------------------------
CODE
  Relative segment, address: CODE_AREA 000042BC - 000042BF (0x4 bytes), align: 2
  Segment part 23.            Intra module refs:   AutoBackPressed(BOOK *, u16 *, int)
                                                   AutoOKPressed(BOOK *, wchar_t *, int)
                                                   MenuOnBack(BOOK *, GUI *)
                                                   MenuOnEnter(BOOK *, GUI *)
    -------------------------------------------------------------------------
CODE
  Relative segment, address: CODE_AREA 000042C0 - 00004397 (0xd8 bytes), align: 2
  Segment part 25.            Intra module refs:   CreateMenu(MyBOOK *)
           ENTRY                   ADDRESS         REF BY
           =====                   =======         ======
           MenuOnKey(DISP_OBJ *, int, int, int, int)
                                   000042C0 
               stack 1 = 00000000 ( 00000020 )
    -------------------------------------------------------------------------
CODE
  Relative segment, address: CODE_AREA 00004398 - 0000439B (0x4 bytes), align: 2
  Segment part 26.            Intra module refs:   CreateAutoLacationInput()
                                                   MenuOnKey(DISP_OBJ *, int, int, int, int)
    -------------------------------------------------------------------------
CODE
  Relative segment, address: CODE_AREA 0000439C - 000044A7 (0x10c bytes), align: 2
  Segment part 28.            Intra module refs:   MenuPageOnEnter(void *, BOOK *)
           ENTRY                   ADDRESS         REF BY
           =====                   =======         ======
           CreateMenu(MyBOOK *)    0000439C 
               stack 1 = 00000000 ( 0000000C )
    -------------------------------------------------------------------------
CODE
  Relative segment, address: CODE_AREA 000044A8 - 000044BB (0x14 bytes), align: 2
  Segment part 30.            Intra module refs:   Segment part 7
    -------------------------------------------------------------------------
CODE
  Relative segment, address: CODE_AREA 000044BC - 00004507 (0x4c bytes), align: 2
  Segment part 32.            Intra module refs:   Segment part 7
    -------------------------------------------------------------------------
DYN_PAGE
  Relative segment, address: CODE_AREA 0000DB9C - 0000DBB3 (0x18 bytes), align: 2
  Segment part 7.             Intra module refs:   Segment part 8
    -------------------------------------------------------------------------
DATA_C
  Relative segment, address: CODE_AREA 00004F1C - 00004F2F (0x14 bytes), align: 2
  Segment part 2.             Intra module refs:   Segment part 8
    -------------------------------------------------------------------------
DATA_C
  Relative segment, address: CODE_AREA 00004F30 - 00004F53 (0x24 bytes), align: 2
  Segment part 3.             Intra module refs:   CreateAutoLacationInput()
    -------------------------------------------------------------------------
DATA_C
  Relative segment, address: CODE_AREA 00004F54 - 0000502F (0xdc bytes), align: 2
  Segment part 4.             Intra module refs:   menu_callback(GUI_MESSAGE *)
    -------------------------------------------------------------------------
DATA_C
  Relative segment, address: CODE_AREA 00005030 - 0000505F (0x30 bytes), align: 2
  Segment part 5.             Intra module refs:   MenuOnEnter(BOOK *, GUI *)
    -------------------------------------------------------------------------
DATA_C
  Relative segment, address: CODE_AREA 00005060 - 0000506F (0x10 bytes), align: 2
  Segment part 6.             Intra module refs:   CreateMenu(MyBOOK *)
    -------------------------------------------------------------------------
DATA_C
  Relative segment, address: CODE_AREA 00005070 - 0000507B (0xc bytes), align: 2
  Segment part 8.             Intra module refs:   ShowMenu(BOOK *)
    -------------------------------------------------------------------------
CODE
  Relative segment, address: CODE_AREA 00004508 - 0000451B (0x14 bytes), align: 2
  Segment part 34.
           ENTRY                   ADDRESS         REF BY
           =====                   =======         ======
           ShowMenu(BOOK *)        00004508        NewKey(int, int, int, LPARAM, DISP_OBJ *) (main)
               stack 1 = 00000000 ( 00000004 )

    *************************************************************************

  FILE NAME : Z:\home\perk11\www\perk11.info\svn\SE\MiniGPS\Release_EN\Obj\utils.r79
  PROGRAM MODULE, NAME : utils

  SEGMENTS IN THE MODULE
  ======================
DATA_I
  Relative segment, address: DATA_AREA 0000171C - 00001763 (0x48 bytes), align: 2
  Segment part 12.            Intra module refs:   Segment part 22
           ENTRY                   ADDRESS         REF BY
           =====                   =======         ======
           cfgmacro                0000171C 
    -------------------------------------------------------------------------
CODE
  Relative segment, address: CODE_AREA 0000451C - 00004587 (0x6c bytes), align: 2
  Segment part 15.            Intra module refs:   extractdir(wchar_t *, wchar_t *, wchar_t const *)
           ENTRY                   ADDRESS         REF BY
           =====                   =======         ======
           splitfilename(wchar_t const *, wchar_t *, wchar_t *)
                                   0000451C 
               stack 1 = 00000000 ( 00000018 )
    -------------------------------------------------------------------------
CODE
  Relative segment, address: CODE_AREA 00004588 - 0000468F (0x108 bytes), align: 2
  Segment part 17.
           ENTRY                   ADDRESS         REF BY
           =====                   =======         ======
           extractdir(wchar_t *, wchar_t *, wchar_t const *)
                                   00004588        InitVar() (main)
                                                   onBcfgConfig(void *, BOOK *) (main)
                                                   onTimerNewAction(u16, LPARAM) (main)
               stack 1 = 00000000 ( 00000258 )
    -------------------------------------------------------------------------
CODE
  Relative segment, address: CODE_AREA 00004690 - 00004783 (0xf4 bytes), align: 2
  Segment part 19.
           ENTRY                   ADDRESS         REF BY
           =====                   =======         ======
           getdir(wchar_t *, wchar_t const *)
                                   00004690        AddTo_db() (main)
                                                   InitVar() (main)
                                                   UpdateLocationImage() (main)
                                                   load_db_file() (main)
                                                   load_encode_file() (main)
               stack 1 = 00000000 ( 00000054 )
    -------------------------------------------------------------------------
CODE
  Relative segment, address: CODE_AREA 00004784 - 00004787 (0x4 bytes), align: 2
  Segment part 20.            Intra module refs:   extractdir(wchar_t *, wchar_t *, wchar_t const *)
                                                   getdir(wchar_t *, wchar_t const *)
    -------------------------------------------------------------------------
CODE
  Relative segment, address: CODE_AREA 00004788 - 0000478B (0x4 bytes), align: 2
  Segment part 21.            Intra module refs:   extractdir(wchar_t *, wchar_t *, wchar_t const *)
                                                   getdir(wchar_t *, wchar_t const *)
    -------------------------------------------------------------------------
CODE
  Relative segment, address: CODE_AREA 0000478C - 0000478F (0x4 bytes), align: 2
  Segment part 22.            Intra module refs:   extractdir(wchar_t *, wchar_t *, wchar_t const *)
                                                   getdir(wchar_t *, wchar_t const *)
    -------------------------------------------------------------------------
DATA_ID
  Relative segment, address: CODE_AREA 0000171C - 00001763 (0x48 bytes), align: 2
  Segment part 13.            Intra module refs:   cfgmacro
    -------------------------------------------------------------------------
DATA_C
  Relative segment, address: CODE_AREA 0000507C - 00005087 (0xc bytes), align: 2
  Segment part 2.             Intra module refs:   Segment part 13
    -------------------------------------------------------------------------
DATA_C
  Relative segment, address: CODE_AREA 00005088 - 00005093 (0xc bytes), align: 2
  Segment part 3.             Intra module refs:   Segment part 13
    -------------------------------------------------------------------------
DATA_C
  Relative segment, address: CODE_AREA 00005094 - 0000509F (0xc bytes), align: 2
  Segment part 4.             Intra module refs:   Segment part 13
    -------------------------------------------------------------------------
DATA_C
  Relative segment, address: CODE_AREA 000050A0 - 000050AB (0xc bytes), align: 2
  Segment part 5.             Intra module refs:   Segment part 13
    -------------------------------------------------------------------------
DATA_C
  Relative segment, address: CODE_AREA 000050AC - 000050B7 (0xc bytes), align: 2
  Segment part 6.             Intra module refs:   Segment part 13
    -------------------------------------------------------------------------
DATA_C
  Relative segment, address: CODE_AREA 000050B8 - 000050C3 (0xc bytes), align: 2
  Segment part 7.             Intra module refs:   Segment part 13
    -------------------------------------------------------------------------
DATA_C
  Relative segment, address: CODE_AREA 000050C4 - 000050DF (0x1c bytes), align: 2
  Segment part 8.             Intra module refs:   Segment part 13
    -------------------------------------------------------------------------
DATA_C
  Relative segment, address: CODE_AREA 000050E0 - 000050F7 (0x18 bytes), align: 2
  Segment part 9.             Intra module refs:   Segment part 13
    -------------------------------------------------------------------------
DATA_C
  Relative segment, address: CODE_AREA 000050F8 - 000050FF (0x8 bytes), align: 2
  Segment part 10.            Intra module refs:   Segment part 13
    -------------------------------------------------------------------------
DATA_C
  Relative segment, address: CODE_AREA 00005100 - 0000512F (0x30 bytes), align: 2
  Segment part 11.            Intra module refs:   Segment part 20
                                                   Segment part 21

    *************************************************************************

  FILE NAME : Z:\home\perk11\IAR2\arm\LIB\dl5tpainl8n.r79
  LIBRARY MODULE, NAME : ?errno

  SEGMENTS IN THE MODULE
  ======================
DATA_Z
  Relative segment, address: CODE_AREA 000051BC - 000051C3 (0x8 bytes), align: 2
  Segment part 2.             Intra module refs:   _Geterrno
           ENTRY                   ADDRESS         REF BY
           =====                   =======         ======
           _Errno                  000051C0 
           _Tls_setup__Errno       000051BC 
    -------------------------------------------------------------------------
CODE
  Relative segment, address: CODE_AREA 00004790 - 000047B3 (0x24 bytes), align: 2
  Segment part 4.
           ENTRY                   ADDRESS         REF BY
           =====                   =======         ======
           _Geterrno               00004790        _WStoul (?xwstoul)
               stack 1 = 00000000 ( 00000008 )

    -------------------------------------------------------------------------
  LIBRARY MODULE, NAME : ?wcstoul

  SEGMENTS IN THE MODULE
  ======================
CODE
  Relative segment, address: CODE_AREA 000047B4 - 000047C3 (0x10 bytes), align: 2
  Segment part 3.
           ENTRY                   ADDRESS         REF BY
           =====                   =======         ======
           wcstoul                 000047B4        InitVar() (main)
               stack 1 = 00000000 ( 00000008 )

    -------------------------------------------------------------------------
  LIBRARY MODULE, NAME : ?wmemchr

  SEGMENTS IN THE MODULE
  ======================
CODE
  Relative segment, address: CODE_AREA 000047C4 - 000047EF (0x2c bytes), align: 2
  Segment part 5.
           ENTRY                   ADDRESS         REF BY
           =====                   =======         ======
           _Wmemchr                000047C4        _WStoul (?xwstoul)

    -------------------------------------------------------------------------
  LIBRARY MODULE, NAME : ?xwstoul

  SEGMENTS IN THE MODULE
  ======================
DATA_C
  Relative segment, address: CODE_AREA 00005130 - 0000519F (0x70 bytes), align: 2
  Segment part 2.             Intra module refs:   _WStoul
    -------------------------------------------------------------------------
CODE
  Relative segment, address: CODE_AREA 000047F0 - 000049A7 (0x1b8 bytes), align: 2
  Segment part 4.
           ENTRY                   ADDRESS         REF BY
           =====                   =======         ======
           _WStoul                 000047F0        wcstoul (?wcstoul)
               stack 1 = 00000000 ( 00000030 )

    -------------------------------------------------------------------------
  LIBRARY MODULE, NAME : ?xlocale_c

  SEGMENTS IN THE MODULE
  ======================
CODE
  Relative segment, address: CODE_AREA 000049A8 - 000049CB (0x24 bytes), align: 2
  Segment part 39.
           ENTRY                   ADDRESS         REF BY
           =====                   =======         ======
           _LocaleC_towlower       000049A8        _WStoul (?xwstoul)
    -------------------------------------------------------------------------
CODE
  Relative segment, address: CODE_AREA 000049CC - 000049FB (0x30 bytes), align: 2
  Segment part 51.
           ENTRY                   ADDRESS         REF BY
           =====                   =======         ======
           _LocaleC_iswspace       000049CC        _WStoul (?xwstoul)

    -------------------------------------------------------------------------
  LIBRARY MODULE, NAME : ?div_module

  SEGMENTS IN THE MODULE
  ======================
CODE
  Relative segment, address: CODE_AREA 000049FC - 00004A07 (0xc bytes), align: 2
  Segment part 5.
           ENTRY                   ADDRESS         REF BY
           =====                   =======         ======
           ??divu32_a              000049FC        _WStoul (?xwstoul)
    -------------------------------------------------------------------------
CODE
  Relative segment, address: CODE_AREA 00004A08 - 00004A1F (0x18 bytes), align: 2
  Segment part 11.
           ENTRY                   ADDRESS         REF BY
           =====                   =======         ======
           ??div32_a               00004A08        GetLocationImage(wchar_t *, wchar_t *) (main)
    -------------------------------------------------------------------------
CODE
  Relative segment, address: CODE_AREA 00004A20 - 00004AF7 (0xd8 bytes), align: 2
  Segment part 12.            Intra module refs:   ??div32_a
                                                   ??divu32_a




                ****************************************
                *                                      *
                *      SEGMENTS IN ADDRESS ORDER       *
                *                                      *
                ****************************************


SEGMENT              SPACE    START ADDRESS   END ADDRESS     SIZE  TYPE  ALIGN
=======              =====    =============   ===========     ====  ====  =====
ELFBEGIN             CODE_AREA           00000000                     rel    0
DATA_ID              CODE_AREA      00000000 - 00001763        1764   rel    2
START                CODE_AREA           00001764                     dse    0
CODE                 CODE_AREA      00001764 - 00004AF7        3394   rel    2
DATA_C               CODE_AREA      00004AF8 - 000051A1         6AA   rel    2
INITTAB              CODE_AREA      000051A4 - 000051BB          18   rel    2
DATA_Z               CODE_AREA      000051BC - 000051C3           8   rel    2
DATA_N               CODE_AREA           000051C4                     dse    0
CONFIG_C             CODE_AREA      000051C4 - 0000DB13        8950   rel    2
DYN_CONST            CODE_AREA      0000DB14 - 0000DB5F          4C   rel    2
DYN_CONST_DESC       CODE_AREA      0000DB60 - 0000DB63           4   rel    2
DYN_PAGE             CODE_AREA      0000DB64 - 0000DBB3          50   rel    2
DYN_PAGE_DESC        CODE_AREA      0000DBB4 - 0000DBB7           4   rel    2
DATA_I               DATA_AREA      00000000 - 00001763        1764   rel    2

                ****************************************
                *                                      *
                *        END OF CROSS REFERENCE        *
                *                                      *
                ****************************************

 56 246 bytes of CODE memory
  5 988 bytes of DATA memory

Errors: none
Warnings: none

