################################################################################
#                                                                              #
#      IAR Universal Linker V4.60I/386                                         #
#                                                                              #
#           Link time     =  10/Jun/2013  23:04:44                             #
#           Target CPU    =  ARM                                               #
#           List file     =  "Z:\home\perk11\www\perk11.info\svn\SE\RedLED_Bli #
#                            nk\Release\List\Blinked RED.map"                  #
#           Output file 1 =  "Z:\home\perk11\www\perk11.info\svn\SE\RedLED_Bli #
#                            nk\Release\Exe\Blinked RED.elf"                   #
#                            Format: elf, variant: -ynpra                      #
#           Command line  =  Z:\home\perk11\www\perk11.info\svn\SE\RedLED_Blin #
#                            k\Release\Obj\_cpp2.r79                           #
#                            Z:\home\perk11\www\perk11.info\svn\SE\RedLED_Blin #
#                            k\Release\Obj\conf_loader.r79                     #
#                            Z:\home\perk11\www\perk11.info\svn\SE\RedLED_Blin #
#                            k\Release\Obj\config_data.r79                     #
#                            Z:\home\perk11\www\perk11.info\svn\SE\RedLED_Blin #
#                            k\Release\Obj\func.r79                            #
#                            Z:\home\perk11\www\perk11.info\svn\SE\RedLED_Blin #
#                            k\Release\Obj\main.r79                            #
#                            -o                                                #
#                            "Z:\home\perk11\www\perk11.info\svn\SE\RedLED_Bli #
#                            nk\Release\Exe\Blinked RED.elf"                   #
#                            -Felf -l                                          #
#                            "Z:\home\perk11\www\perk11.info\svn\SE\RedLED_Bli #
#                            nk\Release\List\Blinked RED.map"                  #
#                            -xms -f                                           #
#                            Z:\home\perk11\www\perk11.info\svn\SE\RedLED_Blin #
#                            k\..\include\1.xcl                                #
#                            (-carm -ynpra -V(CODE)CODE_AREA,12                #
#                            -V(DATA)DATA_AREA,12                              #
#                            -Z(CODE_AREA)ELFBEGIN,DATA_ID,START,CODE,DATA_C,I #
#                            NITTAB,DATA_Z,DATA_N,CONFIG_C,DYN_CONST,DYN_CONST #
#                            _DESC,DYN_PAGE,DYN_PAGE_DESC=0-FFFFFFFF           #
#                            -Z(DATA_AREA)DATA_I=0-FFFFFFFF) -n                #
#                            Z:\home\perk11\IAR2\arm\LIB\dl5tpainl8n.r79 -s    #
#                            main                                              #
#                                                                              #
#                        Copyright 1987-2007 IAR Systems. All rights reserved. #
################################################################################





                ****************************************
                *                                      *
                *           CROSS REFERENCE            *
                *                                      *
                ****************************************

       Program entry at : CODE_AREA 00000448  Relocatable, from module : main




                ****************************************
                *                                      *
                *            RUNTIME MODEL             *
                *                                      *
                ****************************************

  ARMv4M                 = USED
  ARMv4T                 = USED
  ARMv5T                 = USED
  StackAlign4            = USED
  __cpu_mode             = __pcs__interwork
  __data_model           = absolute
  __dlib_file_descriptor = 1
  __endian               = little
  __rt_version           = 6



                ****************************************
                *                                      *
                *              MODULE MAP              *
                *                                      *
                ****************************************


  DEFINED ABSOLUTE ENTRIES
    *************************************************************************

  DEFINED ABSOLUTE ENTRIES
    *************************************************************************

  FILE NAME : Z:\home\perk11\www\perk11.info\svn\SE\RedLED_Blink\Release\Obj\_cpp2.r79
  PROGRAM MODULE, NAME : _cpp2

  SEGMENTS IN THE MODULE
  ======================
CODE
  Relative segment, address: CODE_AREA 00000014 - 0000001F (0xc bytes), align: 2
  Segment part 5.
           ENTRY                   ADDRESS         REF BY
           =====                   =======         ======
           operator new[](size_t)
                                   00000014        LoadConfigData(wchar_t const *, wchar_t const *) (conf_loader)
               stack 1 = 00000000 ( 00000004 )
    -------------------------------------------------------------------------
CODE
  Relative segment, address: CODE_AREA 00000020 - 0000002B (0xc bytes), align: 2
  Segment part 7.
           ENTRY                   ADDRESS         REF BY
           =====                   =======         ======
           operator delete(void *)
                                   00000020        LoadConfigData(wchar_t const *, wchar_t const *) (conf_loader)
               stack 1 = 00000000 ( 00000004 )

    *************************************************************************

  FILE NAME : Z:\home\perk11\www\perk11.info\svn\SE\RedLED_Blink\Release\Obj\conf_loader.r79
  PROGRAM MODULE, NAME : conf_loader

  SEGMENTS IN THE MODULE
  ======================
DATA_I
  Relative segment, address: DATA_AREA 00000000 - 00000007 (0x8 bytes), align: 2
  Segment part 4.             Intra module refs:   LoadConfigData(wchar_t const *, wchar_t const *)
           ENTRY                   ADDRESS         REF BY
           =====                   =======         ======
           successed_config_name   00000004        ReconfigElf(void *, BOOK *) (main)
           successed_config_path   00000000        ReconfigElf(void *, BOOK *) (main)
    -------------------------------------------------------------------------
CODE
  Relative segment, address: CODE_AREA 0000002C - 0000014F (0x124 bytes), align: 2
  Segment part 7.             Intra module refs:   InitConfig()
           ENTRY                   ADDRESS         REF BY
           =====                   =======         ======
           LoadConfigData(wchar_t const *, wchar_t const *)
                                   0000002C 
               stack 1 = 00000000 ( 00000044 )
    -------------------------------------------------------------------------
CODE
  Relative segment, address: CODE_AREA 00000150 - 00000187 (0x38 bytes), align: 2
  Segment part 9.
           ENTRY                   ADDRESS         REF BY
           =====                   =======         ======
           InitConfig()            00000150        ReconfigElf(void *, BOOK *) (main)
                                                   main (main)
               stack 1 = 00000000 ( 00000008 )
    -------------------------------------------------------------------------
DATA_ID
  Relative segment, address: CODE_AREA 00000000 - 00000007 (0x8 bytes), align: 2
  Segment part 5.             Intra module refs:   Segment part 4
    -------------------------------------------------------------------------
INITTAB
  Relative segment, address: CODE_AREA 00000574 - 0000057F (0xc bytes), align: 2
  Segment part 13. ROOT.
           ENTRY                   ADDRESS         REF BY
           =====                   =======         ======
           ?init?tab?DATA_I        00000574 
    -------------------------------------------------------------------------
DATA_C
  Relative segment, address: CODE_AREA 00000570 - 00000571 (0x2 bytes), align: 1
  Segment part 2.             Intra module refs:   Segment part 5
    -------------------------------------------------------------------------
DATA_C
  Relative segment, address: CODE_AREA 000004CC - 000004EF (0x24 bytes), align: 2
  Segment part 3.             Intra module refs:   InitConfig()

    *************************************************************************

  FILE NAME : Z:\home\perk11\www\perk11.info\svn\SE\RedLED_Blink\Release\Obj\config_data.r79
  PROGRAM MODULE, NAME : config_data

  SEGMENTS IN THE MODULE
  ======================
CONFIG_C
  Relative segment, address: CODE_AREA 00000580 - 000005AB (0x2c bytes), align: 2
  Segment part 2. ROOT.
    -------------------------------------------------------------------------
CONFIG_C
  Relative segment, address: CODE_AREA 000005AC - 000005AF (0x4 bytes), align: 2
  Segment part 3. ROOT.
           ENTRY                   ADDRESS         REF BY
           =====                   =======         ======
           OnTime                  000005AC        BeginTimer(u16, RL_Book *) (main)
    -------------------------------------------------------------------------
CONFIG_C
  Relative segment, address: CODE_AREA 000005B0 - 000005DB (0x2c bytes), align: 2
  Segment part 4. ROOT.
    -------------------------------------------------------------------------
CONFIG_C
  Relative segment, address: CODE_AREA 000005DC - 000005DF (0x4 bytes), align: 2
  Segment part 5. ROOT.
           ENTRY                   ADDRESS         REF BY
           =====                   =======         ======
           OffTime                 000005DC        onTimer(u16, RL_Book *) (main)

    *************************************************************************

  FILE NAME : Z:\home\perk11\www\perk11.info\svn\SE\RedLED_Blink\Release\Obj\func.r79
  PROGRAM MODULE, NAME : func

  SEGMENTS IN THE MODULE
  ======================
ELFBEGIN
  Relative segment, address: CODE_AREA 00000000, align: 0
  Segment part 0. ROOT.
           ENTRY                   ADDRESS         REF BY
           =====                   =======         ======
           ELF_BEGIN               00000000        elf_exit() (main)
    -------------------------------------------------------------------------
CODE
  Relative segment, address: CODE_AREA 00000188 - 0000019F (0x18 bytes), align: 2
  Segment part 1. ROOT.
           ENTRY                   ADDRESS         REF BY
           =====                   =======         ======
           kill_data               00000188        elf_exit() (main)
           seqkill                 0000018C 
           ASYNC                   0000019C 
           SYNC                    00000198        BeginTimer(u16, RL_Book *) (main)
    -------------------------------------------------------------------------
DYN_CONST_DESC
  Relative segment, address: CODE_AREA 000005E0 - 000005E3 (0x4 bytes), align: 2
  Segment part 681. ROOT.
    -------------------------------------------------------------------------
DYN_PAGE
  Relative segment, address: CODE_AREA 000005E4, align: 2
  Segment part 682.
    -------------------------------------------------------------------------
DYN_PAGE_DESC
  Relative segment, address: CODE_AREA 00000614 - 00000617 (0x4 bytes), align: 2
  Segment part 683. ROOT.

    *************************************************************************

  FILE NAME : Z:\home\perk11\www\perk11.info\svn\SE\RedLED_Blink\Release\Obj\main.r79
  PROGRAM MODULE, NAME : main

  SEGMENTS IN THE MODULE
  ======================
CODE
  Relative segment, address: CODE_AREA 000001A0 - 000001A7 (0x8 bytes), align: 2
  Segment part 9.             Intra module refs:   BeginTimer(u16, RL_Book *)
                                                   onTimer(u16, RL_Book *)
           ENTRY                   ADDRESS         REF BY
           =====                   =======         ======
           LPARAM::LPARAM(void *)
                                   000001A0 
    -------------------------------------------------------------------------
CODE
  Relative segment, address: CODE_AREA 000001A8 - 000001AB (0x4 bytes), align: 2
  Segment part 10.            Intra module refs:   BeginTimer(u16, RL_Book *)
                                                   onTimer(u16, RL_Book *)
           ENTRY                   ADDRESS         REF BY
           =====                   =======         ======
           TIMERPROC MKTIMERPROC(void (__code __interwork __atpcs *)(u16, T *))[with T=RL_Book]
                                   000001A8 
    -------------------------------------------------------------------------
CODE
  Relative segment, address: CODE_AREA 000001AC - 000001BF (0x14 bytes), align: 2
  Segment part 12.            Intra module refs:   Segment part 6
           ENTRY                   ADDRESS         REF BY
           =====                   =======         ======
           TerminateElf(void *, BOOK *)
                                   000001AC 
               stack 1 = 00000000 ( 00000004 )
    -------------------------------------------------------------------------
CODE
  Relative segment, address: CODE_AREA 000001C0 - 00000213 (0x54 bytes), align: 2
  Segment part 14.            Intra module refs:   Segment part 6
           ENTRY                   ADDRESS         REF BY
           =====                   =======         ======
           ShowAuthorInfo(void *, BOOK *)
                                   000001C0 
               stack 1 = 00000000 ( 00000014 )
    -------------------------------------------------------------------------
CODE
  Relative segment, address: CODE_AREA 00000214 - 00000227 (0x14 bytes), align: 2
  Segment part 16.            Intra module refs:   Segment part 6
           ENTRY                   ADDRESS         REF BY
           =====                   =======         ======
           BeginTimer_event(void *, BOOK *)
                                   00000214 
               stack 1 = 00000000 ( 00000004 )
    -------------------------------------------------------------------------
CODE
  Relative segment, address: CODE_AREA 00000228 - 00000257 (0x30 bytes), align: 2
  Segment part 18.            Intra module refs:   Segment part 6
           ENTRY                   ADDRESS         REF BY
           =====                   =======         ======
           KillTimer_event(void *, BOOK *)
                                   00000228 
               stack 1 = 00000000 ( 00000008 )
    -------------------------------------------------------------------------
CODE
  Relative segment, address: CODE_AREA 00000258 - 000002DB (0x84 bytes), align: 2
  Segment part 20.            Intra module refs:   BeginTimer_event(void *, BOOK *)
                                                   CreateRLBook()
                                                   onTimer(u16, RL_Book *)
           ENTRY                   ADDRESS         REF BY
           =====                   =======         ======
           BeginTimer(u16, RL_Book *)
                                   00000258 
               stack 1 = 00000000 ( 00000040 )
    -------------------------------------------------------------------------
CODE
  Relative segment, address: CODE_AREA 000002DC - 00000327 (0x4c bytes), align: 2
  Segment part 22.            Intra module refs:   BeginTimer(u16, RL_Book *)
           ENTRY                   ADDRESS         REF BY
           =====                   =======         ======
           onTimer(u16, RL_Book *)
                                   000002DC 
               stack 1 = 00000000 ( 0000000C )
    -------------------------------------------------------------------------
CODE
  Relative segment, address: CODE_AREA 00000328 - 0000037B (0x54 bytes), align: 2
  Segment part 24.            Intra module refs:   Segment part 6
    -------------------------------------------------------------------------
DYN_PAGE
  Relative segment, address: CODE_AREA 000005E4 - 00000613 (0x30 bytes), align: 2
  Segment part 6.             Intra module refs:   Segment part 8
    -------------------------------------------------------------------------
DATA_I
  Relative segment, address: DATA_AREA 00000008 - 00000013 (0xc bytes), align: 2
  Segment part 7.             Intra module refs:   CreateRLBook()
           ENTRY                   ADDRESS         REF BY
           =====                   =======         ======
           base_page               00000008 
    -------------------------------------------------------------------------
CODE
  Relative segment, address: CODE_AREA 0000037C - 00000397 (0x1c bytes), align: 2
  Segment part 26.            Intra module refs:   Segment part 36
           ENTRY                   ADDRESS         REF BY
           =====                   =======         ======
           elf_exit()              0000037C 
               stack 1 = 00000000 ( 00000004 )
    -------------------------------------------------------------------------
CODE
  Relative segment, address: CODE_AREA 00000398 - 000003CB (0x34 bytes), align: 2
  Segment part 28.            Intra module refs:   CreateRLBook()
           ENTRY                   ADDRESS         REF BY
           =====                   =======         ======
           onCloseRLBook(BOOK *)   00000398 
               stack 1 = 00000000 ( 00000008 )
    -------------------------------------------------------------------------
CODE
  Relative segment, address: CODE_AREA 000003CC - 0000041B (0x50 bytes), align: 2
  Segment part 30.            Intra module refs:   main
           ENTRY                   ADDRESS         REF BY
           =====                   =======         ======
           CreateRLBook()          000003CC 
               stack 1 = 00000000 ( 00000010 )
    -------------------------------------------------------------------------
CODE
  Relative segment, address: CODE_AREA 0000041C - 00000443 (0x28 bytes), align: 2
  Segment part 32.            Intra module refs:   main
           ENTRY                   ADDRESS         REF BY
           =====                   =======         ======
           myFind(BOOK *)          0000041C 
               stack 1 = 00000000 ( 00000004 )
    -------------------------------------------------------------------------
CODE
  Relative segment, address: CODE_AREA 00000444 - 00000447 (0x4 bytes), align: 2
  Segment part 33.            Intra module refs:   CreateRLBook()
                                                   myFind(BOOK *)
    -------------------------------------------------------------------------
CODE
  Relative segment, address: CODE_AREA 00000448 - 000004C7 (0x80 bytes), align: 2
  Segment part 35.
           ENTRY                   ADDRESS         REF BY
           =====                   =======         ======
           main                    00000448        Absolute parts (?ABS_ENTRY_MOD)
               stack 1 = 00000000 ( 00000010 )
    -------------------------------------------------------------------------
CODE
  Relative segment, address: CODE_AREA 000004C8 - 000004CB (0x4 bytes), align: 2
  Segment part 36.            Intra module refs:   main
                                                   onCloseRLBook(BOOK *)
    -------------------------------------------------------------------------
DATA_ID
  Relative segment, address: CODE_AREA 00000008 - 00000013 (0xc bytes), align: 2
  Segment part 8.             Intra module refs:   base_page
    -------------------------------------------------------------------------
DATA_C
  Relative segment, address: CODE_AREA 000004F0 - 000004FB (0xc bytes), align: 2
  Segment part 2.             Intra module refs:   Segment part 8
    -------------------------------------------------------------------------
DATA_C
  Relative segment, address: CODE_AREA 000004FC - 00000543 (0x48 bytes), align: 2
  Segment part 3.             Intra module refs:   ShowAuthorInfo(void *, BOOK *)
    -------------------------------------------------------------------------
DATA_C
  Relative segment, address: CODE_AREA 00000544 - 00000553 (0x10 bytes), align: 2
  Segment part 4.             Intra module refs:   Segment part 33
    -------------------------------------------------------------------------
DATA_C
  Relative segment, address: CODE_AREA 00000554 - 0000056F (0x1c bytes), align: 2
  Segment part 5.             Intra module refs:   main




                ****************************************
                *                                      *
                *      SEGMENTS IN ADDRESS ORDER       *
                *                                      *
                ****************************************


SEGMENT              SPACE    START ADDRESS   END ADDRESS     SIZE  TYPE  ALIGN
=======              =====    =============   ===========     ====  ====  =====
ELFBEGIN             CODE_AREA           00000000                     rel    0
DATA_ID              CODE_AREA      00000000 - 00000013          14   rel    2
START                CODE_AREA           00000014                     dse    0
CODE                 CODE_AREA      00000014 - 000004CB         4B8   rel    2
DATA_C               CODE_AREA      000004CC - 00000571          A6   rel    2
INITTAB              CODE_AREA      00000574 - 0000057F           C   rel    2
DATA_Z               CODE_AREA           00000580                     dse    0
DATA_N               CODE_AREA           00000580                     dse    0
CONFIG_C             CODE_AREA      00000580 - 000005DF          60   rel    2
DYN_CONST            CODE_AREA           000005E0                     dse    0
DYN_CONST_DESC       CODE_AREA      000005E0 - 000005E3           4   rel    2
DYN_PAGE             CODE_AREA      000005E4 - 00000613          30   rel    2
DYN_PAGE_DESC        CODE_AREA      00000614 - 00000617           4   rel    2
DATA_I               DATA_AREA      00000000 - 00000013          14   rel    2

                ****************************************
                *                                      *
                *        END OF CROSS REFERENCE        *
                *                                      *
                ****************************************

 1 558 bytes of CODE memory
    20 bytes of DATA memory

Errors: none
Warnings: none

