################################################################################
#                                                                              #
#      IAR Universal Linker V4.60I/386                                         #
#                                                                              #
#           Link time     =  10/Jun/2013  22:42:57                             #
#           Target CPU    =  ARM                                               #
#           List file     =  Z:\home\perk11\www\perk11.info\svn\SE\BcfgEdit\Re #
#                            lease\List\BcfgEdit.map                           #
#           Output file 1 =  Z:\home\perk11\www\perk11.info\svn\SE\BcfgEdit\Re #
#                            lease\Exe\BcfgEdit.elf                            #
#                            Format: elf, variant: -ynpra                      #
#           Command line  =  Z:\home\perk11\www\perk11.info\svn\SE\BcfgEdit\Re #
#                            lease\Obj\_cpp2.r79                               #
#                            Z:\home\perk11\www\perk11.info\svn\SE\BcfgEdit\Re #
#                            lease\Obj\datetime.r79                            #
#                            Z:\home\perk11\www\perk11.info\svn\SE\BcfgEdit\Re #
#                            lease\Obj\func.r79                                #
#                            Z:\home\perk11\www\perk11.info\svn\SE\BcfgEdit\Re #
#                            lease\Obj\keyinput.r79                            #
#                            Z:\home\perk11\www\perk11.info\svn\SE\BcfgEdit\Re #
#                            lease\Obj\main.r79                                #
#                            Z:\home\perk11\www\perk11.info\svn\SE\BcfgEdit\Re #
#                            lease\Obj\visual.r79                              #
#                            -o                                                #
#                            Z:\home\perk11\www\perk11.info\svn\SE\BcfgEdit\Re #
#                            lease\Exe\BcfgEdit.elf                            #
#                            -Felf -l                                          #
#                            Z:\home\perk11\www\perk11.info\svn\SE\BcfgEdit\Re #
#                            lease\List\BcfgEdit.map                           #
#                            -xms -IZ:\home\perk11\IAR2\arm\LIB\ -f            #
#                            Z:\home\perk11\www\perk11.info\svn\SE\BcfgEdit\.. #
#                            \include\1.xcl                                    #
#                            (-carm -ynpra -V(CODE)CODE_AREA,12                #
#                            -V(DATA)DATA_AREA,12                              #
#                            -Z(CODE_AREA)ELFBEGIN,DATA_ID,START,CODE,DATA_C,I #
#                            NITTAB,DATA_Z,DATA_N,CONFIG_C,DYN_CONST,DYN_CONST #
#                            _DESC,DYN_PAGE,DYN_PAGE_DESC=0-FFFFFFFF           #
#                            -Z(DATA_AREA)DATA_I=0-FFFFFFFF) -n                #
#                            Z:\home\perk11\IAR2\arm\LIB\dl5tpainl8n.r79 -s    #
#                            main                                              #
#                                                                              #
#                        Copyright 1987-2007 IAR Systems. All rights reserved. #
################################################################################





                ****************************************
                *                                      *
                *           CROSS REFERENCE            *
                *                                      *
                ****************************************

       Program entry at : CODE_AREA 0000287C  Relocatable, from module : main




                ****************************************
                *                                      *
                *            RUNTIME MODEL             *
                *                                      *
                ****************************************

  ARMv4M                     = USED
  ARMv4T                     = USED
  ARMv5T                     = USED
  StackAlign4                = USED
  StackAlign8                = USED
  __cpu_mode                 = __pcs__interwork
  __data_model               = absolute
  __dlib_file_descriptor     = 1
  __dlib_full_locale_support = 0
  __endian                   = little
  __rt_version               = 6



                ****************************************
                *                                      *
                *              MODULE MAP              *
                *                                      *
                ****************************************


  DEFINED ABSOLUTE ENTRIES
    *************************************************************************

  DEFINED ABSOLUTE ENTRIES
    *************************************************************************

  FILE NAME : Z:\home\perk11\www\perk11.info\svn\SE\BcfgEdit\Release\Obj\_cpp2.r79
  PROGRAM MODULE, NAME : _cpp2

  SEGMENTS IN THE MODULE
  ======================
CODE
  Relative segment, address: CODE_AREA 00000024 - 0000002F (0xc bytes), align: 2
  Segment part 3.
           ENTRY                   ADDRESS         REF BY
           =====                   =======         ======
           operator new(size_t)    00000024        AddToFList(wchar_t const *, wchar_t const *, int) (visual)
                                                   CreateEditColorGUI(MyBOOK *, int) (visual)
                                                   CreateEditCoordinatesGUI(MyBOOK *, int) (visual)
                                                   CreateFontSelectGUI(MyBOOK *, int) (visual)
                                                   main (main)
               stack 1 = 00000000 ( 00000004 )
    -------------------------------------------------------------------------
CODE
  Relative segment, address: CODE_AREA 00000030 - 0000003B (0xc bytes), align: 2
  Segment part 5.
           ENTRY                   ADDRESS         REF BY
           =====                   =======         ======
           operator new[](size_t)
                                   00000030        AddToFList(wchar_t const *, wchar_t const *, int) (visual)
                                                   CreateCBoxGui(MyBOOK *) (main)
                                                   CreateFileFolderSelect(MyBOOK *, wchar_t *) (visual)
                                                   CreateUnicodeSI(MyBOOK *, int) (main)
                                                   CreateWinOrPassSI(MyBOOK *, int) (main)
                                                   FindFiles(wchar_t *, int) (visual)
                                                   FontSelectGuiOnCreate(DISP_OBJ_FONT_SEL *) (visual)
                                                   LoadCfg(BCFG_DATA *) (main)
                                                   Self_onEnterPressed(BOOK *, GUI *) (visual)
               stack 1 = 00000000 ( 00000004 )
    -------------------------------------------------------------------------
CODE
  Relative segment, address: CODE_AREA 0000003C - 00000047 (0xc bytes), align: 2
  Segment part 7.
           ENTRY                   ADDRESS         REF BY
           =====                   =======         ======
           operator delete(void *)
                                   0000003C        CreateCBoxGui(MyBOOK *) (main)
                                                   CreateEditColorGUI(MyBOOK *, int) (visual)
                                                   CreateEditCoordinatesGUI(MyBOOK *, int) (visual)
                                                   CreateFileFolderSelect(MyBOOK *, wchar_t *) (visual)
                                                   CreateFontSelectGUI(MyBOOK *, int) (visual)
                                                   CreateUnicodeSI(MyBOOK *, int) (main)
                                                   CreateWinOrPassSI(MyBOOK *, int) (main)
                                                   FindFiles(wchar_t *, int) (visual)
                                                   FontSelectGuiOnClose(DISP_OBJ_FONT_SEL *) (visual)
                                                   Free_FLIST() (visual)
                                                   LoadCfg(BCFG_DATA *) (main)
                                                   Self_onEnterPressed(BOOK *, GUI *) (visual)
                                                   main (main)
                                                   onMyBookClose(BOOK *) (main)
               stack 1 = 00000000 ( 00000004 )

    *************************************************************************

  FILE NAME : Z:\home\perk11\www\perk11.info\svn\SE\BcfgEdit\Release\Obj\datetime.r79
  PROGRAM MODULE, NAME : datetime

  SEGMENTS IN THE MODULE
  ======================
CODE
  Relative segment, address: CODE_AREA 00000048 - 0000008B (0x44 bytes), align: 2
  Segment part 10.            Intra module refs:   TI_OnEnter(void *, BOOK *)
           ENTRY                   ADDRESS         REF BY
           =====                   =======         ======
           AcceptTIinput(BOOK *, GUI *)
                                   00000048 
               stack 1 = 00000000 ( 00000008 )
    -------------------------------------------------------------------------
CODE
  Relative segment, address: CODE_AREA 0000008C - 0000009F (0x14 bytes), align: 2
  Segment part 12.            Intra module refs:   TI_OnEnter(void *, BOOK *)
           ENTRY                   ADDRESS         REF BY
           =====                   =======         ======
           CloseTIinput(BOOK *, GUI *)
                                   0000008C 
               stack 1 = 00000000 ( 00000004 )
    -------------------------------------------------------------------------
CODE
  Relative segment, address: CODE_AREA 000000A0 - 000001FB (0x15c bytes), align: 2
  Segment part 14.            Intra module refs:   Segment part 5
    -------------------------------------------------------------------------
CODE
  Relative segment, address: CODE_AREA 000001FC - 0000021F (0x24 bytes), align: 2
  Segment part 16.            Intra module refs:   Segment part 5
    -------------------------------------------------------------------------
CODE
  Relative segment, address: CODE_AREA 00000220 - 00000263 (0x44 bytes), align: 2
  Segment part 18.            Intra module refs:   DI_OnEnter(void *, BOOK *)
           ENTRY                   ADDRESS         REF BY
           =====                   =======         ======
           AcceptDIinput(BOOK *, GUI *)
                                   00000220 
               stack 1 = 00000000 ( 00000008 )
    -------------------------------------------------------------------------
CODE
  Relative segment, address: CODE_AREA 00000264 - 00000267 (0x4 bytes), align: 2
  Segment part 19.            Intra module refs:   AcceptDIinput(BOOK *, GUI *)
                                                   AcceptTIinput(BOOK *, GUI *)
    -------------------------------------------------------------------------
CODE
  Relative segment, address: CODE_AREA 00000268 - 0000027B (0x14 bytes), align: 2
  Segment part 21.            Intra module refs:   DI_OnEnter(void *, BOOK *)
           ENTRY                   ADDRESS         REF BY
           =====                   =======         ======
           CloseDIinput(BOOK *, GUI *)
                                   00000268 
               stack 1 = 00000000 ( 00000004 )
    -------------------------------------------------------------------------
CODE
  Relative segment, address: CODE_AREA 0000027C - 0000027F (0x4 bytes), align: 2
  Segment part 22.            Intra module refs:   CloseDIinput(BOOK *, GUI *)
                                                   CloseTIinput(BOOK *, GUI *)
    -------------------------------------------------------------------------
CODE
  Relative segment, address: CODE_AREA 00000280 - 000003DB (0x15c bytes), align: 2
  Segment part 24.            Intra module refs:   Segment part 6
    -------------------------------------------------------------------------
CODE
  Relative segment, address: CODE_AREA 000003DC - 000003DF (0x4 bytes), align: 2
  Segment part 25.            Intra module refs:   DI_OnEnter(void *, BOOK *)
                                                   TI_OnEnter(void *, BOOK *)
    -------------------------------------------------------------------------
CODE
  Relative segment, address: CODE_AREA 000003E0 - 000003E3 (0x4 bytes), align: 2
  Segment part 26.            Intra module refs:   DI_OnEnter(void *, BOOK *)
                                                   TI_OnEnter(void *, BOOK *)
    -------------------------------------------------------------------------
CODE
  Relative segment, address: CODE_AREA 000003E4 - 000003E7 (0x4 bytes), align: 2
  Segment part 27.            Intra module refs:   DI_OnEnter(void *, BOOK *)
                                                   TI_OnEnter(void *, BOOK *)
    -------------------------------------------------------------------------
CODE
  Relative segment, address: CODE_AREA 000003E8 - 000003EB (0x4 bytes), align: 2
  Segment part 28.            Intra module refs:   DI_OnEnter(void *, BOOK *)
                                                   TI_OnEnter(void *, BOOK *)
    -------------------------------------------------------------------------
CODE
  Relative segment, address: CODE_AREA 000003EC - 000003EF (0x4 bytes), align: 2
  Segment part 29.            Intra module refs:   DI_OnEnter(void *, BOOK *)
                                                   TI_OnEnter(void *, BOOK *)
    -------------------------------------------------------------------------
CODE
  Relative segment, address: CODE_AREA 000003F0 - 000003F3 (0x4 bytes), align: 2
  Segment part 30.            Intra module refs:   DI_OnEnter(void *, BOOK *)
                                                   TI_OnEnter(void *, BOOK *)
    -------------------------------------------------------------------------
CODE
  Relative segment, address: CODE_AREA 000003F4 - 00000417 (0x24 bytes), align: 2
  Segment part 32.            Intra module refs:   Segment part 6
    -------------------------------------------------------------------------
DYN_PAGE
  Relative segment, address: CODE_AREA 00005CB0 - 00005CC7 (0x18 bytes), align: 2
  Segment part 5.             Intra module refs:   bk_time_input
    -------------------------------------------------------------------------
DYN_PAGE
  Relative segment, address: CODE_AREA 00005CC8 - 00005CDF (0x18 bytes), align: 2
  Segment part 6.             Intra module refs:   bk_date_input
    -------------------------------------------------------------------------
DATA_C
  Relative segment, address: CODE_AREA 0000539C - 000053B3 (0x18 bytes), align: 2
  Segment part 2.             Intra module refs:   bk_time_input
    -------------------------------------------------------------------------
DATA_C
  Relative segment, address: CODE_AREA 000053B4 - 000053CB (0x18 bytes), align: 2
  Segment part 3.             Intra module refs:   bk_date_input
    -------------------------------------------------------------------------
DATA_C
  Relative segment, address: CODE_AREA 000053CC - 0000543B (0x70 bytes), align: 2
  Segment part 4.             Intra module refs:   Segment part 26
    -------------------------------------------------------------------------
DATA_C
  Relative segment, address: CODE_AREA 0000543C - 00005447 (0xc bytes), align: 2
  Segment part 7.
           ENTRY                   ADDRESS         REF BY
           =====                   =======         ======
           bk_time_input           0000543C        OnSelect1GuiBcfg(BOOK *, GUI *) (main)
    -------------------------------------------------------------------------
DATA_C
  Relative segment, address: CODE_AREA 00005448 - 00005453 (0xc bytes), align: 2
  Segment part 8.
           ENTRY                   ADDRESS         REF BY
           =====                   =======         ======
           bk_date_input           00005448        OnSelect1GuiBcfg(BOOK *, GUI *) (main)

    *************************************************************************

  FILE NAME : Z:\home\perk11\www\perk11.info\svn\SE\BcfgEdit\Release\Obj\func.r79
  PROGRAM MODULE, NAME : func

  SEGMENTS IN THE MODULE
  ======================
ELFBEGIN
  Relative segment, address: CODE_AREA 00000000, align: 0
  Segment part 0. ROOT.
           ENTRY                   ADDRESS         REF BY
           =====                   =======         ======
           ELF_BEGIN               00000000 
    -------------------------------------------------------------------------
CODE
  Relative segment, address: CODE_AREA 00000418 - 0000042F (0x18 bytes), align: 2
  Segment part 1. ROOT.
           ENTRY                   ADDRESS         REF BY
           =====                   =======         ======
           kill_data               00000418        elf_exit() (main)
           seqkill                 0000041C 
           ASYNC                   0000042C 
           SYNC                    00000428        Segment part 25 (datetime)
    -------------------------------------------------------------------------
DYN_CONST
  Relative segment, address: CODE_AREA 00005BF4 - 00005BF7 (0x4 bytes), align: 2
  Segment part 6.
           ENTRY                   ADDRESS         REF BY
           =====                   =======         ======
           ACTION_ACCEPT           00005BF4        Segment part 29 (datetime)
    -------------------------------------------------------------------------
DYN_CONST
  Relative segment, address: CODE_AREA 00005BF8 - 00005BFB (0x4 bytes), align: 2
  Segment part 10.
           ENTRY                   ADDRESS         REF BY
           =====                   =======         ======
           ACTION_DELETE           00005BF8        KeyCodeSelect_OnEnter(void *, BOOK *) (keyinput)
    -------------------------------------------------------------------------
DYN_CONST
  Relative segment, address: CODE_AREA 00005BFC - 00005BFF (0x4 bytes), align: 2
  Segment part 18.
           ENTRY                   ADDRESS         REF BY
           =====                   =======         ======
           ACTION_NO               00005BFC        OnBackBcfgGui(BOOK *, GUI *) (main)
    -------------------------------------------------------------------------
DYN_CONST
  Relative segment, address: CODE_AREA 00005C00 - 00005C03 (0x4 bytes), align: 2
  Segment part 21.
           ENTRY                   ADDRESS         REF BY
           =====                   =======         ======
           ACTION_SELECT1          00005C00        Segment part 101 (main)
                                                   Segment part 132 (visual)
                                                   Segment part 38 (visual)
                                                   Segment part 43 (keyinput)
                                                   Segment part 53 (main)
    -------------------------------------------------------------------------
DYN_CONST
  Relative segment, address: CODE_AREA 00005C04 - 00005C07 (0x4 bytes), align: 2
  Segment part 23.
           ENTRY                   ADDRESS         REF BY
           =====                   =======         ======
           ACTION_YES              00005C04        OnBackBcfgGui(BOOK *, GUI *) (main)
    -------------------------------------------------------------------------
DYN_CONST
  Relative segment, address: CODE_AREA 00005C08 - 00005C0B (0x4 bytes), align: 2
  Segment part 24.
           ENTRY                   ADDRESS         REF BY
           =====                   =======         ======
           KEY_UP                  00005C08        Segment part 54 (visual)
                                                   Segment part 89 (visual)
    -------------------------------------------------------------------------
DYN_CONST
  Relative segment, address: CODE_AREA 00005C0C - 00005C0F (0x4 bytes), align: 2
  Segment part 25.
           ENTRY                   ADDRESS         REF BY
           =====                   =======         ======
           KEY_DOWN                00005C0C        Segment part 57 (visual)
                                                   Segment part 90 (visual)
    -------------------------------------------------------------------------
DYN_CONST
  Relative segment, address: CODE_AREA 00005C10 - 00005C13 (0x4 bytes), align: 2
  Segment part 26.
           ENTRY                   ADDRESS         REF BY
           =====                   =======         ======
           KEY_LEFT                00005C10        Segment part 55 (visual)
    -------------------------------------------------------------------------
DYN_CONST
  Relative segment, address: CODE_AREA 00005C14 - 00005C17 (0x4 bytes), align: 2
  Segment part 27.
           ENTRY                   ADDRESS         REF BY
           =====                   =======         ======
           KEY_RIGHT               00005C14        Segment part 56 (visual)
    -------------------------------------------------------------------------
DYN_CONST
  Relative segment, address: CODE_AREA 00005C18 - 00005C1B (0x4 bytes), align: 2
  Segment part 28.
           ENTRY                   ADDRESS         REF BY
           =====                   =======         ======
           KEY_ENTER               00005C18        CoordinatesGuiOnKey(DISP_OBJ_COORD *, int, int, int, int) (visual)
    -------------------------------------------------------------------------
DYN_CONST
  Relative segment, address: CODE_AREA 00005C1C - 00005C1F (0x4 bytes), align: 2
  Segment part 29.
           ENTRY                   ADDRESS         REF BY
           =====                   =======         ======
           KEY_ESC                 00005C1C        CoordinatesGuiOnKey(DISP_OBJ_COORD *, int, int, int, int) (visual)
    -------------------------------------------------------------------------
DYN_CONST
  Relative segment, address: CODE_AREA 00005C20 - 00005C23 (0x4 bytes), align: 2
  Segment part 30.
           ENTRY                   ADDRESS         REF BY
           =====                   =======         ======
           KEY_DEL                 00005C20        FontSelectGuiOnKey(DISP_OBJ_FONT_SEL *, int, int, int, int) (visual)
    -------------------------------------------------------------------------
DYN_CONST
  Relative segment, address: CODE_AREA 00005C24 - 00005C27 (0x4 bytes), align: 2
  Segment part 31.
           ENTRY                   ADDRESS         REF BY
           =====                   =======         ======
           KEY_LEFT_SOFT           00005C24        CoordinatesGuiOnKey(DISP_OBJ_COORD *, int, int, int, int) (visual)
    -------------------------------------------------------------------------
DYN_CONST
  Relative segment, address: CODE_AREA 00005C28 - 00005C2B (0x4 bytes), align: 2
  Segment part 32.
           ENTRY                   ADDRESS         REF BY
           =====                   =======         ======
           KEY_RIGHT_SOFT          00005C28        CoordinatesGuiOnKey(DISP_OBJ_COORD *, int, int, int, int) (visual)
    -------------------------------------------------------------------------
DYN_CONST
  Relative segment, address: CODE_AREA 00005C2C - 00005C2F (0x4 bytes), align: 2
  Segment part 44.
           ENTRY                   ADDRESS         REF BY
           =====                   =======         ======
           KBD_SHORT_PRESS         00005C2C        KeyCode_KeyHook(BOOK *, int, int, int) (keyinput)
    -------------------------------------------------------------------------
DYN_CONST
  Relative segment, address: CODE_AREA 00005C30 - 00005C33 (0x4 bytes), align: 2
  Segment part 45.
           ENTRY                   ADDRESS         REF BY
           =====                   =======         ======
           KBD_SHORT_RELEASE       00005C30        Segment part 52 (visual)
                                                   Segment part 87 (visual)
    -------------------------------------------------------------------------
DYN_CONST
  Relative segment, address: CODE_AREA 00005C34 - 00005C37 (0x4 bytes), align: 2
  Segment part 47.
           ENTRY                   ADDRESS         REF BY
           =====                   =======         ======
           KBD_LONG_RELEASE        00005C34        Segment part 59 (visual)
    -------------------------------------------------------------------------
DYN_CONST
  Relative segment, address: CODE_AREA 00005C38 - 00005C3B (0x4 bytes), align: 2
  Segment part 48.
           ENTRY                   ADDRESS         REF BY
           =====                   =======         ======
           KBD_REPEAT              00005C38        Segment part 53 (visual)
                                                   Segment part 88 (visual)
    -------------------------------------------------------------------------
DYN_CONST
  Relative segment, address: CODE_AREA 00005C3C - 00005C3F (0x4 bytes), align: 2
  Segment part 58.
           ENTRY                   ADDRESS         REF BY
           =====                   =======         ======
           FONT_E_20R              00005C3C        Segment part 49 (visual)
                                                   Segment part 84 (visual)
    -------------------------------------------------------------------------
DYN_CONST
  Relative segment, address: CODE_AREA 00005C40 - 00005C43 (0x4 bytes), align: 2
  Segment part 78.
           ENTRY                   ADDRESS         REF BY
           =====                   =======         ======
           ACCEPT_EVENT            00005C40        KeyCodeSelect_OnBack(BOOK *, GUI *) (keyinput)
                                                   Segment part 19 (datetime)
    -------------------------------------------------------------------------
DYN_CONST
  Relative segment, address: CODE_AREA 00005C44 - 00005C47 (0x4 bytes), align: 2
  Segment part 79.
           ENTRY                   ADDRESS         REF BY
           =====                   =======         ======
           PREVIOUS_EVENT          00005C44        KeyCode_OnClose(BOOK *) (keyinput)
                                                   Segment part 22 (datetime)
    -------------------------------------------------------------------------
DYN_CONST
  Relative segment, address: CODE_AREA 00005C48 - 00005C4B (0x4 bytes), align: 2
  Segment part 216.
           ENTRY                   ADDRESS         REF BY
           =====                   =======         ======
           TERMINATE_SESSION_EVENT
                                   00005C48        TerminateElf(void *, BOOK *) (main)
    -------------------------------------------------------------------------
DYN_CONST
  Relative segment, address: CODE_AREA 00005C4C - 00005C4F (0x4 bytes), align: 2
  Segment part 327.
           ENTRY                   ADDRESS         REF BY
           =====                   =======         ======
           ACTION_BACK             00005C4C        Segment part 133 (visual)
                                                   Segment part 30 (datetime)
                                                   Segment part 37 (visual)
                                                   Segment part 44 (keyinput)
                                                   Segment part 52 (main)
                                                   Segment part 98 (main)
    -------------------------------------------------------------------------
DYN_CONST
  Relative segment, address: CODE_AREA 00005C50 - 00005C53 (0x4 bytes), align: 2
  Segment part 328.
           ENTRY                   ADDRESS         REF BY
           =====                   =======         ======
           ACTION_LONG_BACK        00005C50        CreateGuiList(MyBOOK *, int) (main)
    -------------------------------------------------------------------------
DYN_CONST
  Relative segment, address: CODE_AREA 00005C54 - 00005C57 (0x4 bytes), align: 2
  Segment part 341.
           ENTRY                   ADDRESS         REF BY
           =====                   =======         ======
           KEY_DIGITAL_0           00005C54        Segment part 58 (visual)
                                                   Segment part 91 (visual)
    -------------------------------------------------------------------------
DYN_CONST
  Relative segment, address: CODE_AREA 00005C58 - 00005C5B (0x4 bytes), align: 2
  Segment part 520.
           ENTRY                   ADDRESS         REF BY
           =====                   =======         ======
           DB_CMD_DELETE           00005C58        SelBcfgPageOnCreate(void *, BOOK *) (main)
    -------------------------------------------------------------------------
DYN_CONST
  Relative segment, address: CODE_AREA 00005C5C - 00005C5F (0x4 bytes), align: 2
  Segment part 525.
           ENTRY                   ADDRESS         REF BY
           =====                   =======         ======
           DB_CMD_LAST             00005C5C        SelBcfgPageOnCreate(void *, BOOK *) (main)
    -------------------------------------------------------------------------
DYN_CONST
  Relative segment, address: CODE_AREA 00005C60 - 00005C63 (0x4 bytes), align: 2
  Segment part 527.
           ENTRY                   ADDRESS         REF BY
           =====                   =======         ======
           VAR_ARG_BOOK            00005C60        OnManualFontSelect(BOOK *, GUI *) (visual)
                                                   Segment part 27 (datetime)
                                                   Segment part 83 (main)
    -------------------------------------------------------------------------
DYN_CONST
  Relative segment, address: CODE_AREA 00005C64 - 00005C67 (0x4 bytes), align: 2
  Segment part 528.
           ENTRY                   ADDRESS         REF BY
           =====                   =======         ======
           VAR_ARG_HTEXT           00005C64        OnManualFontSelect(BOOK *, GUI *) (visual)
                                                   Segment part 28 (datetime)
                                                   Segment part 86 (main)
    -------------------------------------------------------------------------
DYN_CONST
  Relative segment, address: CODE_AREA 00005C68 - 00005C6B (0x4 bytes), align: 2
  Segment part 529.
           ENTRY                   ADDRESS         REF BY
           =====                   =======         ======
           VAR_ARG_CALL_BACK_OK    00005C68        OnManualFontSelect(BOOK *, GUI *) (visual)
                                                   Segment part 79 (main)
    -------------------------------------------------------------------------
DYN_CONST
  Relative segment, address: CODE_AREA 00005C6C - 00005C6F (0x4 bytes), align: 2
  Segment part 530.
           ENTRY                   ADDRESS         REF BY
           =====                   =======         ======
           VAR_ARG_CALL_BACK_PREV_ACT
                                   00005C6C        OnManualFontSelect(BOOK *, GUI *) (visual)
                                                   Segment part 81 (main)
    -------------------------------------------------------------------------
DYN_CONST
  Relative segment, address: CODE_AREA 00005C70 - 00005C73 (0x4 bytes), align: 2
  Segment part 532.
           ENTRY                   ADDRESS         REF BY
           =====                   =======         ======
           VAR_ARG_STRINP_MODE     00005C70        OnManualFontSelect(BOOK *, GUI *) (visual)
                                                   Segment part 84 (main)
    -------------------------------------------------------------------------
DYN_CONST
  Relative segment, address: CODE_AREA 00005C74 - 00005C77 (0x4 bytes), align: 2
  Segment part 534.
           ENTRY                   ADDRESS         REF BY
           =====                   =======         ======
           VAR_ARG_STRINP_TEXT     00005C74        Segment part 82 (main)
    -------------------------------------------------------------------------
DYN_CONST
  Relative segment, address: CODE_AREA 00005C78 - 00005C7B (0x4 bytes), align: 2
  Segment part 536.
           ENTRY                   ADDRESS         REF BY
           =====                   =======         ======
           VAR_ARG_STRINP_EMPTY_STR_EN
                                   00005C78        CreateUnsignedNumberInput(MyBOOK *) (main)
                                                   OnManualFontSelect(BOOK *, GUI *) (visual)
    -------------------------------------------------------------------------
DYN_CONST
  Relative segment, address: CODE_AREA 00005C7C - 00005C7F (0x4 bytes), align: 2
  Segment part 537.
           ENTRY                   ADDRESS         REF BY
           =====                   =======         ======
           VAR_ARG_STRINP_MAX_LEN
                                   00005C7C        Segment part 85 (main)
    -------------------------------------------------------------------------
DYN_CONST
  Relative segment, address: CODE_AREA 00005C80 - 00005C83 (0x4 bytes), align: 2
  Segment part 538.
           ENTRY                   ADDRESS         REF BY
           =====                   =======         ======
           VAR_ARG_STRINP_MIN_LEN
                                   00005C80        Segment part 77 (main)
    -------------------------------------------------------------------------
DYN_CONST
  Relative segment, address: CODE_AREA 00005C84 - 00005C87 (0x4 bytes), align: 2
  Segment part 539.
           ENTRY                   ADDRESS         REF BY
           =====                   =======         ======
           VAR_ARG_STRINP_IS_PASS_MODE
                                   00005C84        Segment part 78 (main)
    -------------------------------------------------------------------------
DYN_CONST
  Relative segment, address: CODE_AREA 00005C88 - 00005C8B (0x4 bytes), align: 2
  Segment part 541.
           ENTRY                   ADDRESS         REF BY
           =====                   =======         ======
           VAR_ARG_STRINP_SET_INT_VAL
                                   00005C88        CreateSignedNumberInput(MyBOOK *) (main)
    -------------------------------------------------------------------------
DYN_CONST
  Relative segment, address: CODE_AREA 00005C8C - 00005C8F (0x4 bytes), align: 2
  Segment part 542.
           ENTRY                   ADDRESS         REF BY
           =====                   =======         ======
           VAR_ARG_STRINP_MIN_INT_VAL
                                   00005C8C        CreateSignedNumberInput(MyBOOK *) (main)
    -------------------------------------------------------------------------
DYN_CONST
  Relative segment, address: CODE_AREA 00005C90 - 00005C93 (0x4 bytes), align: 2
  Segment part 543.
           ENTRY                   ADDRESS         REF BY
           =====                   =======         ======
           VAR_ARG_STRINP_MAX_INT_VAL
                                   00005C90        CreateSignedNumberInput(MyBOOK *) (main)
    -------------------------------------------------------------------------
DYN_CONST
  Relative segment, address: CODE_AREA 00005C94 - 00005C97 (0x4 bytes), align: 2
  Segment part 544.
           ENTRY                   ADDRESS         REF BY
           =====                   =======         ======
           VAR_ARG_YESNO_PRE_QUESTION
                                   00005C94        OnBackBcfgGui(BOOK *, GUI *) (main)
    -------------------------------------------------------------------------
DYN_CONST
  Relative segment, address: CODE_AREA 00005C98 - 00005C9B (0x4 bytes), align: 2
  Segment part 545.
           ENTRY                   ADDRESS         REF BY
           =====                   =======         ======
           VAR_ARG_YESNO_QUESTION
                                   00005C98        OnBackBcfgGui(BOOK *, GUI *) (main)
    -------------------------------------------------------------------------
DYN_CONST
  Relative segment, address: CODE_AREA 00005C9C - 00005C9F (0x4 bytes), align: 2
  Segment part 550.
           ENTRY                   ADDRESS         REF BY
           =====                   =======         ======
           VAR_ARG_DATEINP_DATE_FORMAT
                                   00005C9C        DI_OnEnter(void *, BOOK *) (datetime)
    -------------------------------------------------------------------------
DYN_CONST
  Relative segment, address: CODE_AREA 00005CA0 - 00005CA3 (0x4 bytes), align: 2
  Segment part 551.
           ENTRY                   ADDRESS         REF BY
           =====                   =======         ======
           VAR_ARG_DATEINP_DATE    00005CA0        DI_OnEnter(void *, BOOK *) (datetime)
    -------------------------------------------------------------------------
DYN_CONST
  Relative segment, address: CODE_AREA 00005CA4 - 00005CA7 (0x4 bytes), align: 2
  Segment part 552.
           ENTRY                   ADDRESS         REF BY
           =====                   =======         ======
           VAR_ARG_TIMEINP_TIME_FORMAT
                                   00005CA4        TI_OnEnter(void *, BOOK *) (datetime)
    -------------------------------------------------------------------------
DYN_CONST
  Relative segment, address: CODE_AREA 00005CA8 - 00005CAB (0x4 bytes), align: 2
  Segment part 553.
           ENTRY                   ADDRESS         REF BY
           =====                   =======         ======
           VAR_ARG_TIMEINP_TIME    00005CA8        TI_OnEnter(void *, BOOK *) (datetime)
    -------------------------------------------------------------------------
DYN_CONST_DESC
  Relative segment, address: CODE_AREA 00005CAC - 00005CAF (0x4 bytes), align: 2
  Segment part 681. ROOT.
    -------------------------------------------------------------------------
DYN_PAGE
  Relative segment, address: CODE_AREA 00005CE0, align: 2
  Segment part 682.
    -------------------------------------------------------------------------
DYN_PAGE_DESC
  Relative segment, address: CODE_AREA 00005DD8 - 00005DDB (0x4 bytes), align: 2
  Segment part 683. ROOT.

    *************************************************************************

  FILE NAME : Z:\home\perk11\www\perk11.info\svn\SE\BcfgEdit\Release\Obj\keyinput.r79
  PROGRAM MODULE, NAME : keyinput

  SEGMENTS IN THE MODULE
  ======================
CODE
  Relative segment, address: CODE_AREA 00000430 - 0000053F (0x110 bytes), align: 2
  Segment part 18.            Intra module refs:   KeyCode_OnEnter(void *, BOOK *)
           ENTRY                   ADDRESS         REF BY
           =====                   =======         ======
           KeyCode_KeyHook(BOOK *, int, int, int)
                                   00000430 
               stack 1 = 00000000 ( 000000A4 )
    -------------------------------------------------------------------------
CODE
  Relative segment, address: CODE_AREA 00000540 - 00000573 (0x34 bytes), align: 2
  Segment part 20.            Intra module refs:   KeyCode_OnEnter(void *, BOOK *)
           ENTRY                   ADDRESS         REF BY
           =====                   =======         ======
           KeyCode_OnClose(BOOK *)
                                   00000540 
               stack 1 = 00000000 ( 00000008 )
    -------------------------------------------------------------------------
CODE
  Relative segment, address: CODE_AREA 00000574 - 00000663 (0xf0 bytes), align: 2
  Segment part 22.            Intra module refs:   Segment part 11
           ENTRY                   ADDRESS         REF BY
           =====                   =======         ======
           KeyCode_OnEnter(void *, BOOK *)
                                   00000574 
               stack 1 = 00000000 ( 000000A4 )
    -------------------------------------------------------------------------
CODE
  Relative segment, address: CODE_AREA 00000664 - 00000667 (0x4 bytes), align: 2
  Segment part 23.            Intra module refs:   KeyCode_KeyHook(BOOK *, int, int, int)
                                                   KeyCode_OnEnter(void *, BOOK *)
    -------------------------------------------------------------------------
CODE
  Relative segment, address: CODE_AREA 00000668 - 00000693 (0x2c bytes), align: 2
  Segment part 25.            Intra module refs:   Segment part 11
           ENTRY                   ADDRESS         REF BY
           =====                   =======         ======
           KeyCode_OnExit(void *, BOOK *)
                                   00000668 
               stack 1 = 00000000 ( 00000008 )
    -------------------------------------------------------------------------
DYN_PAGE
  Relative segment, address: CODE_AREA 00005CE0 - 00005D57 (0x78 bytes), align: 2
  Segment part 11.            Intra module refs:   Segment part 12
    -------------------------------------------------------------------------
DATA_C
  Relative segment, address: CODE_AREA 00005454 - 0000546F (0x1c bytes), align: 2
  Segment part 2.             Intra module refs:   Segment part 12
    -------------------------------------------------------------------------
DATA_C
  Relative segment, address: CODE_AREA 00005470 - 00005487 (0x18 bytes), align: 2
  Segment part 3.             Intra module refs:   Segment part 14
    -------------------------------------------------------------------------
DATA_C
  Relative segment, address: CODE_AREA 00005488 - 0000549F (0x18 bytes), align: 2
  Segment part 4.             Intra module refs:   Segment part 14
    -------------------------------------------------------------------------
DATA_C
  Relative segment, address: CODE_AREA 000054A0 - 000054AF (0x10 bytes), align: 2
  Segment part 5.             Intra module refs:   Segment part 14
    -------------------------------------------------------------------------
DATA_C
  Relative segment, address: CODE_AREA 000054B0 - 000054CB (0x1c bytes), align: 2
  Segment part 6.             Intra module refs:   Segment part 14
    -------------------------------------------------------------------------
DATA_C
  Relative segment, address: CODE_AREA 000054CC - 000054E7 (0x1c bytes), align: 2
  Segment part 7.             Intra module refs:   Segment part 14
    -------------------------------------------------------------------------
DATA_C
  Relative segment, address: CODE_AREA 000054E8 - 00005503 (0x1c bytes), align: 2
  Segment part 8.             Intra module refs:   bk_keycode_select
    -------------------------------------------------------------------------
DATA_C
  Relative segment, address: CODE_AREA 00005504 - 00005567 (0x64 bytes), align: 2
  Segment part 9.             Intra module refs:   KeyCode_KeyHook(BOOK *, int, int, int)
                                                   Segment part 23
    -------------------------------------------------------------------------
DATA_C
  Relative segment, address: CODE_AREA 00005568 - 00005593 (0x2c bytes), align: 2
  Segment part 10.            Intra module refs:   KeyCodeSelect_OnEnter(void *, BOOK *)
    -------------------------------------------------------------------------
DATA_C
  Relative segment, address: CODE_AREA 00005594 - 0000559F (0xc bytes), align: 2
  Segment part 12.            Intra module refs:   KeyCodeSelect_onEnterPressed(BOOK *, GUI *)
    -------------------------------------------------------------------------
DATA_I
  Relative segment, address: DATA_AREA 00000000 - 00000013 (0x14 bytes), align: 2
  Segment part 13.            Intra module refs:   Segment part 42
           ENTRY                   ADDRESS         REF BY
           =====                   =======         ======
           modes                   00000000 
    -------------------------------------------------------------------------
CODE
  Relative segment, address: CODE_AREA 00000694 - 000006C3 (0x30 bytes), align: 2
  Segment part 27.            Intra module refs:   KeyModeSelect_CreateCBoxGui(MyBOOK *)
           ENTRY                   ADDRESS         REF BY
           =====                   =======         ======
           GetKeyModeName(int)     00000694        GetSubItemText(MyBOOK *, CFG_HDR *) (main)
               stack 1 = 00000000 ( 00000004 )
    -------------------------------------------------------------------------
CODE
  Relative segment, address: CODE_AREA 000006C4 - 000006E3 (0x20 bytes), align: 2
  Segment part 29.            Intra module refs:   KeyModeSelect_CreateCBoxGui(MyBOOK *)
           ENTRY                   ADDRESS         REF BY
           =====                   =======         ======
           KeyModeSelect_OnCloseCBoxGui(BOOK *, GUI *)
                                   000006C4 
               stack 1 = 00000000 ( 00000008 )
    -------------------------------------------------------------------------
CODE
  Relative segment, address: CODE_AREA 000006E4 - 0000073B (0x58 bytes), align: 2
  Segment part 31.            Intra module refs:   KeyModeSelect_CreateCBoxGui(MyBOOK *)
           ENTRY                   ADDRESS         REF BY
           =====                   =======         ======
           KeyModeSelect_OnSelectCBoxGui(BOOK *, GUI *)
                                   000006E4 
               stack 1 = 00000000 ( 00000008 )
    -------------------------------------------------------------------------
CODE
  Relative segment, address: CODE_AREA 0000073C - 0000081B (0xe0 bytes), align: 2
  Segment part 33.            Intra module refs:   KeyCodeSelect_onEnterPressed(BOOK *, GUI *)
           ENTRY                   ADDRESS         REF BY
           =====                   =======         ======
           KeyModeSelect_CreateCBoxGui(MyBOOK *)
                                   0000073C 
               stack 1 = 00000000 ( 000000A4 )
    -------------------------------------------------------------------------
CODE
  Relative segment, address: CODE_AREA 0000081C - 0000085F (0x44 bytes), align: 2
  Segment part 35.            Intra module refs:   KeyCodeSelect_OnEnter(void *, BOOK *)
           ENTRY                   ADDRESS         REF BY
           =====                   =======         ======
           KeyCodeSelect_onEnterPressed(BOOK *, GUI *)
                                   0000081C 
               stack 1 = 00000000 ( 00000008 )
    -------------------------------------------------------------------------
CODE
  Relative segment, address: CODE_AREA 00000860 - 00000893 (0x34 bytes), align: 2
  Segment part 37.            Intra module refs:   KeyCodeSelect_OnEnter(void *, BOOK *)
           ENTRY                   ADDRESS         REF BY
           =====                   =======         ======
           KeyCodeSelect_OnBack(BOOK *, GUI *)
                                   00000860 
               stack 1 = 00000000 ( 00000008 )
    -------------------------------------------------------------------------
CODE
  Relative segment, address: CODE_AREA 00000894 - 00000913 (0x80 bytes), align: 2
  Segment part 39.            Intra module refs:   KeyCodeSelect_OnEnter(void *, BOOK *)
           ENTRY                   ADDRESS         REF BY
           =====                   =======         ======
           KeyCodeSelect_OnDelete(BOOK *, GUI *)
                                   00000894 
               stack 1 = 00000000 ( 00000008 )
    -------------------------------------------------------------------------
CODE
  Relative segment, address: CODE_AREA 00000914 - 00000A8F (0x17c bytes), align: 2
  Segment part 41.            Intra module refs:   Segment part 15
           ENTRY                   ADDRESS         REF BY
           =====                   =======         ======
           KeyCodeSelect_OnEnter(void *, BOOK *)
                                   00000914 
               stack 1 = 00000000 ( 00000098 )
    -------------------------------------------------------------------------
CODE
  Relative segment, address: CODE_AREA 00000A90 - 00000A93 (0x4 bytes), align: 2
  Segment part 42.            Intra module refs:   GetKeyModeName(int)
                                                   KeyCodeSelect_OnDelete(BOOK *, GUI *)
                                                   KeyCodeSelect_OnEnter(void *, BOOK *)
                                                   KeyModeSelect_OnSelectCBoxGui(BOOK *, GUI *)
    -------------------------------------------------------------------------
CODE
  Relative segment, address: CODE_AREA 00000A94 - 00000A97 (0x4 bytes), align: 2
  Segment part 43.            Intra module refs:   KeyCodeSelect_OnEnter(void *, BOOK *)
                                                   KeyModeSelect_CreateCBoxGui(MyBOOK *)
    -------------------------------------------------------------------------
CODE
  Relative segment, address: CODE_AREA 00000A98 - 00000A9B (0x4 bytes), align: 2
  Segment part 44.            Intra module refs:   KeyCodeSelect_OnEnter(void *, BOOK *)
                                                   KeyModeSelect_CreateCBoxGui(MyBOOK *)
    -------------------------------------------------------------------------
CODE
  Relative segment, address: CODE_AREA 00000A9C - 00000AA3 (0x8 bytes), align: 2
  Segment part 46.            Intra module refs:   Segment part 15
           ENTRY                   ADDRESS         REF BY
           =====                   =======         ======
           KeyCodeSelect_OnExit(void *, BOOK *)
                                   00000A9C 
    -------------------------------------------------------------------------
DYN_PAGE
  Relative segment, address: CODE_AREA 00005D58 - 00005D6F (0x18 bytes), align: 2
  Segment part 15.            Intra module refs:   bk_keycode_select
    -------------------------------------------------------------------------
DATA_C
  Relative segment, address: CODE_AREA 000055A0 - 000055AB (0xc bytes), align: 2
  Segment part 16.
           ENTRY                   ADDRESS         REF BY
           =====                   =======         ======
           bk_keycode_select       000055A0        OnSelect1GuiBcfg(BOOK *, GUI *) (main)
    -------------------------------------------------------------------------
DATA_ID
  Relative segment, address: CODE_AREA 00000000 - 00000013 (0x14 bytes), align: 2
  Segment part 14.            Intra module refs:   modes
    -------------------------------------------------------------------------
INITTAB
  Relative segment, address: CODE_AREA 00005BC8 - 00005BD3 (0xc bytes), align: 2
  Segment part 49. ROOT.
           ENTRY                   ADDRESS         REF BY
           =====                   =======         ======
           ?init?tab?DATA_I        00005BC8 

    *************************************************************************

  FILE NAME : Z:\home\perk11\www\perk11.info\svn\SE\BcfgEdit\Release\Obj\main.r79
  PROGRAM MODULE, NAME : main

  SEGMENTS IN THE MODULE
  ======================
DYN_PAGE
  Relative segment, address: CODE_AREA 00005D70 - 00005D87 (0x18 bytes), align: 2
  Segment part 17.            Intra module refs:   Segment part 15
    -------------------------------------------------------------------------
CODE
  Relative segment, address: CODE_AREA 00000AA4 - 00000ABF (0x1c bytes), align: 2
  Segment part 23.            Intra module refs:   Segment part 130
           ENTRY                   ADDRESS         REF BY
           =====                   =======         ======
           elf_exit()              00000AA4 
               stack 1 = 00000000 ( 00000004 )
    -------------------------------------------------------------------------
CODE
  Relative segment, address: CODE_AREA 00000AC0 - 00000B47 (0x88 bytes), align: 2
  Segment part 25.            Intra module refs:   CreateEdPageOnCreate(void *, BOOK *)
                                                   OnBackBcfgGui(BOOK *, GUI *)
           ENTRY                   ADDRESS         REF BY
           =====                   =======         ======
           Crc32(unsigned char *, unsigned long)
                                   00000AC0 
               stack 1 = 00000000 ( 00000404 )
    -------------------------------------------------------------------------
CODE
  Relative segment, address: CODE_AREA 00000B48 - 00000BDF (0x98 bytes), align: 2
  Segment part 27.            Intra module refs:   CreateCBoxGui(MyBOOK *)
                                                   CreateSignedNumberInput(MyBOOK *)
                                                   CreateUnicodeSI(MyBOOK *, int)
                                                   CreateUnsignedNumberInput(MyBOOK *)
                                                   CreateWinOrPassSI(MyBOOK *, int)
                                                   GetParentName(BCFG_DATA *)
                                                   GetSubItemText(MyBOOK *, CFG_HDR *)
                                                   onLBMessage(GUI_MESSAGE *)
           ENTRY                   ADDRESS         REF BY
           =====                   =======         ======
           win12512unicode(wchar_t *, char const *, int)
                                   00000B48        CreateEditColorGUI(MyBOOK *, int) (visual)
                                                   CreateFontSelectGUI(MyBOOK *, int) (visual)
                                                   DI_OnEnter(void *, BOOK *) (datetime)
                                                   FontSelectGuiOnCreate(DISP_OBJ_FONT_SEL *) (visual)
                                                   KeyCodeSelect_OnEnter(void *, BOOK *) (keyinput)
                                                   KeyModeSelect_CreateCBoxGui(MyBOOK *) (keyinput)
                                                   TI_OnEnter(void *, BOOK *) (datetime)
    -------------------------------------------------------------------------
CODE
  Relative segment, address: CODE_AREA 00000BE0 - 00000C9F (0xc0 bytes), align: 2
  Segment part 29.            Intra module refs:   OnOkCreateWinOrPassGui(BOOK *, wchar_t *, int)
           ENTRY                   ADDRESS         REF BY
           =====                   =======         ======
           unicode2win1251(char *, wchar_t *, int)
                                   00000BE0 
               stack 1 = 00000000 ( 00000004 )
    -------------------------------------------------------------------------
CODE
  Relative segment, address: CODE_AREA 00000CA0 - 00000CD3 (0x34 bytes), align: 2
  Segment part 31.            Intra module refs:   CreateUnsignedNumberInput(MyBOOK *)
           ENTRY                   ADDRESS         REF BY
           =====                   =======         ======
           getnumwidth(unsigned int)
                                   00000CA0 
    -------------------------------------------------------------------------
CODE
  Relative segment, address: CODE_AREA 00000CD4 - 00000D2F (0x5c bytes), align: 2
  Segment part 33.            Intra module refs:   OnYesExitGui(BOOK *, GUI *)
           ENTRY                   ADDRESS         REF BY
           =====                   =======         ======
           SaveCfg(BCFG_DATA *)    00000CD4 
               stack 1 = 00000000 ( 00000014 )
    -------------------------------------------------------------------------
CODE
  Relative segment, address: CODE_AREA 00000D30 - 00000EA3 (0x174 bytes), align: 2
  Segment part 35.            Intra module refs:   MainPageOnCreate(void *, BOOK *)
                                                   SelBcfgPageOnAccept(void *, BOOK *)
           ENTRY                   ADDRESS         REF BY
           =====                   =======         ======
           LoadCfg(BCFG_DATA *)    00000D30 
               stack 1 = 00000000 ( 0000003C )
    -------------------------------------------------------------------------
CODE
  Relative segment, address: CODE_AREA 00000EA4 - 00000EFF (0x5c bytes), align: 2
  Segment part 37.            Intra module refs:   OnYesExitGui(BOOK *, GUI *)
           ENTRY                   ADDRESS         REF BY
           =====                   =======         ======
           SendReconfigEvent(BCFG_DATA *)
                                   00000EA4 
               stack 1 = 00000000 ( 0000000C )
    -------------------------------------------------------------------------
CODE
  Relative segment, address: CODE_AREA 00000F00 - 00000F27 (0x28 bytes), align: 2
  Segment part 39.            Intra module refs:   OnBackBcfgGui(BOOK *, GUI *)
           ENTRY                   ADDRESS         REF BY
           =====                   =======         ======
           OnYesExitGui(BOOK *, GUI *)
                                   00000F00 
               stack 1 = 00000000 ( 0000000C )
    -------------------------------------------------------------------------
CODE
  Relative segment, address: CODE_AREA 00000F28 - 00000F33 (0xc bytes), align: 2
  Segment part 41.            Intra module refs:   OnBackBcfgGui(BOOK *, GUI *)
           ENTRY                   ADDRESS         REF BY
           =====                   =======         ======
           OnNoExitGui(BOOK *, GUI *)
                                   00000F28 
               stack 1 = 00000000 ( 00000004 )
    -------------------------------------------------------------------------
CODE
  Relative segment, address: CODE_AREA 00000F34 - 00000F53 (0x20 bytes), align: 2
  Segment part 43.            Intra module refs:   OnBackBcfgGui(BOOK *, GUI *)
           ENTRY                   ADDRESS         REF BY
           =====                   =======         ======
           OnBackExitGui(BOOK *, GUI *)
                                   00000F34 
               stack 1 = 00000000 ( 00000008 )
    -------------------------------------------------------------------------
CODE
  Relative segment, address: CODE_AREA 00000F54 - 00001087 (0x134 bytes), align: 2
  Segment part 45.            Intra module refs:   CreateGuiList(MyBOOK *, int)
           ENTRY                   ADDRESS         REF BY
           =====                   =======         ======
           OnBackBcfgGui(BOOK *, GUI *)
                                   00000F54 
               stack 1 = 00000000 ( 0000001C )
    -------------------------------------------------------------------------
CODE
  Relative segment, address: CODE_AREA 00001088 - 000010A7 (0x20 bytes), align: 2
  Segment part 47.            Intra module refs:   CreateCBoxGui(MyBOOK *)
           ENTRY                   ADDRESS         REF BY
           =====                   =======         ======
           OnCloseCBoxGui(BOOK *, GUI *)
                                   00001088 
               stack 1 = 00000000 ( 00000008 )
    -------------------------------------------------------------------------
CODE
  Relative segment, address: CODE_AREA 000010A8 - 000010EB (0x44 bytes), align: 2
  Segment part 49.            Intra module refs:   CreateCBoxGui(MyBOOK *)
           ENTRY                   ADDRESS         REF BY
           =====                   =======         ======
           OnSelectCBoxGui(BOOK *, GUI *)
                                   000010A8 
               stack 1 = 00000000 ( 00000008 )
    -------------------------------------------------------------------------
CODE
  Relative segment, address: CODE_AREA 000010EC - 00001223 (0x138 bytes), align: 2
  Segment part 51.            Intra module refs:   OnSelect1GuiBcfg(BOOK *, GUI *)
           ENTRY                   ADDRESS         REF BY
           =====                   =======         ======
           CreateCBoxGui(MyBOOK *)
                                   000010EC 
               stack 1 = 00000000 ( 00000094 )
    -------------------------------------------------------------------------
CODE
  Relative segment, address: CODE_AREA 00001224 - 00001227 (0x4 bytes), align: 2
  Segment part 52.            Intra module refs:   CreateCBoxGui(MyBOOK *)
                                                   OnBackBcfgGui(BOOK *, GUI *)
    -------------------------------------------------------------------------
CODE
  Relative segment, address: CODE_AREA 00001228 - 0000122B (0x4 bytes), align: 2
  Segment part 53.            Intra module refs:   CreateCBoxGui(MyBOOK *)
    -------------------------------------------------------------------------
CODE
  Relative segment, address: CODE_AREA 0000122C - 0000124B (0x20 bytes), align: 2
  Segment part 55.            Intra module refs:   Segment part 80
           ENTRY                   ADDRESS         REF BY
           =====                   =======         ======
           OnBackCreateTextInputGui(BOOK *, u16 *, int)
                                   0000122C 
               stack 1 = 00000000 ( 00000008 )
    -------------------------------------------------------------------------
CODE
  Relative segment, address: CODE_AREA 0000124C - 00001343 (0xf8 bytes), align: 2
  Segment part 57.            Intra module refs:   CreateUnsignedNumberInput(MyBOOK *)
           ENTRY                   ADDRESS         REF BY
           =====                   =======         ======
           OnOkCreateUnsignedNumberGui(BOOK *, wchar_t *, int)
                                   0000124C 
               stack 1 = 00000000 ( 00000098 )
    -------------------------------------------------------------------------
CODE
  Relative segment, address: CODE_AREA 00001344 - 0000144B (0x108 bytes), align: 2
  Segment part 59.            Intra module refs:   OnSelect1GuiBcfg(BOOK *, GUI *)
           ENTRY                   ADDRESS         REF BY
           =====                   =======         ======
           CreateUnsignedNumberInput(MyBOOK *)
                                   00001344 
               stack 1 = 00000000 ( 000000C8 )
    -------------------------------------------------------------------------
CODE
  Relative segment, address: CODE_AREA 0000144C - 00001543 (0xf8 bytes), align: 2
  Segment part 61.            Intra module refs:   CreateSignedNumberInput(MyBOOK *)
           ENTRY                   ADDRESS         REF BY
           =====                   =======         ======
           OnOkCreateSignedNumberGui(BOOK *, wchar_t *, int)
                                   0000144C 
               stack 1 = 00000000 ( 00000098 )
    -------------------------------------------------------------------------
CODE
  Relative segment, address: CODE_AREA 00001544 - 0000161F (0xdc bytes), align: 2
  Segment part 63.            Intra module refs:   OnSelect1GuiBcfg(BOOK *, GUI *)
           ENTRY                   ADDRESS         REF BY
           =====                   =======         ======
           CreateSignedNumberInput(MyBOOK *)
                                   00001544 
               stack 1 = 00000000 ( 000000C0 )
    -------------------------------------------------------------------------
CODE
  Relative segment, address: CODE_AREA 00001620 - 000016EB (0xcc bytes), align: 2
  Segment part 65.            Intra module refs:   CreateWinOrPassSI(MyBOOK *, int)
           ENTRY                   ADDRESS         REF BY
           =====                   =======         ======
           OnOkCreateWinOrPassGui(BOOK *, wchar_t *, int)
                                   00001620 
               stack 1 = 00000000 ( 00000098 )
    -------------------------------------------------------------------------
CODE
  Relative segment, address: CODE_AREA 000016EC - 00001813 (0x128 bytes), align: 2
  Segment part 67.            Intra module refs:   OnSelect1GuiBcfg(BOOK *, GUI *)
           ENTRY                   ADDRESS         REF BY
           =====                   =======         ======
           CreateWinOrPassSI(MyBOOK *, int)
                                   000016EC 
               stack 1 = 00000000 ( 0000005C )
    -------------------------------------------------------------------------
CODE
  Relative segment, address: CODE_AREA 00001814 - 000018E7 (0xd4 bytes), align: 2
  Segment part 69.            Intra module refs:   CreateUnicodeSI(MyBOOK *, int)
           ENTRY                   ADDRESS         REF BY
           =====                   =======         ======
           OnOkCreateUnicodeGui(BOOK *, wchar_t *, int)
                                   00001814 
               stack 1 = 00000000 ( 00000098 )
    -------------------------------------------------------------------------
CODE
  Relative segment, address: CODE_AREA 000018E8 - 000018EB (0x4 bytes), align: 2
  Segment part 70.            Intra module refs:   OnOkCreateUnicodeGui(BOOK *, wchar_t *, int)
                                                   OnOkCreateWinOrPassGui(BOOK *, wchar_t *, int)
    -------------------------------------------------------------------------
CODE
  Relative segment, address: CODE_AREA 000018EC - 00001923 (0x38 bytes), align: 2
  Segment part 72.            Intra module refs:   CreateUnicodeSI(MyBOOK *, int)
           ENTRY                   ADDRESS         REF BY
           =====                   =======         ======
           UnicodeOnSelFile(BOOK *, GUI *)
                                   000018EC 
               stack 1 = 00000000 ( 00000010 )
    -------------------------------------------------------------------------
CODE
  Relative segment, address: CODE_AREA 00001924 - 0000195B (0x38 bytes), align: 2
  Segment part 74.            Intra module refs:   CreateUnicodeSI(MyBOOK *, int)
           ENTRY                   ADDRESS         REF BY
           =====                   =======         ======
           UnicodeOnSelFolder(BOOK *, GUI *)
                                   00001924 
               stack 1 = 00000000 ( 00000010 )
    -------------------------------------------------------------------------
CODE
  Relative segment, address: CODE_AREA 0000195C - 00001B4F (0x1f4 bytes), align: 2
  Segment part 76.            Intra module refs:   OnSelect1GuiBcfg(BOOK *, GUI *)
           ENTRY                   ADDRESS         REF BY
           =====                   =======         ======
           CreateUnicodeSI(MyBOOK *, int)
                                   0000195C 
               stack 1 = 00000000 ( 00000064 )
    -------------------------------------------------------------------------
CODE
  Relative segment, address: CODE_AREA 00001B50 - 00001B53 (0x4 bytes), align: 2
  Segment part 77.            Intra module refs:   CreateUnicodeSI(MyBOOK *, int)
                                                   CreateWinOrPassSI(MyBOOK *, int)
    -------------------------------------------------------------------------
CODE
  Relative segment, address: CODE_AREA 00001B54 - 00001B57 (0x4 bytes), align: 2
  Segment part 78.            Intra module refs:   CreateUnicodeSI(MyBOOK *, int)
                                                   CreateWinOrPassSI(MyBOOK *, int)
    -------------------------------------------------------------------------
CODE
  Relative segment, address: CODE_AREA 00001B58 - 00001B5B (0x4 bytes), align: 2
  Segment part 79.            Intra module refs:   CreateSignedNumberInput(MyBOOK *)
                                                   CreateUnicodeSI(MyBOOK *, int)
                                                   CreateUnsignedNumberInput(MyBOOK *)
                                                   CreateWinOrPassSI(MyBOOK *, int)
    -------------------------------------------------------------------------
CODE
  Relative segment, address: CODE_AREA 00001B5C - 00001B5F (0x4 bytes), align: 2
  Segment part 80.            Intra module refs:   CreateSignedNumberInput(MyBOOK *)
                                                   CreateUnicodeSI(MyBOOK *, int)
                                                   CreateUnsignedNumberInput(MyBOOK *)
                                                   CreateWinOrPassSI(MyBOOK *, int)
    -------------------------------------------------------------------------
CODE
  Relative segment, address: CODE_AREA 00001B60 - 00001B63 (0x4 bytes), align: 2
  Segment part 81.            Intra module refs:   CreateSignedNumberInput(MyBOOK *)
                                                   CreateUnicodeSI(MyBOOK *, int)
                                                   CreateUnsignedNumberInput(MyBOOK *)
                                                   CreateWinOrPassSI(MyBOOK *, int)
    -------------------------------------------------------------------------
CODE
  Relative segment, address: CODE_AREA 00001B64 - 00001B67 (0x4 bytes), align: 2
  Segment part 82.            Intra module refs:   CreateUnicodeSI(MyBOOK *, int)
                                                   CreateUnsignedNumberInput(MyBOOK *)
                                                   CreateWinOrPassSI(MyBOOK *, int)
    -------------------------------------------------------------------------
CODE
  Relative segment, address: CODE_AREA 00001B68 - 00001B6B (0x4 bytes), align: 2
  Segment part 83.            Intra module refs:   CreateSignedNumberInput(MyBOOK *)
                                                   CreateUnicodeSI(MyBOOK *, int)
                                                   CreateUnsignedNumberInput(MyBOOK *)
                                                   CreateWinOrPassSI(MyBOOK *, int)
                                                   OnBackBcfgGui(BOOK *, GUI *)
    -------------------------------------------------------------------------
CODE
  Relative segment, address: CODE_AREA 00001B6C - 00001B6F (0x4 bytes), align: 2
  Segment part 84.            Intra module refs:   CreateSignedNumberInput(MyBOOK *)
                                                   CreateUnicodeSI(MyBOOK *, int)
                                                   CreateUnsignedNumberInput(MyBOOK *)
                                                   CreateWinOrPassSI(MyBOOK *, int)
    -------------------------------------------------------------------------
CODE
  Relative segment, address: CODE_AREA 00001B70 - 00001B73 (0x4 bytes), align: 2
  Segment part 85.            Intra module refs:   CreateUnicodeSI(MyBOOK *, int)
                                                   CreateUnsignedNumberInput(MyBOOK *)
                                                   CreateWinOrPassSI(MyBOOK *, int)
    -------------------------------------------------------------------------
CODE
  Relative segment, address: CODE_AREA 00001B74 - 00001B77 (0x4 bytes), align: 2
  Segment part 86.            Intra module refs:   CreateSignedNumberInput(MyBOOK *)
                                                   CreateUnicodeSI(MyBOOK *, int)
                                                   CreateUnsignedNumberInput(MyBOOK *)
                                                   CreateWinOrPassSI(MyBOOK *, int)
    -------------------------------------------------------------------------
CODE
  Relative segment, address: CODE_AREA 00001B78 - 00001D1F (0x1a8 bytes), align: 2
  Segment part 88.            Intra module refs:   CreateGuiList(MyBOOK *, int)
           ENTRY                   ADDRESS         REF BY
           =====                   =======         ======
           OnSelect1GuiBcfg(BOOK *, GUI *)
                                   00001B78 
               stack 1 = 00000000 ( 00000010 )
    -------------------------------------------------------------------------
CODE
  Relative segment, address: CODE_AREA 00001D20 - 0000206B (0x34c bytes), align: 2
  Segment part 90.            Intra module refs:   onLBMessage(GUI_MESSAGE *)
           ENTRY                   ADDRESS         REF BY
           =====                   =======         ======
           GetSubItemText(MyBOOK *, CFG_HDR *)
                                   00001D20 
               stack 1 = 00000000 ( 000000B8 )
    -------------------------------------------------------------------------
CODE
  Relative segment, address: CODE_AREA 0000206C - 0000206F (0x4 bytes), align: 2
  Segment part 91.            Intra module refs:   CreateUnsignedNumberInput(MyBOOK *)
                                                   GetSubItemText(MyBOOK *, CFG_HDR *)
    -------------------------------------------------------------------------
CODE
  Relative segment, address: CODE_AREA 00002070 - 0000213F (0xd0 bytes), align: 2
  Segment part 93.            Intra module refs:   CreateGuiList(MyBOOK *, int)
           ENTRY                   ADDRESS         REF BY
           =====                   =======         ======
           onLBMessage(GUI_MESSAGE *)
                                   00002070 
               stack 1 = 00000000 ( 00000054 )
    -------------------------------------------------------------------------
CODE
  Relative segment, address: CODE_AREA 00002140 - 000021D3 (0x94 bytes), align: 2
  Segment part 95.            Intra module refs:   CreateGuiList(MyBOOK *, int)
           ENTRY                   ADDRESS         REF BY
           =====                   =======         ======
           GetParentName(BCFG_DATA *)
                                   00002140 
               stack 1 = 00000000 ( 0000004C )
    -------------------------------------------------------------------------
CODE
  Relative segment, address: CODE_AREA 000021D4 - 000022B3 (0xe0 bytes), align: 2
  Segment part 97.            Intra module refs:   create_ed(BOOK *, CFG_HDR *)
           ENTRY                   ADDRESS         REF BY
           =====                   =======         ======
           CreateGuiList(MyBOOK *, int)
                                   000021D4 
               stack 1 = 00000000 ( 00000010 )
    -------------------------------------------------------------------------
CODE
  Relative segment, address: CODE_AREA 000022B4 - 000022B7 (0x4 bytes), align: 2
  Segment part 98.            Intra module refs:   CreateGuiList(MyBOOK *, int)
    -------------------------------------------------------------------------
CODE
  Relative segment, address: CODE_AREA 000022B8 - 0000230F (0x58 bytes), align: 2
  Segment part 100.           Intra module refs:   OnOkCreateSignedNumberGui(BOOK *, wchar_t *, int)
                                                   OnOkCreateUnicodeGui(BOOK *, wchar_t *, int)
                                                   OnOkCreateUnsignedNumberGui(BOOK *, wchar_t *, int)
                                                   OnOkCreateWinOrPassGui(BOOK *, wchar_t *, int)
                                                   OnSelectCBoxGui(BOOK *, GUI *)
                                                   RecreateEdPage(void *, BOOK *)
           ENTRY                   ADDRESS         REF BY
           =====                   =======         ======
           RefreshEdList(BOOK *)   000022B8        OnOkColorEdit(BOOK *, GUI *) (visual)
                                                   OnOkCoordinatesEdit(BOOK *, void *) (visual)
                                                   OnOkFontSelect(BOOK *, GUI *) (visual)
               stack 1 = 00000000 ( 0000000C )
    -------------------------------------------------------------------------
CODE
  Relative segment, address: CODE_AREA 00002310 - 00002313 (0x4 bytes), align: 2
  Segment part 101.           Intra module refs:   CreateGuiList(MyBOOK *, int)
                                                   RefreshEdList(BOOK *)
    -------------------------------------------------------------------------
CODE
  Relative segment, address: CODE_AREA 00002314 - 00002527 (0x214 bytes), align: 2
  Segment part 103.           Intra module refs:   CreateEdPageOnCreate(void *, BOOK *)
                                                   OnBackBcfgGui(BOOK *, GUI *)
                                                   OnSelect1GuiBcfg(BOOK *, GUI *)
           ENTRY                   ADDRESS         REF BY
           =====                   =======         ======
           create_ed(BOOK *, CFG_HDR *)
                                   00002314 
               stack 1 = 00000000 ( 0000006C )
    -------------------------------------------------------------------------
CODE
  Relative segment, address: CODE_AREA 00002528 - 0000253B (0x14 bytes), align: 2
  Segment part 105.           Intra module refs:   Segment part 18
    -------------------------------------------------------------------------
CODE
  Relative segment, address: CODE_AREA 0000253C - 0000256B (0x30 bytes), align: 2
  Segment part 107.           Intra module refs:   Segment part 18
    -------------------------------------------------------------------------
DYN_PAGE
  Relative segment, address: CODE_AREA 00005D88 - 00005D9F (0x18 bytes), align: 2
  Segment part 18.            Intra module refs:   Segment part 5
    -------------------------------------------------------------------------
CODE
  Relative segment, address: CODE_AREA 0000256C - 0000259F (0x34 bytes), align: 2
  Segment part 109.           Intra module refs:   Segment part 17
    -------------------------------------------------------------------------
CODE
  Relative segment, address: CODE_AREA 000025A0 - 0000260F (0x70 bytes), align: 2
  Segment part 111.           Intra module refs:   Segment part 17
    -------------------------------------------------------------------------
CODE
  Relative segment, address: CODE_AREA 00002610 - 0000261B (0xc bytes), align: 2
  Segment part 113.           Intra module refs:   SelBcfgPageOnCreate(void *, BOOK *)
           ENTRY                   ADDRESS         REF BY
           =====                   =======         ======
           SelBcfg_BcfgFilter(wchar_t const *, wchar_t const *, wchar_t const *)
                                   00002610 
               stack 1 = 00000000 ( 00000004 )
    -------------------------------------------------------------------------
CODE
  Relative segment, address: CODE_AREA 0000261C - 0000270B (0xf0 bytes), align: 2
  Segment part 115.           Intra module refs:   Segment part 20
    -------------------------------------------------------------------------
DATA_Z
  Relative segment, address: CODE_AREA 00005BE0 - 00005BE3 (0x4 bytes), align: 2
  Segment part 19.            Intra module refs:   SelBcfgPageOnCreate(void *, BOOK *)
    -------------------------------------------------------------------------
CODE
  Relative segment, address: CODE_AREA 0000270C - 0000277B (0x70 bytes), align: 2
  Segment part 117.           Intra module refs:   Segment part 20
    -------------------------------------------------------------------------
CODE
  Relative segment, address: CODE_AREA 0000277C - 0000278F (0x14 bytes), align: 2
  Segment part 119.           Intra module refs:   Segment part 20
    -------------------------------------------------------------------------
DYN_PAGE
  Relative segment, address: CODE_AREA 00005DA0 - 00005DC7 (0x28 bytes), align: 2
  Segment part 20.            Intra module refs:   Segment part 5
    -------------------------------------------------------------------------
DATA_C
  Relative segment, address: CODE_AREA 000055AC - 0000563B (0x90 bytes), align: 2
  Segment part 2.             Intra module refs:   CreateUnicodeSI(MyBOOK *, int)
    -------------------------------------------------------------------------
DATA_C
  Relative segment, address: CODE_AREA 0000563C - 000056A7 (0x6c bytes), align: 2
  Segment part 3.             Intra module refs:   ShowAuthorInfo(void *, BOOK *)
    -------------------------------------------------------------------------
DATA_C
  Relative segment, address: CODE_AREA 000056A8 - 000056C7 (0x20 bytes), align: 2
  Segment part 4.             Intra module refs:   SelBcfgPageOnCreate(void *, BOOK *)
    -------------------------------------------------------------------------
DATA_C
[...]
  Segment part 105.           Intra module refs:   CreateFontSelectGUI(MyBOOK *, int)
           ENTRY                   ADDRESS         REF BY
           =====                   =======         ======
           FontSelectGui_destr(GUI *)
                                   000046F4 
    -------------------------------------------------------------------------
CODE
  Relative segment, address: CODE_AREA 000046F8 - 000048DB (0x1e4 bytes), align: 2
  Segment part 107.           Intra module refs:   OnOkManualFontSelect(BOOK *, wchar_t *, int)
           ENTRY                   ADDRESS         REF BY
           =====                   =======         ======
           CreateFontSelectGUI(MyBOOK *, int)
                                   000046F8        OnSelect1GuiBcfg(BOOK *, GUI *) (main)
               stack 1 = 00000000 ( 000000A0 )
    -------------------------------------------------------------------------
CODE
  Relative segment, address: CODE_AREA 000048DC - 000048DF (0x4 bytes), align: 2
  Segment part 108.           Intra module refs:   CreateFontSelectGUI(MyBOOK *, int)
                                                   FontSelectGuiOnCreate(DISP_OBJ_FONT_SEL *)
                                                   FontSelectGuiOnRedraw(DISP_OBJ_FONT_SEL *, int, RECT *, int)
                                                   OnOkFontSelect(BOOK *, GUI *)
    -------------------------------------------------------------------------
DATA_Z
  Relative segment, address: CODE_AREA 00005BE8 - 00005BEB (0x4 bytes), align: 2
  Segment part 18.            Intra module refs:   Segment part 117
           ENTRY                   ADDRESS         REF BY
           =====                   =======         ======
           fltop                   00005BE8 
    -------------------------------------------------------------------------
DATA_C
  Relative segment, address: CODE_AREA 00005A04 - 00005A33 (0x30 bytes), align: 2
  Segment part 2.             Intra module refs:   ColorGuiOnRedraw(DISP_OBJ_COLOR *, int, int, int)
    -------------------------------------------------------------------------
DATA_C
  Relative segment, address: CODE_AREA 00005A34 - 00005A3B (0x8 bytes), align: 2
  Segment part 3.             Intra module refs:   CreateEditColorGUI(MyBOOK *, int)
    -------------------------------------------------------------------------
DATA_C
  Relative segment, address: CODE_AREA 00005A3C - 00005A6B (0x30 bytes), align: 2
  Segment part 4.             Intra module refs:   CoordinatesGuiOnRedraw(DISP_OBJ_COORD *, int, int, int)
    -------------------------------------------------------------------------
DATA_C
  Relative segment, address: CODE_AREA 00005A6C - 00005A7F (0x14 bytes), align: 2
  Segment part 5.             Intra module refs:   Font_GetNameByFontId(int)
    -------------------------------------------------------------------------
DATA_C
  Relative segment, address: CODE_AREA 00005A80 - 00005A97 (0x18 bytes), align: 2
  Segment part 6.             Intra module refs:   OnManualFontSelect(BOOK *, GUI *)
    -------------------------------------------------------------------------
DATA_C
  Relative segment, address: CODE_AREA 00005A98 - 00005AB3 (0x1c bytes), align: 2
  Segment part 7.             Intra module refs:   CreateFontSelectGUI(MyBOOK *, int)
    -------------------------------------------------------------------------
DATA_C
  Relative segment, address: CODE_AREA 00005AB4 - 00005AC7 (0x14 bytes), align: 2
  Segment part 8.             Intra module refs:   FindFiles(wchar_t *, int)
    -------------------------------------------------------------------------
DATA_C
  Relative segment, address: CODE_AREA 00005AC8 - 00005B17 (0x50 bytes), align: 2
  Segment part 9.             Intra module refs:   CreateFileFolderSelect(MyBOOK *, wchar_t *)
    -------------------------------------------------------------------------
DATA_C
  Relative segment, address: CODE_AREA 00005B18 - 00005B27 (0x10 bytes), align: 2
  Segment part 11.            Intra module refs:   EditColorGui_constr(DISP_DESC *)
    -------------------------------------------------------------------------
DATA_C
  Relative segment, address: CODE_AREA 00005B28 - 00005B37 (0x10 bytes), align: 2
  Segment part 15.            Intra module refs:   EditCoordinatesGui_constr(DISP_DESC *)
    -------------------------------------------------------------------------
DATA_C
  Relative segment, address: CODE_AREA 00005B38 - 00005B47 (0x10 bytes), align: 2
  Segment part 16.            Intra module refs:   FontSelectGui_constr(DISP_DESC *)
    -------------------------------------------------------------------------
DATA_C
  Relative segment, address: CODE_AREA 00005B48 - 00005B57 (0x10 bytes), align: 2
  Segment part 17.            Intra module refs:   FontSelectGuiOnCreate(DISP_OBJ_FONT_SEL *)
    -------------------------------------------------------------------------
CODE
  Relative segment, address: CODE_AREA 000048E0 - 0000492B (0x4c bytes), align: 2
  Segment part 110.           Intra module refs:   FindFiles(wchar_t *, int)
                                                   Self_OnBack(BOOK *, GUI *)
                                                   Self_onEnterPressed(BOOK *, GUI *)
                                                   Self_onSelectPressed(BOOK *, GUI *)
           ENTRY                   ADDRESS         REF BY
           =====                   =======         ======
           Free_FLIST()            000048E0        onMyBookClose(BOOK *) (main)
               stack 1 = 00000000 ( 00000010 )
    -------------------------------------------------------------------------
CODE
  Relative segment, address: CODE_AREA 0000492C - 000049EF (0xc4 bytes), align: 2
  Segment part 112.           Intra module refs:   FindFiles(wchar_t *, int)
           ENTRY                   ADDRESS         REF BY
           =====                   =======         ======
           AddToFList(wchar_t const *, wchar_t const *, int)
                                   0000492C 
               stack 1 = 00000000 ( 00000014 )
    -------------------------------------------------------------------------
CODE
  Relative segment, address: CODE_AREA 000049F0 - 00004B5F (0x170 bytes), align: 2
  Segment part 114.           Intra module refs:   CreateFileFolderSelect(MyBOOK *, wchar_t *)
           ENTRY                   ADDRESS         REF BY
           =====                   =======         ======
           FindFiles(wchar_t *, int)
                                   000049F0 
               stack 1 = 00000000 ( 00000050 )
    -------------------------------------------------------------------------
CODE
  Relative segment, address: CODE_AREA 00004B60 - 00004BA3 (0x44 bytes), align: 2
  Segment part 116.           Intra module refs:   FindFLISTtByN(int)
           ENTRY                   ADDRESS         REF BY
           =====                   =======         ======
           FindFLISTtByNS(int *, int)
                                   00004B60 
    -------------------------------------------------------------------------
CODE
  Relative segment, address: CODE_AREA 00004BA4 - 00004BA7 (0x4 bytes), align: 2
  Segment part 117.           Intra module refs:   AddToFList(wchar_t const *, wchar_t const *, int)
                                                   FindFLISTtByNS(int *, int)
                                                   Free_FLIST()
    -------------------------------------------------------------------------
CODE
  Relative segment, address: CODE_AREA 00004BA8 - 00004BFB (0x54 bytes), align: 2
  Segment part 119.           Intra module refs:   OnMessage(GUI_MESSAGE *)
                                                   Self_onEnterPressed(BOOK *, GUI *)
                                                   Self_onSelectPressed(BOOK *, GUI *)
           ENTRY                   ADDRESS         REF BY
           =====                   =======         ======
           FindFLISTtByN(int)      00004BA8 
               stack 1 = 00000000 ( 00000008 )
    -------------------------------------------------------------------------
CODE
  Relative segment, address: CODE_AREA 00004BFC - 00004C43 (0x48 bytes), align: 2
  Segment part 121.           Intra module refs:   CreateFileFolderSelect(MyBOOK *, wchar_t *)
           ENTRY                   ADDRESS         REF BY
           =====                   =======         ======
           OnMessage(GUI_MESSAGE *)
                                   00004BFC 
               stack 1 = 00000000 ( 00000008 )
    -------------------------------------------------------------------------
CODE
  Relative segment, address: CODE_AREA 00004C44 - 00004C67 (0x24 bytes), align: 2
  Segment part 123.           Intra module refs:   CreateFileFolderSelect(MyBOOK *, wchar_t *)
           ENTRY                   ADDRESS         REF BY
           =====                   =======         ======
           Self_OnBack(BOOK *, GUI *)
                                   00004C44 
               stack 1 = 00000000 ( 00000008 )
    -------------------------------------------------------------------------
CODE
  Relative segment, address: CODE_AREA 00004C68 - 00004D23 (0xbc bytes), align: 2
  Segment part 125.           Intra module refs:   CreateFileFolderSelect(MyBOOK *, wchar_t *)
           ENTRY                   ADDRESS         REF BY
           =====                   =======         ======
           Self_onEnterPressed(BOOK *, GUI *)
                                   00004C68 
               stack 1 = 00000000 ( 00000010 )
    -------------------------------------------------------------------------
CODE
  Relative segment, address: CODE_AREA 00004D24 - 00004DA3 (0x80 bytes), align: 2
  Segment part 127.           Intra module refs:   CreateFileFolderSelect(MyBOOK *, wchar_t *)
           ENTRY                   ADDRESS         REF BY
           =====                   =======         ======
           Self_onSelectPressed(BOOK *, GUI *)
                                   00004D24 
               stack 1 = 00000000 ( 0000000C )
    -------------------------------------------------------------------------
CODE
  Relative segment, address: CODE_AREA 00004DA4 - 00004DCB (0x28 bytes), align: 2
  Segment part 129.           Intra module refs:   CreateFileFolderSelect(MyBOOK *, wchar_t *)
           ENTRY                   ADDRESS         REF BY
           =====                   =======         ======
           isdir(wchar_t *)        00004DA4 
               stack 1 = 00000000 ( 0000002C )
    -------------------------------------------------------------------------
CODE
  Relative segment, address: CODE_AREA 00004DCC - 00004F63 (0x198 bytes), align: 2
  Segment part 131.           Intra module refs:   Self_onEnterPressed(BOOK *, GUI *)
           ENTRY                   ADDRESS         REF BY
           =====                   =======         ======
           CreateFileFolderSelect(MyBOOK *, wchar_t *)
                                   00004DCC        UnicodeOnSelFile(BOOK *, GUI *) (main)
                                                   UnicodeOnSelFolder(BOOK *, GUI *) (main)
               stack 1 = 00000000 ( 00000018 )
    -------------------------------------------------------------------------
CODE
  Relative segment, address: CODE_AREA 00004F64 - 00004F67 (0x4 bytes), align: 2
  Segment part 132.           Intra module refs:   CreateFileFolderSelect(MyBOOK *, wchar_t *)
                                                   CreateFontSelectGUI(MyBOOK *, int)
    -------------------------------------------------------------------------
CODE
  Relative segment, address: CODE_AREA 00004F68 - 00004F6B (0x4 bytes), align: 2
  Segment part 133.           Intra module refs:   CreateFileFolderSelect(MyBOOK *, wchar_t *)
                                                   CreateFontSelectGUI(MyBOOK *, int)
    -------------------------------------------------------------------------
DATA_ID
  Relative segment, address: CODE_AREA 00000014 - 00000023 (0x10 bytes), align: 2
  Segment part 13.            Intra module refs:   colors

    *************************************************************************

  FILE NAME : Z:\home\perk11\IAR2\arm\LIB\dl5tpainl8n.r79
  LIBRARY MODULE, NAME : ?errno

  SEGMENTS IN THE MODULE
  ======================
DATA_Z
  Relative segment, address: CODE_AREA 00005BEC - 00005BF3 (0x8 bytes), align: 2
  Segment part 2.             Intra module refs:   _Geterrno
           ENTRY                   ADDRESS         REF BY
           =====                   =======         ======
           _Errno                  00005BF0 
           _Tls_setup__Errno       00005BEC 
    -------------------------------------------------------------------------
CODE
  Relative segment, address: CODE_AREA 00004F6C - 00004F8F (0x24 bytes), align: 2
  Segment part 4.
           ENTRY                   ADDRESS         REF BY
           =====                   =======         ======
           _Geterrno               00004F6C        OnOkCreateSignedNumberGui(BOOK *, wchar_t *, int) (main)
                                                   OnOkCreateUnsignedNumberGui(BOOK *, wchar_t *, int) (main)
                                                   _WStoul (?xwstoul)
                                                   wcstol (?wcstol)
               stack 1 = 00000000 ( 00000008 )

    -------------------------------------------------------------------------
  LIBRARY MODULE, NAME : ?wcstol

  SEGMENTS IN THE MODULE
  ======================
CODE
  Relative segment, address: CODE_AREA 00004F90 - 00005057 (0xc8 bytes), align: 2
  Segment part 3.
           ENTRY                   ADDRESS         REF BY
           =====                   =======         ======
           wcstol                  00004F90        OnOkCreateSignedNumberGui(BOOK *, wchar_t *, int) (main)
               stack 1 = 00000000 ( 00000020 )

    -------------------------------------------------------------------------
  LIBRARY MODULE, NAME : ?wcstoul

  SEGMENTS IN THE MODULE
  ======================
CODE
  Relative segment, address: CODE_AREA 00005058 - 00005067 (0x10 bytes), align: 2
  Segment part 3.
           ENTRY                   ADDRESS         REF BY
           =====                   =======         ======
           wcstoul                 00005058        OnOkCreateUnsignedNumberGui(BOOK *, wchar_t *, int) (main)
               stack 1 = 00000000 ( 00000008 )

    -------------------------------------------------------------------------
  LIBRARY MODULE, NAME : ?wmemchr

  SEGMENTS IN THE MODULE
  ======================
CODE
  Relative segment, address: CODE_AREA 00005068 - 00005093 (0x2c bytes), align: 2
  Segment part 5.
           ENTRY                   ADDRESS         REF BY
           =====                   =======         ======
           _Wmemchr                00005068        _WStoul (?xwstoul)

    -------------------------------------------------------------------------
  LIBRARY MODULE, NAME : ?xwstoul

  SEGMENTS IN THE MODULE
  ======================
DATA_C
  Relative segment, address: CODE_AREA 00005B58 - 00005BC7 (0x70 bytes), align: 2
  Segment part 2.             Intra module refs:   _WStoul
    -------------------------------------------------------------------------
CODE
  Relative segment, address: CODE_AREA 00005094 - 0000524B (0x1b8 bytes), align: 2
  Segment part 4.
           ENTRY                   ADDRESS         REF BY
           =====                   =======         ======
           _WStoul                 00005094        wcstol (?wcstol)
                                                   wcstoul (?wcstoul)
               stack 1 = 00000000 ( 00000030 )

    -------------------------------------------------------------------------
  LIBRARY MODULE, NAME : ?xlocale_c

  SEGMENTS IN THE MODULE
  ======================
CODE
  Relative segment, address: CODE_AREA 0000524C - 0000526F (0x24 bytes), align: 2
  Segment part 39.
           ENTRY                   ADDRESS         REF BY
           =====                   =======         ======
           _LocaleC_towlower       0000524C        _WStoul (?xwstoul)
    -------------------------------------------------------------------------
CODE
  Relative segment, address: CODE_AREA 00005270 - 0000529F (0x30 bytes), align: 2
  Segment part 51.
           ENTRY                   ADDRESS         REF BY
           =====                   =======         ======
           _LocaleC_iswspace       00005270        _WStoul (?xwstoul)
                                                   wcstol (?wcstol)

    -------------------------------------------------------------------------
  LIBRARY MODULE, NAME : ?div_module

  SEGMENTS IN THE MODULE
  ======================
CODE
  Relative segment, address: CODE_AREA 000052A0 - 000052AB (0xc bytes), align: 2
  Segment part 5.
           ENTRY                   ADDRESS         REF BY
           =====                   =======         ======
           ??divu32_a              000052A0        _WStoul (?xwstoul)
    -------------------------------------------------------------------------
CODE
  Relative segment, address: CODE_AREA 000052AC - 000052C3 (0x18 bytes), align: 2
  Segment part 11.
           ENTRY                   ADDRESS         REF BY
           =====                   =======         ======
           ??div32_a               000052AC        ColorGuiOnRedraw(DISP_OBJ_COLOR *, int, int, int) (visual)
                                                   CreateFontSelectGUI(MyBOOK *, int) (visual)
                                                   FontSelectGuiOnCreate(DISP_OBJ_FONT_SEL *) (visual)
    -------------------------------------------------------------------------
CODE
  Relative segment, address: CODE_AREA 000052C4 - 0000539B (0xd8 bytes), align: 2
  Segment part 12.            Intra module refs:   ??div32_a
                                                   ??divu32_a




                ****************************************
                *                                      *
                *      SEGMENTS IN ADDRESS ORDER       *
                *                                      *
                ****************************************


SEGMENT              SPACE    START ADDRESS   END ADDRESS     SIZE  TYPE  ALIGN
=======              =====    =============   ===========     ====  ====  =====
ELFBEGIN             CODE_AREA           00000000                     rel    0
DATA_ID              CODE_AREA      00000000 - 00000023          24   rel    2
START                CODE_AREA           00000024                     dse    0
CODE                 CODE_AREA      00000024 - 0000539B        5378   rel    2
DATA_C               CODE_AREA      0000539C - 00005BC7         82C   rel    2
INITTAB              CODE_AREA      00005BC8 - 00005BDF          18   rel    2
DATA_Z               CODE_AREA      00005BE0 - 00005BF3          14   rel    2
DATA_N               CODE_AREA           00005BF4                     dse    0
CONFIG_C             CODE_AREA           00005BF4                     dse    0
DYN_CONST            CODE_AREA      00005BF4 - 00005CAB          B8   rel    2
DYN_CONST_DESC       CODE_AREA      00005CAC - 00005CAF           4   rel    2
DYN_PAGE             CODE_AREA      00005CB0 - 00005DD7         128   rel    2
DYN_PAGE_DESC        CODE_AREA      00005DD8 - 00005DDB           4   rel    2
DATA_I               DATA_AREA      00000000 - 00000023          24   rel    2

                ****************************************
                *                                      *
                *        END OF CROSS REFERENCE        *
                *                                      *
                ****************************************

 24 028 bytes of CODE memory
     36 bytes of DATA memory

Errors: none
Warnings: none

